ERROR: Could not find a version that satisfies the requirement torch>=2.6.0 (from versions: 2.1.0+cu121, 2.1.1+cu121, 2.1.2+cu121, 2.2.0+cu121, 2.2.1+cu121, 2.2.2+cu121, 2.3.0+cu121, 2.3.1+cu121, 2.4.0+cu121, 2.4.1+cu121, 2.5.0+cu121, 2.5.1+cu121)
ERROR: No matching distribution found for torch>=2.6.0
WARNING: huggingface-hub 1.11.0 does not provide the extra 'cli'
2026-05-04 17:10:18,764 - __main__ - INFO - ================================================================================
2026-05-04 17:10:18,764 - __main__ - INFO - IRC Conversation Disentanglement Training
2026-05-04 17:10:18,764 - __main__ - INFO - ================================================================================
2026-05-04 17:10:18,765 - __main__ - INFO - --- System Diagnostics ---
2026-05-04 17:10:18,765 - __main__ - INFO - OS: Linux 5.14.0-611.24.1.el9_7.x86_64
2026-05-04 17:10:18,765 - __main__ - INFO - Python: 3.10.20
2026-05-04 17:10:18,765 - __main__ - INFO - RAM: 2003.11 GB total, 1876.87 GB available
2026-05-04 17:10:18,782 - __main__ - INFO - GPU 0: NVIDIA A100 80GB PCIe MIG 2g.20gb
2026-05-04 17:10:18,782 - __main__ - INFO -   Total Memory: 19968 MB
2026-05-04 17:10:18,782 - __main__ - INFO -   Compute Capability: 8.0
2026-05-04 17:10:18,782 - __main__ - INFO - --------------------------
2026-05-04 17:10:18,782 - __main__ - INFO - Mode: train
2026-05-04 17:10:18,783 - __main__ - INFO - Device: cuda
2026-05-04 17:10:18,783 - __main__ - INFO - Model: microsoft/deberta-v3-base
2026-05-04 17:10:18,783 - __main__ - INFO - Batch size: 32
2026-05-04 17:10:18,783 - __main__ - INFO - Learning rate: 5e-05
2026-05-04 17:10:18,783 - __main__ - INFO - Epochs: 1
2026-05-04 17:10:18,783 - __main__ - INFO - Max dist: 5
2026-05-04 17:10:18,783 - __main__ - INFO - Max length: 128
2026-05-04 17:10:18,783 - __main__ - INFO - Output dir: /scratch/user/s4901673/ircbert_runs/checkpoints
2026-05-04 17:10:18,783 - __main__ - INFO - Using device: cuda
2026-05-04 17:10:18,783 - __main__ - INFO - Loading tokenizer: microsoft/deberta-v3-base
2026-05-04 17:10:19,053 - httpx - INFO - HTTP Request: HEAD https://huggingface.co/microsoft/deberta-v3-base/resolve/main/config.json "HTTP/1.1 307 Temporary Redirect"
2026-05-04 17:10:19,060 - httpx - INFO - HTTP Request: HEAD https://huggingface.co/api/resolve-cache/models/microsoft/deberta-v3-base/8ccc9b6f36199bec6961081d44eb72fb3f7353f3/config.json "HTTP/1.1 200 OK"
2026-05-04 17:10:19,300 - httpx - INFO - HTTP Request: HEAD https://huggingface.co/microsoft/deberta-v3-base/resolve/main/tokenizer_config.json "HTTP/1.1 307 Temporary Redirect"
2026-05-04 17:10:19,307 - httpx - INFO - HTTP Request: HEAD https://huggingface.co/api/resolve-cache/models/microsoft/deberta-v3-base/8ccc9b6f36199bec6961081d44eb72fb3f7353f3/tokenizer_config.json "HTTP/1.1 200 OK"
2026-05-04 17:10:19,539 - httpx - INFO - HTTP Request: GET https://huggingface.co/api/models/microsoft/deberta-v3-base/tree/main/additional_chat_templates?recursive=false&expand=false "HTTP/1.1 404 Not Found"
2026-05-04 17:10:19,796 - httpx - INFO - HTTP Request: GET https://huggingface.co/api/models/microsoft/deberta-v3-base/tree/main?recursive=true&expand=false "HTTP/1.1 200 OK"
2026-05-04 17:10:20,291 - httpx - INFO - HTTP Request: GET https://huggingface.co/api/models/microsoft/deberta-v3-base "HTTP/1.1 200 OK"
2026-05-04 17:10:20,293 - __main__ - INFO - Tokenizer loaded: DebertaV2Tokenizer
2026-05-04 17:10:20,293 - __main__ - INFO - Creating dataloaders...
2026-05-04 17:10:20,297 - __main__ - INFO - Loading 1 train files...
2026-05-04 17:10:20,297 - data_loader - INFO - Initializing IRCDisentanglementDataset with 1 files
2026-05-04 17:10:20,297 - data_loader - INFO -   max_dist=5, max_length=128, skip_labels=False
2026-05-04 17:10:20,297 - data_loader - INFO -   test_start=0, test_end=500
Loading conversations:   0%|          | 0/1 [00:00<?, ?it/s]2026-05-04 17:10:20,299 - data_loader - INFO - Loading conversation from data/tiny/train/tiny.train.ascii.txt
2026-05-04 17:10:20,303 - data_loader - INFO -   Read 300 lines from ASCII file
2026-05-04 17:10:20,304 - data_loader - INFO -   Parsed 300 messages, found 32 unique users
2026-05-04 17:10:20,318 - data_loader - INFO -   Loaded 212 gold links from annotation file
2026-05-04 17:10:20,318 - data_loader - INFO -   Conversation 'tiny.train' loaded in 0.02s
2026-05-04 17:10:20,318 - data_loader - INFO -   Creating samples for tiny.train: messages 0 to 300 (limited)

  Samples for tiny.train:   0%|          | 0/300 [00:00<?, ?it/s][A
                                                                 [A2026-05-04 17:10:20,326 - data_loader - INFO -   Created 1362 samples for tiny.train
2026-05-04 17:10:20,326 - data_loader - INFO -   File 1/1: tiny.train - 300 messages, 1362 total samples so far
2026-05-04 17:10:20,326 - data_loader - INFO -   Reached test_end limit (500 samples), stopping early
Loading conversations:   0%|          | 0/1 [00:00<?, ?it/s]
2026-05-04 17:10:20,326 - data_loader - INFO - Truncating samples from 1362 to 500 (test_end limit)
2026-05-04 17:10:20,326 - data_loader - INFO - Dataset initialization complete: 500 samples from 1 conversations in 0.03s
2026-05-04 17:10:20,326 - __main__ - INFO -   Train dataset created: 500 samples
2026-05-04 17:10:20,326 - __main__ - INFO - Loading 1 dev files...
2026-05-04 17:10:20,326 - data_loader - INFO - Initializing IRCDisentanglementDataset with 1 files
2026-05-04 17:10:20,326 - data_loader - INFO -   max_dist=5, max_length=128, skip_labels=False
2026-05-04 17:10:20,326 - data_loader - INFO -   test_start=0, test_end=1000000000
Loading conversations:   0%|          | 0/1 [00:00<?, ?it/s]2026-05-04 17:10:20,326 - data_loader - INFO - Loading conversation from data/tiny/dev/tiny.dev.ascii.txt
2026-05-04 17:10:20,327 - data_loader - INFO -   Read 250 lines from ASCII file
2026-05-04 17:10:20,328 - data_loader - INFO -   Parsed 250 messages, found 30 unique users
2026-05-04 17:10:20,338 - data_loader - INFO -   Loaded 188 gold links from annotation file
2026-05-04 17:10:20,338 - data_loader - INFO -   Conversation 'tiny.dev' loaded in 0.01s
2026-05-04 17:10:20,338 - data_loader - INFO -   Creating samples for tiny.dev: all 250 messages

  Samples for tiny.dev:   0%|          | 0/250 [00:00<?, ?it/s][A
                                                               [A2026-05-04 17:10:20,342 - data_loader - INFO -   Created 1052 samples for tiny.dev
2026-05-04 17:10:20,342 - data_loader - INFO -   File 1/1: tiny.dev - 250 messages, 1052 total samples so far
Loading conversations: 100%|██████████| 1/1 [00:00<00:00, 62.94it/s]
2026-05-04 17:10:20,342 - data_loader - INFO - Dataset initialization complete: 1052 samples from 1 conversations in 0.02s
2026-05-04 17:10:20,342 - __main__ - INFO -   Dev dataset created: 1052 samples
2026-05-04 17:10:20,343 - __main__ - INFO -   Train dataset: 500 pairs
2026-05-04 17:10:20,343 - __main__ - INFO -   Dev dataset: 1052 pairs
2026-05-04 17:10:20,343 - __main__ - INFO - Creating model...
2026-05-04 17:10:20,569 - httpx - INFO - HTTP Request: HEAD https://huggingface.co/microsoft/deberta-v3-base/resolve/main/config.json "HTTP/1.1 307 Temporary Redirect"
Warning: You are sending unauthenticated requests to the HF Hub. Please set a HF_TOKEN to enable higher rate limits and faster downloads.
2026-05-04 17:10:20,569 - huggingface_hub.utils._http - WARNING - Warning: You are sending unauthenticated requests to the HF Hub. Please set a HF_TOKEN to enable higher rate limits and faster downloads.
2026-05-04 17:10:20,576 - httpx - INFO - HTTP Request: HEAD https://huggingface.co/api/resolve-cache/models/microsoft/deberta-v3-base/8ccc9b6f36199bec6961081d44eb72fb3f7353f3/config.json "HTTP/1.1 200 OK"
2026-05-04 17:10:23,197 - httpx - INFO - HTTP Request: HEAD https://huggingface.co/microsoft/deberta-v3-base/resolve/main/model.safetensors "HTTP/1.1 404 Not Found"
2026-05-04 17:10:23,199 - __main__ - ERROR - Fatal error during training:
Traceback (most recent call last):
  File "/home/s4901673/workspace/irc-disentanglement-bert-pytorch/src/train.py", line 1023, in <module>
    main()
  File "/home/s4901673/workspace/irc-disentanglement-bert-pytorch/src/train.py", line 836, in main
    model = create_model(
  File "/home/s4901673/workspace/irc-disentanglement-bert-pytorch/src/model.py", line 210, in create_model
    model = CrossEncoderWithFeatures(
  File "/home/s4901673/workspace/irc-disentanglement-bert-pytorch/src/model.py", line 42, in __init__
    self.bert = AutoModel.from_pretrained(model_name)
  File "/home/s4901673/.conda/envs/ircbert/lib/python3.10/site-packages/transformers/models/auto/auto_factory.py", line 394, in from_pretrained
    return model_class.from_pretrained(
  File "/home/s4901673/.conda/envs/ircbert/lib/python3.10/site-packages/transformers/modeling_utils.py", line 4133, in from_pretrained
    config, dtype = _get_dtype(
  File "/home/s4901673/.conda/envs/ircbert/lib/python3.10/site-packages/transformers/modeling_utils.py", line 830, in _get_dtype
    state_dict = load_state_dict(
  File "/home/s4901673/.conda/envs/ircbert/lib/python3.10/site-packages/transformers/modeling_utils.py", line 358, in load_state_dict
    check_torch_load_is_safe()
  File "/home/s4901673/.conda/envs/ircbert/lib/python3.10/site-packages/transformers/utils/import_utils.py", line 1357, in check_torch_load_is_safe
    raise ValueError(
ValueError: Due to a serious vulnerability issue in `torch.load`, even with `weights_only=True`, we now require users to upgrade torch to at least v2.6 in order to use the function. This version restriction does not apply when loading files with safetensors.
See the vulnerability report here https://nvd.nist.gov/vuln/detail/CVE-2025-32434
2026-05-04 17:10:23,428 - httpx - INFO - HTTP Request: GET https://huggingface.co/api/models/microsoft/deberta-v3-base "HTTP/1.1 200 OK"
2026-05-04 17:10:23,673 - httpx - INFO - HTTP Request: GET https://huggingface.co/api/models/microsoft/deberta-v3-base/commits/main "HTTP/1.1 200 OK"
2026-05-04 17:10:23,920 - httpx - INFO - HTTP Request: GET https://huggingface.co/api/models/microsoft/deberta-v3-base/discussions?p=0 "HTTP/1.1 200 OK"
2026-05-04 17:10:24,171 - httpx - INFO - HTTP Request: GET https://huggingface.co/api/models/microsoft/deberta-v3-base/commits/refs%2Fpr%2F14 "HTTP/1.1 200 OK"
2026-05-04 17:10:24,400 - httpx - INFO - HTTP Request: HEAD https://huggingface.co/microsoft/deberta-v3-base/resolve/refs%2Fpr%2F14/model.safetensors.index.json "HTTP/1.1 404 Not Found"
2026-05-04 17:10:24,629 - httpx - INFO - HTTP Request: HEAD https://huggingface.co/microsoft/deberta-v3-base/resolve/refs%2Fpr%2F14/model.safetensors "HTTP/1.1 302 Found"
