WARNING: huggingface-hub 1.13.0 does not provide the extra 'cli'
2026-05-06 22:38:52,925 - __main__ - INFO - ================================================================================
2026-05-06 22:38:52,925 - __main__ - INFO - IRC Conversation Disentanglement Training
2026-05-06 22:38:52,926 - __main__ - INFO - ================================================================================
2026-05-06 22:38:52,926 - __main__ - INFO - --- System Diagnostics ---
2026-05-06 22:38:52,926 - __main__ - INFO - OS: Linux 5.14.0-611.24.1.el9_7.x86_64
2026-05-06 22:38:52,926 - __main__ - INFO - Python: 3.10.20
2026-05-06 22:38:52,926 - __main__ - INFO - RAM: 2003.11 GB total, 1931.96 GB available
2026-05-06 22:38:52,943 - __main__ - INFO - GPU 0: NVIDIA A100 80GB PCIe MIG 2g.20gb
2026-05-06 22:38:52,944 - __main__ - INFO -   Total Memory: 19968 MB
2026-05-06 22:38:52,944 - __main__ - INFO -   Compute Capability: 8.0
2026-05-06 22:38:52,944 - __main__ - INFO - --------------------------
2026-05-06 22:38:52,944 - __main__ - INFO - Mode: train
2026-05-06 22:38:52,944 - __main__ - INFO - Device: cuda
2026-05-06 22:38:52,944 - __main__ - INFO - Model: microsoft/deberta-v3-base
2026-05-06 22:38:52,944 - __main__ - INFO - Batch size: 32
2026-05-06 22:38:52,944 - __main__ - INFO - Learning rate: 5e-05
2026-05-06 22:38:52,944 - __main__ - INFO - Epochs: 1
2026-05-06 22:38:52,944 - __main__ - INFO - Max dist: 20
2026-05-06 22:38:52,944 - __main__ - INFO - Max length: 128
2026-05-06 22:38:52,944 - __main__ - INFO - Output dir: /scratch/user/s4901673/ircbert_runs/checkpoints
2026-05-06 22:38:52,944 - __main__ - INFO - Using device: cuda
2026-05-06 22:38:52,944 - __main__ - INFO - Loading tokenizer: microsoft/deberta-v3-base
2026-05-06 22:38:53,237 - httpx - INFO - HTTP Request: HEAD https://huggingface.co/microsoft/deberta-v3-base/resolve/main/config.json "HTTP/1.1 307 Temporary Redirect"
2026-05-06 22:38:53,243 - httpx - INFO - HTTP Request: HEAD https://huggingface.co/api/resolve-cache/models/microsoft/deberta-v3-base/8ccc9b6f36199bec6961081d44eb72fb3f7353f3/config.json "HTTP/1.1 200 OK"
2026-05-06 22:38:53,493 - httpx - INFO - HTTP Request: HEAD https://huggingface.co/microsoft/deberta-v3-base/resolve/main/tokenizer_config.json "HTTP/1.1 307 Temporary Redirect"
Warning: You are sending unauthenticated requests to the HF Hub. Please set a HF_TOKEN to enable higher rate limits and faster downloads.
2026-05-06 22:38:53,493 - huggingface_hub.utils._http - WARNING - Warning: You are sending unauthenticated requests to the HF Hub. Please set a HF_TOKEN to enable higher rate limits and faster downloads.
2026-05-06 22:38:53,499 - httpx - INFO - HTTP Request: HEAD https://huggingface.co/api/resolve-cache/models/microsoft/deberta-v3-base/8ccc9b6f36199bec6961081d44eb72fb3f7353f3/tokenizer_config.json "HTTP/1.1 200 OK"
2026-05-06 22:38:53,736 - httpx - INFO - HTTP Request: GET https://huggingface.co/api/models/microsoft/deberta-v3-base/tree/main/additional_chat_templates?recursive=false&expand=false "HTTP/1.1 404 Not Found"
2026-05-06 22:38:53,960 - httpx - INFO - HTTP Request: GET https://huggingface.co/api/models/microsoft/deberta-v3-base/tree/main?recursive=true&expand=false "HTTP/1.1 200 OK"
2026-05-06 22:38:54,475 - httpx - INFO - HTTP Request: GET https://huggingface.co/api/models/microsoft/deberta-v3-base "HTTP/1.1 200 OK"
2026-05-06 22:38:54,477 - __main__ - INFO - Tokenizer loaded: DebertaV2Tokenizer
2026-05-06 22:38:54,477 - __main__ - INFO - Creating dataloaders...
2026-05-06 22:38:54,481 - __main__ - INFO - Loading 1 train files...
2026-05-06 22:38:54,481 - data_loader - INFO - Initializing IRCDisentanglementDataset with 1 files
2026-05-06 22:38:54,481 - data_loader - INFO -   max_dist=20, max_length=128, skip_labels=False
2026-05-06 22:38:54,481 - data_loader - INFO -   test_start=0, test_end=500
2026-05-06 22:38:54,481 - data_loader - INFO - Loading conversation from data/tiny/train/tiny.train.ascii.txt
2026-05-06 22:38:54,483 - data_loader - INFO -   Read 300 lines from ASCII file
2026-05-06 22:38:54,487 - data_loader - INFO -   Parsed 300 messages, found 32 unique users
2026-05-06 22:38:54,503 - data_loader - INFO -   Loaded 212 gold links from annotation file
2026-05-06 22:38:54,504 - data_loader - INFO -   Conversation 'tiny.train' loaded in 0.02s
2026-05-06 22:38:54,504 - data_loader - INFO -   Creating samples for tiny.train: messages 0 to 300 (limited)
2026-05-06 22:38:54,511 - data_loader - INFO -   Created 61 samples for tiny.train
2026-05-06 22:38:54,511 - data_loader - INFO -   File 1/1: tiny.train - 300 messages, 61 total samples so far
2026-05-06 22:38:54,511 - data_loader - INFO - Dataset initialization complete: 61 samples from 1 conversations in 0.03s
2026-05-06 22:38:54,511 - __main__ - INFO -   Train dataset created: 61 samples
2026-05-06 22:38:54,511 - __main__ - INFO - Loading 1 dev files...
2026-05-06 22:38:54,511 - data_loader - INFO - Initializing IRCDisentanglementDataset with 1 files
2026-05-06 22:38:54,511 - data_loader - INFO -   max_dist=20, max_length=128, skip_labels=False
2026-05-06 22:38:54,511 - data_loader - INFO -   test_start=0, test_end=1000000000
2026-05-06 22:38:54,511 - data_loader - INFO - Loading conversation from data/tiny/dev/tiny.dev.ascii.txt
2026-05-06 22:38:54,512 - data_loader - INFO -   Read 250 lines from ASCII file
2026-05-06 22:38:54,513 - data_loader - INFO -   Parsed 250 messages, found 30 unique users
2026-05-06 22:38:54,525 - data_loader - INFO -   Loaded 188 gold links from annotation file
2026-05-06 22:38:54,525 - data_loader - INFO -   Conversation 'tiny.dev' loaded in 0.01s
2026-05-06 22:38:54,526 - data_loader - INFO -   Creating samples for tiny.dev: all 250 messages
2026-05-06 22:38:54,531 - data_loader - INFO -   Created 65 samples for tiny.dev
2026-05-06 22:38:54,531 - data_loader - INFO -   File 1/1: tiny.dev - 250 messages, 65 total samples so far
2026-05-06 22:38:54,531 - data_loader - INFO - Dataset initialization complete: 65 samples from 1 conversations in 0.02s
2026-05-06 22:38:54,531 - __main__ - INFO -   Dev dataset created: 65 samples
2026-05-06 22:38:54,531 - __main__ - INFO -   Train dataset: 61 samples
2026-05-06 22:38:54,531 - __main__ - INFO -   Dev dataset: 65 samples
2026-05-06 22:38:54,531 - __main__ - INFO - Creating model...
2026-05-06 22:38:54,757 - httpx - INFO - HTTP Request: HEAD https://huggingface.co/microsoft/deberta-v3-base/resolve/main/config.json "HTTP/1.1 307 Temporary Redirect"
2026-05-06 22:38:54,763 - httpx - INFO - HTTP Request: HEAD https://huggingface.co/api/resolve-cache/models/microsoft/deberta-v3-base/8ccc9b6f36199bec6961081d44eb72fb3f7353f3/config.json "HTTP/1.1 200 OK"
2026-05-06 22:38:58,115 - httpx - INFO - HTTP Request: HEAD https://huggingface.co/microsoft/deberta-v3-base/resolve/main/model.safetensors "HTTP/1.1 404 Not Found"
2026-05-06 22:38:58,118 - __main__ - ERROR - Fatal error during training:
Traceback (most recent call last):
  File "/home/s4901673/workspace/irc-disentanglement-bert-pytorch/src/train.py", line 1003, in <module>
    main()
  File "/home/s4901673/workspace/irc-disentanglement-bert-pytorch/src/train.py", line 837, in main
    model = create_model(
  File "/home/s4901673/workspace/irc-disentanglement-bert-pytorch/src/model.py", line 220, in create_model
    model = CrossEncoderWithFeatures(
  File "/home/s4901673/workspace/irc-disentanglement-bert-pytorch/src/model.py", line 45, in __init__
    self.bert = AutoModel.from_pretrained(model_name)
  File "/scratch/user/s4901673/conda-envs/ircbert/lib/python3.10/site-packages/transformers/models/auto/auto_factory.py", line 405, in from_pretrained
    return model_class.from_pretrained(
  File "/scratch/user/s4901673/conda-envs/ircbert/lib/python3.10/site-packages/transformers/modeling_utils.py", line 4168, in from_pretrained
    config, dtype = _get_dtype(
  File "/scratch/user/s4901673/conda-envs/ircbert/lib/python3.10/site-packages/transformers/modeling_utils.py", line 848, in _get_dtype
    state_dict = load_state_dict(
  File "/scratch/user/s4901673/conda-envs/ircbert/lib/python3.10/site-packages/transformers/modeling_utils.py", line 374, in load_state_dict
    check_torch_load_is_safe()
  File "/scratch/user/s4901673/conda-envs/ircbert/lib/python3.10/site-packages/transformers/utils/import_utils.py", line 1371, in check_torch_load_is_safe
    raise ValueError(
ValueError: Due to a serious vulnerability issue in `torch.load`, even with `weights_only=True`, we now require users to upgrade torch to at least v2.6 in order to use the function. This version restriction does not apply when loading files with safetensors.
See the vulnerability report here https://nvd.nist.gov/vuln/detail/CVE-2025-32434
2026-05-06 22:38:58,345 - httpx - INFO - HTTP Request: GET https://huggingface.co/api/models/microsoft/deberta-v3-base "HTTP/1.1 200 OK"
2026-05-06 22:38:58,587 - httpx - INFO - HTTP Request: GET https://huggingface.co/api/models/microsoft/deberta-v3-base/commits/main "HTTP/1.1 200 OK"
2026-05-06 22:38:58,836 - httpx - INFO - HTTP Request: GET https://huggingface.co/api/models/microsoft/deberta-v3-base/discussions?p=0 "HTTP/1.1 200 OK"
2026-05-06 22:38:59,083 - httpx - INFO - HTTP Request: GET https://huggingface.co/api/models/microsoft/deberta-v3-base/commits/refs%2Fpr%2F14 "HTTP/1.1 200 OK"
2026-05-06 22:38:59,317 - httpx - INFO - HTTP Request: HEAD https://huggingface.co/microsoft/deberta-v3-base/resolve/refs%2Fpr%2F14/model.safetensors.index.json "HTTP/1.1 404 Not Found"
2026-05-06 22:38:59,547 - httpx - INFO - HTTP Request: HEAD https://huggingface.co/microsoft/deberta-v3-base/resolve/refs%2Fpr%2F14/model.safetensors "HTTP/1.1 302 Found"
