Creating conda environment 'ircbert'...
Retrieving notices: ...working... done
Collecting package metadata (current_repodata.json): ...working... done
Solving environment: ...working... done

## Package Plan ##

  environment location: /scratch/user/s4901673/conda-envs/ircbert

  added / updated specs:
    - python=3.10


The following packages will be downloaded:

    package                    |            build
    ---------------------------|-----------------
    _libgcc_mutex-0.1          |             main           3 KB
    _openmp_mutex-5.1          |            1_gnu          21 KB
    bzip2-1.0.8                |       h5eee18b_6         262 KB
    ca-certificates-2026.3.19  |       h06a4308_0         126 KB
    ld_impl_linux-64-2.44      |       h9e0c5a2_3         725 KB
    libexpat-2.8.0             |       h7354ed3_0         123 KB
    libffi-3.4.8               |       hc5d346e_2         136 KB
    libgcc-15.2.0              |       h69a1729_7         806 KB
    libgcc-ng-15.2.0           |       h166f726_7          28 KB
    libgomp-15.2.0             |       h4751f2c_7         436 KB
    libnsl-2.0.0               |       h5eee18b_0          31 KB
    libstdcxx-15.2.0           |       h39759b7_7         3.7 MB
    libuuid-1.41.5             |       h5eee18b_0          27 KB
    libxcb-1.17.0              |       h9b100fa_0         430 KB
    libzlib-1.3.1              |       h47b2149_1          59 KB
    ncurses-6.5                |       h7934f7d_0         1.1 MB
    openssl-3.5.6              |       h1b28b03_0         5.6 MB
    packaging-26.0             |  py310h06a4308_0         165 KB
    pip-26.0.1                 |     pyhc872135_1         1.1 MB
    pthread-stubs-0.3          |       h0ce48e5_1           5 KB
    python-3.10.20             |       h741d88c_0        24.1 MB
    readline-8.3               |       hc2a1206_0         471 KB
    setuptools-82.0.1          |  py310h06a4308_0         1.2 MB
    sqlite-3.51.2              |       h3e8d24a_0         1.2 MB
    tk-8.6.15                  |       h54e0aa7_0         3.4 MB
    tzdata-2026a               |       he532380_0         117 KB
    wheel-0.46.3               |  py310h06a4308_0          54 KB
    xorg-libx11-1.8.12         |       h9b100fa_1         895 KB
    xorg-libxau-1.0.12         |       h9b100fa_0          13 KB
    xorg-libxdmcp-1.1.5        |       h9b100fa_0          19 KB
    xorg-xorgproto-2024.1      |       h5eee18b_1         580 KB
    xz-5.8.2                   |       h448239c_0         621 KB
    zlib-1.3.1                 |       h47b2149_1          89 KB
    ------------------------------------------------------------
                                           Total:        47.6 MB

The following NEW packages will be INSTALLED:

  _libgcc_mutex      pkgs/main/linux-64::_libgcc_mutex-0.1-main 
  _openmp_mutex      pkgs/main/linux-64::_openmp_mutex-5.1-1_gnu 
  bzip2              pkgs/main/linux-64::bzip2-1.0.8-h5eee18b_6 
  ca-certificates    pkgs/main/linux-64::ca-certificates-2026.3.19-h06a4308_0 
  ld_impl_linux-64   pkgs/main/linux-64::ld_impl_linux-64-2.44-h9e0c5a2_3 
  libexpat           pkgs/main/linux-64::libexpat-2.8.0-h7354ed3_0 
  libffi             pkgs/main/linux-64::libffi-3.4.8-hc5d346e_2 
  libgcc             pkgs/main/linux-64::libgcc-15.2.0-h69a1729_7 
  libgcc-ng          pkgs/main/linux-64::libgcc-ng-15.2.0-h166f726_7 
  libgomp            pkgs/main/linux-64::libgomp-15.2.0-h4751f2c_7 
  libnsl             pkgs/main/linux-64::libnsl-2.0.0-h5eee18b_0 
  libstdcxx          pkgs/main/linux-64::libstdcxx-15.2.0-h39759b7_7 
  libuuid            pkgs/main/linux-64::libuuid-1.41.5-h5eee18b_0 
  libxcb             pkgs/main/linux-64::libxcb-1.17.0-h9b100fa_0 
  libzlib            pkgs/main/linux-64::libzlib-1.3.1-h47b2149_1 
  ncurses            pkgs/main/linux-64::ncurses-6.5-h7934f7d_0 
  openssl            pkgs/main/linux-64::openssl-3.5.6-h1b28b03_0 
  packaging          pkgs/main/linux-64::packaging-26.0-py310h06a4308_0 
  pip                pkgs/main/noarch::pip-26.0.1-pyhc872135_1 
  pthread-stubs      pkgs/main/linux-64::pthread-stubs-0.3-h0ce48e5_1 
  python             pkgs/main/linux-64::python-3.10.20-h741d88c_0 
  readline           pkgs/main/linux-64::readline-8.3-hc2a1206_0 
  setuptools         pkgs/main/linux-64::setuptools-82.0.1-py310h06a4308_0 
  sqlite             pkgs/main/linux-64::sqlite-3.51.2-h3e8d24a_0 
  tk                 pkgs/main/linux-64::tk-8.6.15-h54e0aa7_0 
  tzdata             pkgs/main/noarch::tzdata-2026a-he532380_0 
  wheel              pkgs/main/linux-64::wheel-0.46.3-py310h06a4308_0 
  xorg-libx11        pkgs/main/linux-64::xorg-libx11-1.8.12-h9b100fa_1 
  xorg-libxau        pkgs/main/linux-64::xorg-libxau-1.0.12-h9b100fa_0 
  xorg-libxdmcp      pkgs/main/linux-64::xorg-libxdmcp-1.1.5-h9b100fa_0 
  xorg-xorgproto     pkgs/main/linux-64::xorg-xorgproto-2024.1-h5eee18b_1 
  xz                 pkgs/main/linux-64::xz-5.8.2-h448239c_0 
  zlib               pkgs/main/linux-64::zlib-1.3.1-h47b2149_1 



Downloading and Extracting Packages: ...working... done
Preparing transaction: ...working... done
Verifying transaction: ...working... done
Executing transaction: ...working... done
#
# To activate this environment, use
#
#     $ conda activate ircbert
#
# To deactivate an active environment, use
#
#     $ conda deactivate

Loading CUDA module...
  (CUDA module already loaded or unavailable — continuing)
Installing PyTorch with CUDA 12.1...
Looking in indexes: https://download.pytorch.org/whl/cu121
Collecting torch
  Downloading https://download-r2.pytorch.org/whl/cu121/torch-2.5.1%2Bcu121-cp310-cp310-linux_x86_64.whl (780.4 MB)
     ━━━━━━━━━━━━━━━━━━━━━━━━━━━━━━━━━━━━━━━━ 780.4/780.4 MB 236.0 MB/s  0:00:03
Collecting filelock (from torch)
  Downloading filelock-3.25.2-py3-none-any.whl.metadata (2.0 kB)
Collecting typing-extensions>=4.8.0 (from torch)
  Downloading https://download.pytorch.org/whl/typing_extensions-4.15.0-py3-none-any.whl.metadata (3.3 kB)
Collecting networkx (from torch)
  Downloading networkx-3.4.2-py3-none-any.whl.metadata (6.3 kB)
Collecting jinja2 (from torch)
  Downloading https://download.pytorch.org/whl/jinja2-3.1.6-py3-none-any.whl.metadata (2.9 kB)
Collecting fsspec (from torch)
  Downloading fsspec-2026.2.0-py3-none-any.whl.metadata (10 kB)
Collecting nvidia-cuda-nvrtc-cu12==12.1.105 (from torch)
  Downloading https://download.pytorch.org/whl/cu121/nvidia_cuda_nvrtc_cu12-12.1.105-py3-none-manylinux1_x86_64.whl (23.7 MB)
     ━━━━━━━━━━━━━━━━━━━━━━━━━━━━━━━━━━━━━━━━ 23.7/23.7 MB 281.0 MB/s  0:00:00
Collecting nvidia-cuda-runtime-cu12==12.1.105 (from torch)
  Downloading https://download.pytorch.org/whl/cu121/nvidia_cuda_runtime_cu12-12.1.105-py3-none-manylinux1_x86_64.whl (823 kB)
     ━━━━━━━━━━━━━━━━━━━━━━━━━━━━━━━━━━━━━━━━ 823.6/823.6 kB 305.4 MB/s  0:00:00
Collecting nvidia-cuda-cupti-cu12==12.1.105 (from torch)
  Downloading https://download.pytorch.org/whl/cu121/nvidia_cuda_cupti_cu12-12.1.105-py3-none-manylinux1_x86_64.whl (14.1 MB)
     ━━━━━━━━━━━━━━━━━━━━━━━━━━━━━━━━━━━━━━━━ 14.1/14.1 MB 291.6 MB/s  0:00:00
Collecting nvidia-cudnn-cu12==9.1.0.70 (from torch)
  Downloading https://download.pytorch.org/whl/cu121/nvidia_cudnn_cu12-9.1.0.70-py3-none-manylinux2014_x86_64.whl (664.8 MB)
     ━━━━━━━━━━━━━━━━━━━━━━━━━━━━━━━━━━━━━━━━ 664.8/664.8 MB 359.5 MB/s  0:00:02
Collecting nvidia-cublas-cu12==12.1.3.1 (from torch)
  Downloading https://download.pytorch.org/whl/cu121/nvidia_cublas_cu12-12.1.3.1-py3-none-manylinux1_x86_64.whl (410.6 MB)
     ━━━━━━━━━━━━━━━━━━━━━━━━━━━━━━━━━━━━━━━━ 410.6/410.6 MB 343.1 MB/s  0:00:01
Collecting nvidia-cufft-cu12==11.0.2.54 (from torch)
  Downloading https://download.pytorch.org/whl/cu121/nvidia_cufft_cu12-11.0.2.54-py3-none-manylinux1_x86_64.whl (121.6 MB)
     ━━━━━━━━━━━━━━━━━━━━━━━━━━━━━━━━━━━━━━━━ 121.6/121.6 MB 343.1 MB/s  0:00:00
Collecting nvidia-curand-cu12==10.3.2.106 (from torch)
  Downloading https://download.pytorch.org/whl/cu121/nvidia_curand_cu12-10.3.2.106-py3-none-manylinux1_x86_64.whl (56.5 MB)
     ━━━━━━━━━━━━━━━━━━━━━━━━━━━━━━━━━━━━━━━━ 56.5/56.5 MB 338.3 MB/s  0:00:00
Collecting nvidia-cusolver-cu12==11.4.5.107 (from torch)
  Downloading https://download.pytorch.org/whl/cu121/nvidia_cusolver_cu12-11.4.5.107-py3-none-manylinux1_x86_64.whl (124.2 MB)
     ━━━━━━━━━━━━━━━━━━━━━━━━━━━━━━━━━━━━━━━━ 124.2/124.2 MB 340.8 MB/s  0:00:00
Collecting nvidia-cusparse-cu12==12.1.0.106 (from torch)
  Downloading https://download.pytorch.org/whl/cu121/nvidia_cusparse_cu12-12.1.0.106-py3-none-manylinux1_x86_64.whl (196.0 MB)
     ━━━━━━━━━━━━━━━━━━━━━━━━━━━━━━━━━━━━━━━━ 196.0/196.0 MB 348.3 MB/s  0:00:00
Collecting nvidia-nccl-cu12==2.21.5 (from torch)
  Downloading https://download.pytorch.org/whl/nvidia_nccl_cu12-2.21.5-py3-none-manylinux2014_x86_64.whl (188.7 MB)
     ━━━━━━━━━━━━━━━━━━━━━━━━━━━━━━━━━━━━━━━━ 188.7/188.7 MB 330.7 MB/s  0:00:00
Collecting nvidia-nvtx-cu12==12.1.105 (from torch)
  Downloading https://download.pytorch.org/whl/cu121/nvidia_nvtx_cu12-12.1.105-py3-none-manylinux1_x86_64.whl (99 kB)
Collecting triton==3.1.0 (from torch)
  Downloading https://download-r2.pytorch.org/whl/triton-3.1.0-cp310-cp310-manylinux_2_17_x86_64.manylinux2014_x86_64.whl (209.5 MB)
     ━━━━━━━━━━━━━━━━━━━━━━━━━━━━━━━━━━━━━━━━ 209.5/209.5 MB 243.0 MB/s  0:00:00
Collecting sympy==1.13.1 (from torch)
  Downloading sympy-1.13.1-py3-none-any.whl.metadata (12 kB)
Collecting nvidia-nvjitlink-cu12 (from nvidia-cusolver-cu12==11.4.5.107->torch)
  Downloading https://download.pytorch.org/whl/nvidia_nvjitlink_cu12-12.9.86-py3-none-manylinux2010_x86_64.manylinux_2_12_x86_64.whl.metadata (1.7 kB)
Collecting mpmath<1.4,>=1.1.0 (from sympy==1.13.1->torch)
  Downloading mpmath-1.3.0-py3-none-any.whl.metadata (8.6 kB)
Collecting MarkupSafe>=2.0 (from jinja2->torch)
  Downloading https://download.pytorch.org/whl/markupsafe-3.0.3-cp310-cp310-manylinux2014_x86_64.manylinux_2_17_x86_64.manylinux_2_28_x86_64.whl.metadata (2.7 kB)
Downloading sympy-1.13.1-py3-none-any.whl (6.2 MB)
   ━━━━━━━━━━━━━━━━━━━━━━━━━━━━━━━━━━━━━━━━ 6.2/6.2 MB 171.4 MB/s  0:00:00
Downloading mpmath-1.3.0-py3-none-any.whl (536 kB)
   ━━━━━━━━━━━━━━━━━━━━━━━━━━━━━━━━━━━━━━━━ 536.2/536.2 kB 322.3 MB/s  0:00:00
Downloading https://download.pytorch.org/whl/typing_extensions-4.15.0-py3-none-any.whl (44 kB)
Downloading filelock-3.25.2-py3-none-any.whl (26 kB)
Downloading fsspec-2026.2.0-py3-none-any.whl (202 kB)
Downloading https://download.pytorch.org/whl/jinja2-3.1.6-py3-none-any.whl (134 kB)
Downloading https://download.pytorch.org/whl/markupsafe-3.0.3-cp310-cp310-manylinux2014_x86_64.manylinux_2_17_x86_64.manylinux_2_28_x86_64.whl (20 kB)
Downloading networkx-3.4.2-py3-none-any.whl (1.7 MB)
   ━━━━━━━━━━━━━━━━━━━━━━━━━━━━━━━━━━━━━━━━ 1.7/1.7 MB 256.7 MB/s  0:00:00
Downloading https://download.pytorch.org/whl/nvidia_nvjitlink_cu12-12.9.86-py3-none-manylinux2010_x86_64.manylinux_2_12_x86_64.whl (39.7 MB)
   ━━━━━━━━━━━━━━━━━━━━━━━━━━━━━━━━━━━━━━━━ 39.7/39.7 MB 259.4 MB/s  0:00:00
Installing collected packages: mpmath, typing-extensions, sympy, nvidia-nvtx-cu12, nvidia-nvjitlink-cu12, nvidia-nccl-cu12, nvidia-curand-cu12, nvidia-cufft-cu12, nvidia-cuda-runtime-cu12, nvidia-cuda-nvrtc-cu12, nvidia-cuda-cupti-cu12, nvidia-cublas-cu12, networkx, MarkupSafe, fsspec, filelock, triton, nvidia-cusparse-cu12, nvidia-cudnn-cu12, jinja2, nvidia-cusolver-cu12, torch

Successfully installed MarkupSafe-3.0.3 filelock-3.25.2 fsspec-2026.2.0 jinja2-3.1.6 mpmath-1.3.0 networkx-3.4.2 nvidia-cublas-cu12-12.1.3.1 nvidia-cuda-cupti-cu12-12.1.105 nvidia-cuda-nvrtc-cu12-12.1.105 nvidia-cuda-runtime-cu12-12.1.105 nvidia-cudnn-cu12-9.1.0.70 nvidia-cufft-cu12-11.0.2.54 nvidia-curand-cu12-10.3.2.106 nvidia-cusolver-cu12-11.4.5.107 nvidia-cusparse-cu12-12.1.0.106 nvidia-nccl-cu12-2.21.5 nvidia-nvjitlink-cu12-12.9.86 nvidia-nvtx-cu12-12.1.105 sympy-1.13.1 torch-2.5.1+cu121 triton-3.1.0 typing-extensions-4.15.0
Installing other dependencies...
Collecting transformers
  Downloading transformers-5.8.0-py3-none-any.whl.metadata (33 kB)
Collecting datasets
  Downloading datasets-4.8.5-py3-none-any.whl.metadata (19 kB)
Collecting sentence-transformers
  Downloading sentence_transformers-5.4.1-py3-none-any.whl.metadata (17 kB)
Collecting accelerate
  Downloading accelerate-1.13.0-py3-none-any.whl.metadata (19 kB)
Collecting huggingface-hub<2.0,>=1.5.0 (from transformers)
  Downloading huggingface_hub-1.13.0-py3-none-any.whl.metadata (14 kB)
Collecting numpy>=1.17 (from transformers)
  Downloading numpy-2.2.6-cp310-cp310-manylinux_2_17_x86_64.manylinux2014_x86_64.whl.metadata (62 kB)
Requirement already satisfied: packaging>=20.0 in /scratch/user/s4901673/conda-envs/ircbert/lib/python3.10/site-packages (from transformers) (26.0)
Collecting pyyaml>=5.1 (from transformers)
  Downloading pyyaml-6.0.3-cp310-cp310-manylinux2014_x86_64.manylinux_2_17_x86_64.manylinux_2_28_x86_64.whl.metadata (2.4 kB)
Collecting regex>=2025.10.22 (from transformers)
  Downloading regex-2026.4.4-cp310-cp310-manylinux2014_x86_64.manylinux_2_17_x86_64.manylinux_2_28_x86_64.whl.metadata (40 kB)
Collecting tokenizers<=0.23.0,>=0.22.0 (from transformers)
  Downloading tokenizers-0.22.2-cp39-abi3-manylinux_2_17_x86_64.manylinux2014_x86_64.whl.metadata (7.3 kB)
Collecting typer (from transformers)
  Downloading typer-0.25.1-py3-none-any.whl.metadata (15 kB)
Collecting safetensors>=0.4.3 (from transformers)
  Downloading safetensors-0.7.0-cp38-abi3-manylinux_2_17_x86_64.manylinux2014_x86_64.whl.metadata (4.1 kB)
Collecting tqdm>=4.27 (from transformers)
  Downloading tqdm-4.67.3-py3-none-any.whl.metadata (57 kB)
Requirement already satisfied: filelock>=3.10.0 in /scratch/user/s4901673/conda-envs/ircbert/lib/python3.10/site-packages (from huggingface-hub<2.0,>=1.5.0->transformers) (3.25.2)
Requirement already satisfied: fsspec>=2023.5.0 in /scratch/user/s4901673/conda-envs/ircbert/lib/python3.10/site-packages (from huggingface-hub<2.0,>=1.5.0->transformers) (2026.2.0)
Collecting hf-xet<2.0.0,>=1.4.3 (from huggingface-hub<2.0,>=1.5.0->transformers)
  Downloading hf_xet-1.5.0-cp37-abi3-manylinux2014_x86_64.manylinux_2_17_x86_64.whl.metadata (4.9 kB)
Collecting httpx<1,>=0.23.0 (from huggingface-hub<2.0,>=1.5.0->transformers)
  Downloading httpx-0.28.1-py3-none-any.whl.metadata (7.1 kB)
Requirement already satisfied: typing-extensions>=4.1.0 in /scratch/user/s4901673/conda-envs/ircbert/lib/python3.10/site-packages (from huggingface-hub<2.0,>=1.5.0->transformers) (4.15.0)
Collecting anyio (from httpx<1,>=0.23.0->huggingface-hub<2.0,>=1.5.0->transformers)
  Downloading anyio-4.13.0-py3-none-any.whl.metadata (4.5 kB)
Collecting certifi (from httpx<1,>=0.23.0->huggingface-hub<2.0,>=1.5.0->transformers)
  Downloading certifi-2026.4.22-py3-none-any.whl.metadata (2.5 kB)
Collecting httpcore==1.* (from httpx<1,>=0.23.0->huggingface-hub<2.0,>=1.5.0->transformers)
  Downloading httpcore-1.0.9-py3-none-any.whl.metadata (21 kB)
Collecting idna (from httpx<1,>=0.23.0->huggingface-hub<2.0,>=1.5.0->transformers)
  Downloading idna-3.13-py3-none-any.whl.metadata (8.0 kB)
Collecting h11>=0.16 (from httpcore==1.*->httpx<1,>=0.23.0->huggingface-hub<2.0,>=1.5.0->transformers)
  Downloading h11-0.16.0-py3-none-any.whl.metadata (8.3 kB)
Collecting pyarrow>=21.0.0 (from datasets)
  Downloading pyarrow-24.0.0-cp310-cp310-manylinux_2_28_x86_64.whl.metadata (3.0 kB)
Collecting dill<0.4.2,>=0.3.0 (from datasets)
  Downloading dill-0.4.1-py3-none-any.whl.metadata (10 kB)
Collecting pandas (from datasets)
  Downloading pandas-2.3.3-cp310-cp310-manylinux_2_24_x86_64.manylinux_2_28_x86_64.whl.metadata (91 kB)
Collecting requests>=2.32.2 (from datasets)
  Downloading requests-2.33.1-py3-none-any.whl.metadata (4.8 kB)
Collecting xxhash (from datasets)
  Downloading xxhash-3.7.0-cp310-cp310-manylinux2014_x86_64.manylinux_2_17_x86_64.manylinux_2_28_x86_64.whl.metadata (13 kB)
Collecting multiprocess<0.70.20 (from datasets)
  Downloading multiprocess-0.70.19-py310-none-any.whl.metadata (7.5 kB)
Collecting aiohttp!=4.0.0a0,!=4.0.0a1 (from fsspec[http]<=2026.2.0,>=2023.1.0->datasets)
  Downloading aiohttp-3.13.5-cp310-cp310-manylinux2014_x86_64.manylinux_2_17_x86_64.manylinux_2_28_x86_64.whl.metadata (8.1 kB)
Requirement already satisfied: torch>=1.11.0 in /scratch/user/s4901673/conda-envs/ircbert/lib/python3.10/site-packages (from sentence-transformers) (2.5.1+cu121)
Collecting scikit-learn>=0.22.0 (from sentence-transformers)
  Downloading scikit_learn-1.7.2-cp310-cp310-manylinux2014_x86_64.manylinux_2_17_x86_64.whl.metadata (11 kB)
Collecting scipy>=1.0.0 (from sentence-transformers)
  Downloading scipy-1.15.3-cp310-cp310-manylinux_2_17_x86_64.manylinux2014_x86_64.whl.metadata (61 kB)
Collecting psutil (from accelerate)
  Downloading psutil-7.2.2-cp36-abi3-manylinux2010_x86_64.manylinux_2_12_x86_64.manylinux_2_28_x86_64.whl.metadata (22 kB)
Collecting aiohappyeyeballs>=2.5.0 (from aiohttp!=4.0.0a0,!=4.0.0a1->fsspec[http]<=2026.2.0,>=2023.1.0->datasets)
  Downloading aiohappyeyeballs-2.6.1-py3-none-any.whl.metadata (5.9 kB)
Collecting aiosignal>=1.4.0 (from aiohttp!=4.0.0a0,!=4.0.0a1->fsspec[http]<=2026.2.0,>=2023.1.0->datasets)
  Downloading aiosignal-1.4.0-py3-none-any.whl.metadata (3.7 kB)
Collecting async-timeout<6.0,>=4.0 (from aiohttp!=4.0.0a0,!=4.0.0a1->fsspec[http]<=2026.2.0,>=2023.1.0->datasets)
  Downloading async_timeout-5.0.1-py3-none-any.whl.metadata (5.1 kB)
Collecting attrs>=17.3.0 (from aiohttp!=4.0.0a0,!=4.0.0a1->fsspec[http]<=2026.2.0,>=2023.1.0->datasets)
  Downloading attrs-26.1.0-py3-none-any.whl.metadata (8.8 kB)
Collecting frozenlist>=1.1.1 (from aiohttp!=4.0.0a0,!=4.0.0a1->fsspec[http]<=2026.2.0,>=2023.1.0->datasets)
  Downloading frozenlist-1.8.0-cp310-cp310-manylinux1_x86_64.manylinux_2_28_x86_64.manylinux_2_5_x86_64.whl.metadata (20 kB)
Collecting multidict<7.0,>=4.5 (from aiohttp!=4.0.0a0,!=4.0.0a1->fsspec[http]<=2026.2.0,>=2023.1.0->datasets)
  Downloading multidict-6.7.1-cp310-cp310-manylinux2014_x86_64.manylinux_2_17_x86_64.manylinux_2_28_x86_64.whl.metadata (5.3 kB)
Collecting propcache>=0.2.0 (from aiohttp!=4.0.0a0,!=4.0.0a1->fsspec[http]<=2026.2.0,>=2023.1.0->datasets)
  Downloading propcache-0.4.1-cp310-cp310-manylinux2014_x86_64.manylinux_2_17_x86_64.manylinux_2_28_x86_64.whl.metadata (13 kB)
Collecting yarl<2.0,>=1.17.0 (from aiohttp!=4.0.0a0,!=4.0.0a1->fsspec[http]<=2026.2.0,>=2023.1.0->datasets)
  Downloading yarl-1.23.0-cp310-cp310-manylinux2014_x86_64.manylinux_2_17_x86_64.manylinux_2_28_x86_64.whl.metadata (79 kB)
Collecting charset_normalizer<4,>=2 (from requests>=2.32.2->datasets)
  Downloading charset_normalizer-3.4.7-cp310-cp310-manylinux2014_x86_64.manylinux_2_17_x86_64.manylinux_2_28_x86_64.whl.metadata (40 kB)
Collecting urllib3<3,>=1.26 (from requests>=2.32.2->datasets)
  Downloading urllib3-2.6.3-py3-none-any.whl.metadata (6.9 kB)
Collecting joblib>=1.2.0 (from scikit-learn>=0.22.0->sentence-transformers)
  Downloading joblib-1.5.3-py3-none-any.whl.metadata (5.5 kB)
Collecting threadpoolctl>=3.1.0 (from scikit-learn>=0.22.0->sentence-transformers)
  Downloading threadpoolctl-3.6.0-py3-none-any.whl.metadata (13 kB)
Requirement already satisfied: networkx in /scratch/user/s4901673/conda-envs/ircbert/lib/python3.10/site-packages (from torch>=1.11.0->sentence-transformers) (3.4.2)
Requirement already satisfied: jinja2 in /scratch/user/s4901673/conda-envs/ircbert/lib/python3.10/site-packages (from torch>=1.11.0->sentence-transformers) (3.1.6)
Requirement already satisfied: nvidia-cuda-nvrtc-cu12==12.1.105 in /scratch/user/s4901673/conda-envs/ircbert/lib/python3.10/site-packages (from torch>=1.11.0->sentence-transformers) (12.1.105)
Requirement already satisfied: nvidia-cuda-runtime-cu12==12.1.105 in /scratch/user/s4901673/conda-envs/ircbert/lib/python3.10/site-packages (from torch>=1.11.0->sentence-transformers) (12.1.105)
Requirement already satisfied: nvidia-cuda-cupti-cu12==12.1.105 in /scratch/user/s4901673/conda-envs/ircbert/lib/python3.10/site-packages (from torch>=1.11.0->sentence-transformers) (12.1.105)
Requirement already satisfied: nvidia-cudnn-cu12==9.1.0.70 in /scratch/user/s4901673/conda-envs/ircbert/lib/python3.10/site-packages (from torch>=1.11.0->sentence-transformers) (9.1.0.70)
Requirement already satisfied: nvidia-cublas-cu12==12.1.3.1 in /scratch/user/s4901673/conda-envs/ircbert/lib/python3.10/site-packages (from torch>=1.11.0->sentence-transformers) (12.1.3.1)
Requirement already satisfied: nvidia-cufft-cu12==11.0.2.54 in /scratch/user/s4901673/conda-envs/ircbert/lib/python3.10/site-packages (from torch>=1.11.0->sentence-transformers) (11.0.2.54)
Requirement already satisfied: nvidia-curand-cu12==10.3.2.106 in /scratch/user/s4901673/conda-envs/ircbert/lib/python3.10/site-packages (from torch>=1.11.0->sentence-transformers) (10.3.2.106)
Requirement already satisfied: nvidia-cusolver-cu12==11.4.5.107 in /scratch/user/s4901673/conda-envs/ircbert/lib/python3.10/site-packages (from torch>=1.11.0->sentence-transformers) (11.4.5.107)
Requirement already satisfied: nvidia-cusparse-cu12==12.1.0.106 in /scratch/user/s4901673/conda-envs/ircbert/lib/python3.10/site-packages (from torch>=1.11.0->sentence-transformers) (12.1.0.106)
Requirement already satisfied: nvidia-nccl-cu12==2.21.5 in /scratch/user/s4901673/conda-envs/ircbert/lib/python3.10/site-packages (from torch>=1.11.0->sentence-transformers) (2.21.5)
Requirement already satisfied: nvidia-nvtx-cu12==12.1.105 in /scratch/user/s4901673/conda-envs/ircbert/lib/python3.10/site-packages (from torch>=1.11.0->sentence-transformers) (12.1.105)
Requirement already satisfied: triton==3.1.0 in /scratch/user/s4901673/conda-envs/ircbert/lib/python3.10/site-packages (from torch>=1.11.0->sentence-transformers) (3.1.0)
Requirement already satisfied: sympy==1.13.1 in /scratch/user/s4901673/conda-envs/ircbert/lib/python3.10/site-packages (from torch>=1.11.0->sentence-transformers) (1.13.1)
Requirement already satisfied: nvidia-nvjitlink-cu12 in /scratch/user/s4901673/conda-envs/ircbert/lib/python3.10/site-packages (from nvidia-cusolver-cu12==11.4.5.107->torch>=1.11.0->sentence-transformers) (12.9.86)
Requirement already satisfied: mpmath<1.4,>=1.1.0 in /scratch/user/s4901673/conda-envs/ircbert/lib/python3.10/site-packages (from sympy==1.13.1->torch>=1.11.0->sentence-transformers) (1.3.0)
Collecting exceptiongroup>=1.0.2 (from anyio->httpx<1,>=0.23.0->huggingface-hub<2.0,>=1.5.0->transformers)
  Downloading exceptiongroup-1.3.1-py3-none-any.whl.metadata (6.7 kB)
Requirement already satisfied: MarkupSafe>=2.0 in /scratch/user/s4901673/conda-envs/ircbert/lib/python3.10/site-packages (from jinja2->torch>=1.11.0->sentence-transformers) (3.0.3)
Collecting python-dateutil>=2.8.2 (from pandas->datasets)
  Downloading python_dateutil-2.9.0.post0-py2.py3-none-any.whl.metadata (8.4 kB)
Collecting pytz>=2020.1 (from pandas->datasets)
  Downloading pytz-2026.2-py2.py3-none-any.whl.metadata (22 kB)
Collecting tzdata>=2022.7 (from pandas->datasets)
  Downloading tzdata-2026.2-py2.py3-none-any.whl.metadata (1.4 kB)
Collecting six>=1.5 (from python-dateutil>=2.8.2->pandas->datasets)
  Downloading six-1.17.0-py2.py3-none-any.whl.metadata (1.7 kB)
Collecting click>=8.2.1 (from typer->transformers)
  Downloading click-8.3.3-py3-none-any.whl.metadata (2.6 kB)
Collecting shellingham>=1.3.0 (from typer->transformers)
  Downloading shellingham-1.5.4-py2.py3-none-any.whl.metadata (3.5 kB)
Collecting rich>=13.8.0 (from typer->transformers)
  Downloading rich-15.0.0-py3-none-any.whl.metadata (18 kB)
Collecting annotated-doc>=0.0.2 (from typer->transformers)
  Downloading annotated_doc-0.0.4-py3-none-any.whl.metadata (6.6 kB)
Collecting markdown-it-py>=2.2.0 (from rich>=13.8.0->typer->transformers)
  Downloading markdown_it_py-4.0.0-py3-none-any.whl.metadata (7.3 kB)
Collecting pygments<3.0.0,>=2.13.0 (from rich>=13.8.0->typer->transformers)
  Downloading pygments-2.20.0-py3-none-any.whl.metadata (2.5 kB)
Collecting mdurl~=0.1 (from markdown-it-py>=2.2.0->rich>=13.8.0->typer->transformers)
  Downloading mdurl-0.1.2-py3-none-any.whl.metadata (1.6 kB)
Downloading transformers-5.8.0-py3-none-any.whl (10.6 MB)
   ━━━━━━━━━━━━━━━━━━━━━━━━━━━━━━━━━━━━━━━━ 10.6/10.6 MB 309.8 MB/s  0:00:00
Downloading huggingface_hub-1.13.0-py3-none-any.whl (660 kB)
   ━━━━━━━━━━━━━━━━━━━━━━━━━━━━━━━━━━━━━━━━ 660.6/660.6 kB 618.6 MB/s  0:00:00
Downloading hf_xet-1.5.0-cp37-abi3-manylinux2014_x86_64.manylinux_2_17_x86_64.whl (4.5 MB)
   ━━━━━━━━━━━━━━━━━━━━━━━━━━━━━━━━━━━━━━━━ 4.5/4.5 MB 316.5 MB/s  0:00:00
Downloading httpx-0.28.1-py3-none-any.whl (73 kB)
Downloading httpcore-1.0.9-py3-none-any.whl (78 kB)
Downloading tokenizers-0.22.2-cp39-abi3-manylinux_2_17_x86_64.manylinux2014_x86_64.whl (3.3 MB)
   ━━━━━━━━━━━━━━━━━━━━━━━━━━━━━━━━━━━━━━━━ 3.3/3.3 MB 319.1 MB/s  0:00:00
Downloading datasets-4.8.5-py3-none-any.whl (528 kB)
   ━━━━━━━━━━━━━━━━━━━━━━━━━━━━━━━━━━━━━━━━ 529.0/529.0 kB 348.7 MB/s  0:00:00
Downloading dill-0.4.1-py3-none-any.whl (120 kB)
Downloading multiprocess-0.70.19-py310-none-any.whl (134 kB)
Downloading sentence_transformers-5.4.1-py3-none-any.whl (571 kB)
   ━━━━━━━━━━━━━━━━━━━━━━━━━━━━━━━━━━━━━━━━ 571.3/571.3 kB 392.5 MB/s  0:00:00
Downloading accelerate-1.13.0-py3-none-any.whl (383 kB)
Downloading aiohttp-3.13.5-cp310-cp310-manylinux2014_x86_64.manylinux_2_17_x86_64.manylinux_2_28_x86_64.whl (1.7 MB)
   ━━━━━━━━━━━━━━━━━━━━━━━━━━━━━━━━━━━━━━━━ 1.7/1.7 MB 332.9 MB/s  0:00:00
Downloading async_timeout-5.0.1-py3-none-any.whl (6.2 kB)
Downloading multidict-6.7.1-cp310-cp310-manylinux2014_x86_64.manylinux_2_17_x86_64.manylinux_2_28_x86_64.whl (243 kB)
Downloading yarl-1.23.0-cp310-cp310-manylinux2014_x86_64.manylinux_2_17_x86_64.manylinux_2_28_x86_64.whl (102 kB)
Downloading aiohappyeyeballs-2.6.1-py3-none-any.whl (15 kB)
Downloading aiosignal-1.4.0-py3-none-any.whl (7.5 kB)
Downloading attrs-26.1.0-py3-none-any.whl (67 kB)
Downloading frozenlist-1.8.0-cp310-cp310-manylinux1_x86_64.manylinux_2_28_x86_64.manylinux_2_5_x86_64.whl (219 kB)
Downloading h11-0.16.0-py3-none-any.whl (37 kB)
Downloading idna-3.13-py3-none-any.whl (68 kB)
Downloading numpy-2.2.6-cp310-cp310-manylinux_2_17_x86_64.manylinux2014_x86_64.whl (16.8 MB)
   ━━━━━━━━━━━━━━━━━━━━━━━━━━━━━━━━━━━━━━━━ 16.8/16.8 MB 303.8 MB/s  0:00:00
Downloading propcache-0.4.1-cp310-cp310-manylinux2014_x86_64.manylinux_2_17_x86_64.manylinux_2_28_x86_64.whl (196 kB)
Downloading pyarrow-24.0.0-cp310-cp310-manylinux_2_28_x86_64.whl (48.8 MB)
   ━━━━━━━━━━━━━━━━━━━━━━━━━━━━━━━━━━━━━━━━ 48.8/48.8 MB 295.3 MB/s  0:00:00
Downloading pyyaml-6.0.3-cp310-cp310-manylinux2014_x86_64.manylinux_2_17_x86_64.manylinux_2_28_x86_64.whl (770 kB)
   ━━━━━━━━━━━━━━━━━━━━━━━━━━━━━━━━━━━━━━━━ 770.3/770.3 kB 773.9 MB/s  0:00:00
Downloading regex-2026.4.4-cp310-cp310-manylinux2014_x86_64.manylinux_2_17_x86_64.manylinux_2_28_x86_64.whl (793 kB)
   ━━━━━━━━━━━━━━━━━━━━━━━━━━━━━━━━━━━━━━━━ 793.6/793.6 kB 252.0 MB/s  0:00:00
Downloading requests-2.33.1-py3-none-any.whl (64 kB)
Downloading charset_normalizer-3.4.7-cp310-cp310-manylinux2014_x86_64.manylinux_2_17_x86_64.manylinux_2_28_x86_64.whl (216 kB)
Downloading urllib3-2.6.3-py3-none-any.whl (131 kB)
Downloading certifi-2026.4.22-py3-none-any.whl (135 kB)
Downloading safetensors-0.7.0-cp38-abi3-manylinux_2_17_x86_64.manylinux2014_x86_64.whl (507 kB)
Downloading scikit_learn-1.7.2-cp310-cp310-manylinux2014_x86_64.manylinux_2_17_x86_64.whl (9.7 MB)
   ━━━━━━━━━━━━━━━━━━━━━━━━━━━━━━━━━━━━━━━━ 9.7/9.7 MB 273.0 MB/s  0:00:00
Downloading joblib-1.5.3-py3-none-any.whl (309 kB)
Downloading scipy-1.15.3-cp310-cp310-manylinux_2_17_x86_64.manylinux2014_x86_64.whl (37.7 MB)
   ━━━━━━━━━━━━━━━━━━━━━━━━━━━━━━━━━━━━━━━━ 37.7/37.7 MB 329.2 MB/s  0:00:00
Downloading threadpoolctl-3.6.0-py3-none-any.whl (18 kB)
Downloading tqdm-4.67.3-py3-none-any.whl (78 kB)
Downloading anyio-4.13.0-py3-none-any.whl (114 kB)
Downloading exceptiongroup-1.3.1-py3-none-any.whl (16 kB)
Downloading pandas-2.3.3-cp310-cp310-manylinux_2_24_x86_64.manylinux_2_28_x86_64.whl (12.8 MB)
   ━━━━━━━━━━━━━━━━━━━━━━━━━━━━━━━━━━━━━━━━ 12.8/12.8 MB 310.1 MB/s  0:00:00
Downloading python_dateutil-2.9.0.post0-py2.py3-none-any.whl (229 kB)
Downloading pytz-2026.2-py2.py3-none-any.whl (510 kB)
Downloading six-1.17.0-py2.py3-none-any.whl (11 kB)
Downloading tzdata-2026.2-py2.py3-none-any.whl (349 kB)
Downloading psutil-7.2.2-cp36-abi3-manylinux2010_x86_64.manylinux_2_12_x86_64.manylinux_2_28_x86_64.whl (155 kB)
Downloading typer-0.25.1-py3-none-any.whl (58 kB)
Downloading annotated_doc-0.0.4-py3-none-any.whl (5.3 kB)
Downloading click-8.3.3-py3-none-any.whl (110 kB)
Downloading rich-15.0.0-py3-none-any.whl (310 kB)
Downloading pygments-2.20.0-py3-none-any.whl (1.2 MB)
   ━━━━━━━━━━━━━━━━━━━━━━━━━━━━━━━━━━━━━━━━ 1.2/1.2 MB 327.1 MB/s  0:00:00
Downloading markdown_it_py-4.0.0-py3-none-any.whl (87 kB)
Downloading mdurl-0.1.2-py3-none-any.whl (10.0 kB)
Downloading shellingham-1.5.4-py2.py3-none-any.whl (9.8 kB)
Downloading xxhash-3.7.0-cp310-cp310-manylinux2014_x86_64.manylinux_2_17_x86_64.manylinux_2_28_x86_64.whl (193 kB)
Installing collected packages: pytz, xxhash, urllib3, tzdata, tqdm, threadpoolctl, six, shellingham, safetensors, regex, pyyaml, pygments, pyarrow, psutil, propcache, numpy, multidict, mdurl, joblib, idna, hf-xet, h11, frozenlist, exceptiongroup, dill, click, charset_normalizer, certifi, attrs, async-timeout, annotated-doc, aiohappyeyeballs, yarl, scipy, requests, python-dateutil, multiprocess, markdown-it-py, httpcore, anyio, aiosignal, scikit-learn, rich, pandas, httpx, aiohttp, typer, huggingface-hub, tokenizers, datasets, accelerate, transformers, sentence-transformers

Successfully installed accelerate-1.13.0 aiohappyeyeballs-2.6.1 aiohttp-3.13.5 aiosignal-1.4.0 annotated-doc-0.0.4 anyio-4.13.0 async-timeout-5.0.1 attrs-26.1.0 certifi-2026.4.22 charset_normalizer-3.4.7 click-8.3.3 datasets-4.8.5 dill-0.4.1 exceptiongroup-1.3.1 frozenlist-1.8.0 h11-0.16.0 hf-xet-1.5.0 httpcore-1.0.9 httpx-0.28.1 huggingface-hub-1.13.0 idna-3.13 joblib-1.5.3 markdown-it-py-4.0.0 mdurl-0.1.2 multidict-6.7.1 multiprocess-0.70.19 numpy-2.2.6 pandas-2.3.3 propcache-0.4.1 psutil-7.2.2 pyarrow-24.0.0 pygments-2.20.0 python-dateutil-2.9.0.post0 pytz-2026.2 pyyaml-6.0.3 regex-2026.4.4 requests-2.33.1 rich-15.0.0 safetensors-0.7.0 scikit-learn-1.7.2 scipy-1.15.3 sentence-transformers-5.4.1 shellingham-1.5.4 six-1.17.0 threadpoolctl-3.6.0 tokenizers-0.22.2 tqdm-4.67.3 transformers-5.8.0 typer-0.25.1 tzdata-2026.2 urllib3-2.6.3 xxhash-3.7.0 yarl-1.23.0
Requirement already satisfied: scikit-learn in /scratch/user/s4901673/conda-envs/ircbert/lib/python3.10/site-packages (1.7.2)
Requirement already satisfied: numpy in /scratch/user/s4901673/conda-envs/ircbert/lib/python3.10/site-packages (2.2.6)
Requirement already satisfied: pandas in /scratch/user/s4901673/conda-envs/ircbert/lib/python3.10/site-packages (2.3.3)
Requirement already satisfied: tqdm in /scratch/user/s4901673/conda-envs/ircbert/lib/python3.10/site-packages (4.67.3)
Requirement already satisfied: psutil in /scratch/user/s4901673/conda-envs/ircbert/lib/python3.10/site-packages (7.2.2)
Requirement already satisfied: scipy>=1.8.0 in /scratch/user/s4901673/conda-envs/ircbert/lib/python3.10/site-packages (from scikit-learn) (1.15.3)
Requirement already satisfied: joblib>=1.2.0 in /scratch/user/s4901673/conda-envs/ircbert/lib/python3.10/site-packages (from scikit-learn) (1.5.3)
Requirement already satisfied: threadpoolctl>=3.1.0 in /scratch/user/s4901673/conda-envs/ircbert/lib/python3.10/site-packages (from scikit-learn) (3.6.0)
Requirement already satisfied: python-dateutil>=2.8.2 in /scratch/user/s4901673/conda-envs/ircbert/lib/python3.10/site-packages (from pandas) (2.9.0.post0)
Requirement already satisfied: pytz>=2020.1 in /scratch/user/s4901673/conda-envs/ircbert/lib/python3.10/site-packages (from pandas) (2026.2)
Requirement already satisfied: tzdata>=2022.7 in /scratch/user/s4901673/conda-envs/ircbert/lib/python3.10/site-packages (from pandas) (2026.2)
Requirement already satisfied: six>=1.5 in /scratch/user/s4901673/conda-envs/ircbert/lib/python3.10/site-packages (from python-dateutil>=2.8.2->pandas) (1.17.0)
Collecting sentencepiece
  Downloading sentencepiece-0.2.1-cp310-cp310-manylinux_2_27_x86_64.manylinux_2_28_x86_64.whl.metadata (10 kB)
Collecting tiktoken
  Downloading tiktoken-0.12.0-cp310-cp310-manylinux_2_28_x86_64.whl.metadata (6.7 kB)
Collecting protobuf
  Downloading protobuf-7.34.1-cp310-abi3-manylinux2014_x86_64.whl.metadata (595 bytes)
Requirement already satisfied: huggingface_hub[cli] in /scratch/user/s4901673/conda-envs/ircbert/lib/python3.10/site-packages (1.13.0)
Requirement already satisfied: regex>=2022.1.18 in /scratch/user/s4901673/conda-envs/ircbert/lib/python3.10/site-packages (from tiktoken) (2026.4.4)
Requirement already satisfied: requests>=2.26.0 in /scratch/user/s4901673/conda-envs/ircbert/lib/python3.10/site-packages (from tiktoken) (2.33.1)
Requirement already satisfied: filelock>=3.10.0 in /scratch/user/s4901673/conda-envs/ircbert/lib/python3.10/site-packages (from huggingface_hub[cli]) (3.25.2)
Requirement already satisfied: fsspec>=2023.5.0 in /scratch/user/s4901673/conda-envs/ircbert/lib/python3.10/site-packages (from huggingface_hub[cli]) (2026.2.0)
Requirement already satisfied: hf-xet<2.0.0,>=1.4.3 in /scratch/user/s4901673/conda-envs/ircbert/lib/python3.10/site-packages (from huggingface_hub[cli]) (1.5.0)
Requirement already satisfied: httpx<1,>=0.23.0 in /scratch/user/s4901673/conda-envs/ircbert/lib/python3.10/site-packages (from huggingface_hub[cli]) (0.28.1)
Requirement already satisfied: packaging>=20.9 in /scratch/user/s4901673/conda-envs/ircbert/lib/python3.10/site-packages (from huggingface_hub[cli]) (26.0)
Requirement already satisfied: pyyaml>=5.1 in /scratch/user/s4901673/conda-envs/ircbert/lib/python3.10/site-packages (from huggingface_hub[cli]) (6.0.3)
Requirement already satisfied: tqdm>=4.42.1 in /scratch/user/s4901673/conda-envs/ircbert/lib/python3.10/site-packages (from huggingface_hub[cli]) (4.67.3)
Requirement already satisfied: typer in /scratch/user/s4901673/conda-envs/ircbert/lib/python3.10/site-packages (from huggingface_hub[cli]) (0.25.1)
Requirement already satisfied: typing-extensions>=4.1.0 in /scratch/user/s4901673/conda-envs/ircbert/lib/python3.10/site-packages (from huggingface_hub[cli]) (4.15.0)
Requirement already satisfied: anyio in /scratch/user/s4901673/conda-envs/ircbert/lib/python3.10/site-packages (from httpx<1,>=0.23.0->huggingface_hub[cli]) (4.13.0)
Requirement already satisfied: certifi in /scratch/user/s4901673/conda-envs/ircbert/lib/python3.10/site-packages (from httpx<1,>=0.23.0->huggingface_hub[cli]) (2026.4.22)
Requirement already satisfied: httpcore==1.* in /scratch/user/s4901673/conda-envs/ircbert/lib/python3.10/site-packages (from httpx<1,>=0.23.0->huggingface_hub[cli]) (1.0.9)
Requirement already satisfied: idna in /scratch/user/s4901673/conda-envs/ircbert/lib/python3.10/site-packages (from httpx<1,>=0.23.0->huggingface_hub[cli]) (3.13)
Requirement already satisfied: h11>=0.16 in /scratch/user/s4901673/conda-envs/ircbert/lib/python3.10/site-packages (from httpcore==1.*->httpx<1,>=0.23.0->huggingface_hub[cli]) (0.16.0)
Requirement already satisfied: charset_normalizer<4,>=2 in /scratch/user/s4901673/conda-envs/ircbert/lib/python3.10/site-packages (from requests>=2.26.0->tiktoken) (3.4.7)
Requirement already satisfied: urllib3<3,>=1.26 in /scratch/user/s4901673/conda-envs/ircbert/lib/python3.10/site-packages (from requests>=2.26.0->tiktoken) (2.6.3)
Requirement already satisfied: exceptiongroup>=1.0.2 in /scratch/user/s4901673/conda-envs/ircbert/lib/python3.10/site-packages (from anyio->httpx<1,>=0.23.0->huggingface_hub[cli]) (1.3.1)
Requirement already satisfied: click>=8.2.1 in /scratch/user/s4901673/conda-envs/ircbert/lib/python3.10/site-packages (from typer->huggingface_hub[cli]) (8.3.3)
Requirement already satisfied: shellingham>=1.3.0 in /scratch/user/s4901673/conda-envs/ircbert/lib/python3.10/site-packages (from typer->huggingface_hub[cli]) (1.5.4)
Requirement already satisfied: rich>=13.8.0 in /scratch/user/s4901673/conda-envs/ircbert/lib/python3.10/site-packages (from typer->huggingface_hub[cli]) (15.0.0)
Requirement already satisfied: annotated-doc>=0.0.2 in /scratch/user/s4901673/conda-envs/ircbert/lib/python3.10/site-packages (from typer->huggingface_hub[cli]) (0.0.4)
Requirement already satisfied: markdown-it-py>=2.2.0 in /scratch/user/s4901673/conda-envs/ircbert/lib/python3.10/site-packages (from rich>=13.8.0->typer->huggingface_hub[cli]) (4.0.0)
Requirement already satisfied: pygments<3.0.0,>=2.13.0 in /scratch/user/s4901673/conda-envs/ircbert/lib/python3.10/site-packages (from rich>=13.8.0->typer->huggingface_hub[cli]) (2.20.0)
Requirement already satisfied: mdurl~=0.1 in /scratch/user/s4901673/conda-envs/ircbert/lib/python3.10/site-packages (from markdown-it-py>=2.2.0->rich>=13.8.0->typer->huggingface_hub[cli]) (0.1.2)
Downloading sentencepiece-0.2.1-cp310-cp310-manylinux_2_27_x86_64.manylinux_2_28_x86_64.whl (1.4 MB)
   ━━━━━━━━━━━━━━━━━━━━━━━━━━━━━━━━━━━━━━━━ 1.4/1.4 MB 229.4 MB/s  0:00:00
Downloading tiktoken-0.12.0-cp310-cp310-manylinux_2_28_x86_64.whl (1.2 MB)
   ━━━━━━━━━━━━━━━━━━━━━━━━━━━━━━━━━━━━━━━━ 1.2/1.2 MB 347.5 MB/s  0:00:00
Downloading protobuf-7.34.1-cp310-abi3-manylinux2014_x86_64.whl (324 kB)
Installing collected packages: sentencepiece, protobuf, tiktoken

Successfully installed protobuf-7.34.1 sentencepiece-0.2.1 tiktoken-0.12.0
Collecting tensorboard
  Downloading tensorboard-2.20.0-py3-none-any.whl.metadata (1.8 kB)
Collecting absl-py>=0.4 (from tensorboard)
  Downloading absl_py-2.4.0-py3-none-any.whl.metadata (3.3 kB)
Collecting grpcio>=1.48.2 (from tensorboard)
  Downloading grpcio-1.80.0-cp310-cp310-manylinux2014_x86_64.manylinux_2_17_x86_64.whl.metadata (3.8 kB)
Collecting markdown>=2.6.8 (from tensorboard)
  Downloading markdown-3.10.2-py3-none-any.whl.metadata (5.1 kB)
Requirement already satisfied: numpy>=1.12.0 in /scratch/user/s4901673/conda-envs/ircbert/lib/python3.10/site-packages (from tensorboard) (2.2.6)
Requirement already satisfied: packaging in /scratch/user/s4901673/conda-envs/ircbert/lib/python3.10/site-packages (from tensorboard) (26.0)
Collecting pillow (from tensorboard)
  Downloading pillow-12.2.0-cp310-cp310-manylinux_2_27_x86_64.manylinux_2_28_x86_64.whl.metadata (8.8 kB)
Requirement already satisfied: protobuf!=4.24.0,>=3.19.6 in /scratch/user/s4901673/conda-envs/ircbert/lib/python3.10/site-packages (from tensorboard) (7.34.1)
Requirement already satisfied: setuptools>=41.0.0 in /scratch/user/s4901673/conda-envs/ircbert/lib/python3.10/site-packages (from tensorboard) (82.0.1)
Collecting tensorboard-data-server<0.8.0,>=0.7.0 (from tensorboard)
  Downloading tensorboard_data_server-0.7.2-py3-none-manylinux_2_31_x86_64.whl.metadata (1.1 kB)
Collecting werkzeug>=1.0.1 (from tensorboard)
  Downloading werkzeug-3.1.8-py3-none-any.whl.metadata (4.0 kB)
Requirement already satisfied: typing-extensions~=4.12 in /scratch/user/s4901673/conda-envs/ircbert/lib/python3.10/site-packages (from grpcio>=1.48.2->tensorboard) (4.15.0)
Requirement already satisfied: markupsafe>=2.1.1 in /scratch/user/s4901673/conda-envs/ircbert/lib/python3.10/site-packages (from werkzeug>=1.0.1->tensorboard) (3.0.3)
Downloading tensorboard-2.20.0-py3-none-any.whl (5.5 MB)
   ━━━━━━━━━━━━━━━━━━━━━━━━━━━━━━━━━━━━━━━━ 5.5/5.5 MB 288.1 MB/s  0:00:00
Downloading tensorboard_data_server-0.7.2-py3-none-manylinux_2_31_x86_64.whl (6.6 MB)
   ━━━━━━━━━━━━━━━━━━━━━━━━━━━━━━━━━━━━━━━━ 6.6/6.6 MB 290.9 MB/s  0:00:00
Downloading absl_py-2.4.0-py3-none-any.whl (135 kB)
Downloading grpcio-1.80.0-cp310-cp310-manylinux2014_x86_64.manylinux_2_17_x86_64.whl (6.8 MB)
   ━━━━━━━━━━━━━━━━━━━━━━━━━━━━━━━━━━━━━━━━ 6.8/6.8 MB 297.2 MB/s  0:00:00
Downloading markdown-3.10.2-py3-none-any.whl (108 kB)
Downloading werkzeug-3.1.8-py3-none-any.whl (226 kB)
Downloading pillow-12.2.0-cp310-cp310-manylinux_2_27_x86_64.manylinux_2_28_x86_64.whl (7.1 MB)
   ━━━━━━━━━━━━━━━━━━━━━━━━━━━━━━━━━━━━━━━━ 7.1/7.1 MB 369.8 MB/s  0:00:00
Installing collected packages: werkzeug, tensorboard-data-server, pillow, markdown, grpcio, absl-py, tensorboard

Successfully installed absl-py-2.4.0 grpcio-1.80.0 markdown-3.10.2 pillow-12.2.0 tensorboard-2.20.0 tensorboard-data-server-0.7.2 werkzeug-3.1.8
Setup complete.
