WARNING: huggingface-hub 1.13.0 does not provide the extra 'cli'
2026-05-06 22:59:43,369 - __main__ - INFO - ================================================================================
2026-05-06 22:59:43,370 - __main__ - INFO - IRC Conversation Disentanglement Training
2026-05-06 22:59:43,370 - __main__ - INFO - ================================================================================
2026-05-06 22:59:43,370 - __main__ - INFO - --- System Diagnostics ---
2026-05-06 22:59:43,370 - __main__ - INFO - OS: Linux 5.14.0-611.24.1.el9_7.x86_64
2026-05-06 22:59:43,370 - __main__ - INFO - Python: 3.10.20
2026-05-06 22:59:43,370 - __main__ - INFO - RAM: 2003.11 GB total, 1932.95 GB available
2026-05-06 22:59:43,387 - __main__ - INFO - GPU 0: NVIDIA A100 80GB PCIe MIG 2g.20gb
2026-05-06 22:59:43,387 - __main__ - INFO -   Total Memory: 19968 MB
2026-05-06 22:59:43,387 - __main__ - INFO -   Compute Capability: 8.0
2026-05-06 22:59:43,388 - __main__ - INFO - --------------------------
2026-05-06 22:59:43,388 - __main__ - INFO - Mode: train
2026-05-06 22:59:43,388 - __main__ - INFO - Device: cuda
2026-05-06 22:59:43,388 - __main__ - INFO - Model: microsoft/deberta-v3-base
2026-05-06 22:59:43,388 - __main__ - INFO - Batch size: 4
2026-05-06 22:59:43,388 - __main__ - INFO - Learning rate: 5e-05
2026-05-06 22:59:43,388 - __main__ - INFO - Epochs: 1
2026-05-06 22:59:43,388 - __main__ - INFO - Max dist: 20
2026-05-06 22:59:43,388 - __main__ - INFO - Max length: 128
2026-05-06 22:59:43,388 - __main__ - INFO - Output dir: /scratch/user/s4901673/ircbert_runs/checkpoints
2026-05-06 22:59:43,388 - __main__ - INFO - Using device: cuda
2026-05-06 22:59:43,388 - __main__ - INFO - Loading tokenizer: microsoft/deberta-v3-base
2026-05-06 22:59:43,635 - httpx - INFO - HTTP Request: HEAD https://huggingface.co/microsoft/deberta-v3-base/resolve/main/config.json "HTTP/1.1 307 Temporary Redirect"
Warning: You are sending unauthenticated requests to the HF Hub. Please set a HF_TOKEN to enable higher rate limits and faster downloads.
2026-05-06 22:59:43,636 - huggingface_hub.utils._http - WARNING - Warning: You are sending unauthenticated requests to the HF Hub. Please set a HF_TOKEN to enable higher rate limits and faster downloads.
2026-05-06 22:59:43,641 - httpx - INFO - HTTP Request: HEAD https://huggingface.co/api/resolve-cache/models/microsoft/deberta-v3-base/8ccc9b6f36199bec6961081d44eb72fb3f7353f3/config.json "HTTP/1.1 200 OK"
2026-05-06 22:59:43,879 - httpx - INFO - HTTP Request: HEAD https://huggingface.co/microsoft/deberta-v3-base/resolve/main/tokenizer_config.json "HTTP/1.1 307 Temporary Redirect"
2026-05-06 22:59:43,886 - httpx - INFO - HTTP Request: HEAD https://huggingface.co/api/resolve-cache/models/microsoft/deberta-v3-base/8ccc9b6f36199bec6961081d44eb72fb3f7353f3/tokenizer_config.json "HTTP/1.1 200 OK"
2026-05-06 22:59:44,120 - httpx - INFO - HTTP Request: GET https://huggingface.co/api/models/microsoft/deberta-v3-base/tree/main/additional_chat_templates?recursive=false&expand=false "HTTP/1.1 404 Not Found"
2026-05-06 22:59:44,350 - httpx - INFO - HTTP Request: GET https://huggingface.co/api/models/microsoft/deberta-v3-base/tree/main?recursive=true&expand=false "HTTP/1.1 200 OK"
2026-05-06 22:59:44,868 - httpx - INFO - HTTP Request: GET https://huggingface.co/api/models/microsoft/deberta-v3-base "HTTP/1.1 200 OK"
2026-05-06 22:59:44,870 - __main__ - INFO - Tokenizer loaded: DebertaV2Tokenizer
2026-05-06 22:59:44,870 - __main__ - INFO - Creating dataloaders...
2026-05-06 22:59:44,875 - __main__ - INFO - Loading 1 train files...
2026-05-06 22:59:44,875 - data_loader - INFO - Initializing IRCDisentanglementDataset with 1 files
2026-05-06 22:59:44,875 - data_loader - INFO -   max_dist=20, max_length=128, skip_labels=False
2026-05-06 22:59:44,875 - data_loader - INFO -   test_start=0, test_end=500
2026-05-06 22:59:44,876 - data_loader - INFO - Loading conversation from data/tiny/train/tiny.train.ascii.txt
2026-05-06 22:59:44,877 - data_loader - INFO -   Read 300 lines from ASCII file
2026-05-06 22:59:44,882 - data_loader - INFO -   Parsed 300 messages, found 32 unique users
2026-05-06 22:59:44,898 - data_loader - INFO -   Loaded 212 gold links from annotation file
2026-05-06 22:59:44,901 - data_loader - INFO -   Conversation 'tiny.train' loaded in 0.02s
2026-05-06 22:59:44,901 - data_loader - INFO -   Creating samples for tiny.train: messages 0 to 300 (limited)
2026-05-06 22:59:44,908 - data_loader - INFO -   Created 61 samples for tiny.train
2026-05-06 22:59:44,908 - data_loader - INFO -   File 1/1: tiny.train - 300 messages, 61 total samples so far
2026-05-06 22:59:44,908 - data_loader - INFO - Dataset initialization complete: 61 samples from 1 conversations in 0.03s
2026-05-06 22:59:44,908 - __main__ - INFO -   Train dataset created: 61 samples
2026-05-06 22:59:44,908 - __main__ - INFO - Loading 1 dev files...
2026-05-06 22:59:44,908 - data_loader - INFO - Initializing IRCDisentanglementDataset with 1 files
2026-05-06 22:59:44,908 - data_loader - INFO -   max_dist=20, max_length=128, skip_labels=False
2026-05-06 22:59:44,908 - data_loader - INFO -   test_start=0, test_end=1000000000
2026-05-06 22:59:44,908 - data_loader - INFO - Loading conversation from data/tiny/dev/tiny.dev.ascii.txt
2026-05-06 22:59:44,911 - data_loader - INFO -   Read 250 lines from ASCII file
2026-05-06 22:59:44,911 - data_loader - INFO -   Parsed 250 messages, found 30 unique users
2026-05-06 22:59:44,924 - data_loader - INFO -   Loaded 188 gold links from annotation file
2026-05-06 22:59:44,924 - data_loader - INFO -   Conversation 'tiny.dev' loaded in 0.02s
2026-05-06 22:59:44,924 - data_loader - INFO -   Creating samples for tiny.dev: all 250 messages
2026-05-06 22:59:44,930 - data_loader - INFO -   Created 65 samples for tiny.dev
2026-05-06 22:59:44,930 - data_loader - INFO -   File 1/1: tiny.dev - 250 messages, 65 total samples so far
2026-05-06 22:59:44,930 - data_loader - INFO - Dataset initialization complete: 65 samples from 1 conversations in 0.02s
2026-05-06 22:59:44,930 - __main__ - INFO -   Dev dataset created: 65 samples
2026-05-06 22:59:44,930 - __main__ - INFO -   Train dataset: 61 samples
2026-05-06 22:59:44,930 - __main__ - INFO -   Dev dataset: 65 samples
2026-05-06 22:59:44,930 - __main__ - INFO - Creating model...
2026-05-06 22:59:45,156 - httpx - INFO - HTTP Request: HEAD https://huggingface.co/microsoft/deberta-v3-base/resolve/main/config.json "HTTP/1.1 307 Temporary Redirect"
2026-05-06 22:59:45,162 - httpx - INFO - HTTP Request: HEAD https://huggingface.co/api/resolve-cache/models/microsoft/deberta-v3-base/8ccc9b6f36199bec6961081d44eb72fb3f7353f3/config.json "HTTP/1.1 200 OK"
2026-05-06 22:59:45,957 - httpx - INFO - HTTP Request: HEAD https://huggingface.co/microsoft/deberta-v3-base/resolve/main/model.safetensors "HTTP/1.1 404 Not Found"
2026-05-06 22:59:46,190 - httpx - INFO - HTTP Request: GET https://huggingface.co/api/models/microsoft/deberta-v3-base "HTTP/1.1 200 OK"
2026-05-06 22:59:46,438 - httpx - INFO - HTTP Request: GET https://huggingface.co/api/models/microsoft/deberta-v3-base/commits/main "HTTP/1.1 200 OK"
Loading weights:   0%|          | 0/198 [00:00<?, ?it/s]Loading weights: 100%|██████████| 198/198 [00:00<00:00, 19243.05it/s]
2026-05-06 22:59:46,703 - httpx - INFO - HTTP Request: GET https://huggingface.co/api/models/microsoft/deberta-v3-base/discussions?p=0 "HTTP/1.1 200 OK"
2026-05-06 22:59:46,952 - httpx - INFO - HTTP Request: GET https://huggingface.co/api/models/microsoft/deberta-v3-base/commits/refs%2Fpr%2F14 "HTTP/1.1 200 OK"
[transformers] [1mDebertaV2Model LOAD REPORT[0m from: microsoft/deberta-v3-base
Key                                     | Status     |  | 
----------------------------------------+------------+--+-
mask_predictions.dense.weight           | UNEXPECTED |  | 
lm_predictions.lm_head.dense.bias       | UNEXPECTED |  | 
lm_predictions.lm_head.bias             | UNEXPECTED |  | 
mask_predictions.classifier.weight      | UNEXPECTED |  | 
mask_predictions.LayerNorm.bias         | UNEXPECTED |  | 
mask_predictions.classifier.bias        | UNEXPECTED |  | 
lm_predictions.lm_head.LayerNorm.weight | UNEXPECTED |  | 
lm_predictions.lm_head.LayerNorm.bias   | UNEXPECTED |  | 
mask_predictions.dense.bias             | UNEXPECTED |  | 
lm_predictions.lm_head.dense.weight     | UNEXPECTED |  | 
mask_predictions.LayerNorm.weight       | UNEXPECTED |  | 

Notes:
- UNEXPECTED:	can be ignored when loading from different task/architecture; not ok if you expect identical arch.
2026-05-06 22:59:47,181 - httpx - INFO - HTTP Request: HEAD https://huggingface.co/microsoft/deberta-v3-base/resolve/refs%2Fpr%2F14/model.safetensors.index.json "HTTP/1.1 404 Not Found"
2026-05-06 22:59:47,337 - httpx - INFO - HTTP Request: HEAD https://huggingface.co/microsoft/deberta-v3-base/resolve/main/config.json "HTTP/1.1 307 Temporary Redirect"
2026-05-06 22:59:47,343 - httpx - INFO - HTTP Request: HEAD https://huggingface.co/api/resolve-cache/models/microsoft/deberta-v3-base/8ccc9b6f36199bec6961081d44eb72fb3f7353f3/config.json "HTTP/1.1 200 OK"
2026-05-06 22:59:47,412 - httpx - INFO - HTTP Request: HEAD https://huggingface.co/microsoft/deberta-v3-base/resolve/refs%2Fpr%2F14/model.safetensors "HTTP/1.1 302 Found"
2026-05-06 22:59:47,898 - __main__ - INFO -   Parameters: 183,832,326 trainable, 183,832,326 total
2026-05-06 22:59:47,899 - __main__ - INFO -   BERT hidden size: 768
2026-05-06 22:59:47,899 - __main__ - INFO -   Combined size: 773
2026-05-06 22:59:47,899 - __main__ - INFO - Created AdamW optimizer with lr=5e-05
2026-05-06 22:59:47,900 - __main__ - INFO - Created scheduler with 1 warmup steps (10% of 16 total steps)
2026-05-06 22:59:47,900 - __main__ - INFO - Starting training from epoch 1...
2026-05-06 22:59:47,900 - __main__ - INFO - ================================================================================
2026-05-06 22:59:47,900 - __main__ - INFO - Epoch 1/1
2026-05-06 22:59:47,900 - __main__ - INFO - --------------------------------------------------------------------------------
2026-05-06 22:59:47,901 - __main__ - INFO - Starting epoch 1 with 16 batches
2026-05-06 22:59:49,384 - __main__ - ERROR -   Batch 2: NaN or Inf loss detected! Skipping batch.
2026-05-06 22:59:49,511 - __main__ - ERROR -   Batch 3: NaN or Inf loss detected! Skipping batch.
2026-05-06 22:59:49,631 - __main__ - ERROR -   Batch 4: NaN or Inf loss detected! Skipping batch.
2026-05-06 22:59:49,751 - __main__ - ERROR -   Batch 5: NaN or Inf loss detected! Skipping batch.
2026-05-06 22:59:49,876 - __main__ - ERROR -   Batch 6: NaN or Inf loss detected! Skipping batch.
2026-05-06 22:59:49,990 - __main__ - ERROR -   Batch 7: NaN or Inf loss detected! Skipping batch.
2026-05-06 22:59:50,116 - __main__ - ERROR -   Batch 8: NaN or Inf loss detected! Skipping batch.
2026-05-06 22:59:50,236 - __main__ - ERROR -   Batch 9: NaN or Inf loss detected! Skipping batch.
2026-05-06 22:59:50,350 - __main__ - ERROR -   Batch 10: NaN or Inf loss detected! Skipping batch.
2026-05-06 22:59:50,470 - __main__ - ERROR -   Batch 11: NaN or Inf loss detected! Skipping batch.
2026-05-06 22:59:50,597 - __main__ - ERROR -   Batch 12: NaN or Inf loss detected! Skipping batch.
2026-05-06 22:59:50,705 - __main__ - ERROR -   Batch 13: NaN or Inf loss detected! Skipping batch.
2026-05-06 22:59:50,831 - __main__ - ERROR -   Batch 14: NaN or Inf loss detected! Skipping batch.
2026-05-06 22:59:50,951 - __main__ - ERROR -   Batch 15: NaN or Inf loss detected! Skipping batch.
2026-05-06 22:59:50,981 - __main__ - ERROR -   Batch 16: NaN or Inf loss detected! Skipping batch.
2026-05-06 22:59:51,006 - __main__ - INFO - Epoch 1 complete in 3.11s, avg_loss=2.9951
2026-05-06 22:59:51,008 - __main__ - INFO - Train Loss: 2.9951
2026-05-06 22:59:51,008 - __main__ - INFO - Evaluating on dev set...
2026-05-06 22:59:51,009 - __main__ - INFO - Starting evaluation on 65 samples
Evaluating:   0%|          | 0/17 [00:00<?, ?it/s]Evaluating:   6%|▌         | 1/17 [00:00<00:02,  6.39it/s]Evaluating:  18%|█▊        | 3/17 [00:00<00:01,  9.41it/s]Evaluating:  29%|██▉       | 5/17 [00:00<00:01, 10.17it/s]Evaluating:  41%|████      | 7/17 [00:00<00:01,  9.95it/s]Evaluating:  47%|████▋     | 8/17 [00:00<00:00,  9.51it/s]Evaluating:  53%|█████▎    | 9/17 [00:00<00:00,  9.30it/s]2026-05-06 22:59:52,071 - __main__ - INFO -   Evaluation progress: 10/17 batches (9.42 batches/s)
Evaluating:  59%|█████▉    | 10/17 [00:01<00:00,  9.39it/s]Evaluating:  65%|██████▍   | 11/17 [00:01<00:00,  9.34it/s]Evaluating:  71%|███████   | 12/17 [00:01<00:00,  9.44it/s]Evaluating:  76%|███████▋  | 13/17 [00:01<00:00,  9.53it/s]Evaluating:  82%|████████▏ | 14/17 [00:01<00:00,  9.43it/s]Evaluating:  94%|█████████▍| 16/17 [00:01<00:00,  9.95it/s]                                                           2026-05-06 22:59:52,752 - __main__ - INFO - Evaluation complete in 1.74s
2026-05-06 22:59:52,753 - __main__ - INFO -   Loss: nan, Accuracy: 0.0154, Precision: 0.0008, Recall: 0.0500, F1: 0.0015
2026-05-06 22:59:52,753 - __main__ - INFO - Dev Loss: nan
2026-05-06 22:59:52,753 - __main__ - INFO - Dev Accuracy: 0.0154
2026-05-06 22:59:52,753 - __main__ - INFO -   New best F1! Saving best model...
2026-05-06 22:59:54,460 - __main__ - INFO - Saved checkpoint to /scratch/user/s4901673/ircbert_runs/checkpoints/best/checkpoint_epoch_1.pt
2026-05-06 22:59:55,967 - __main__ - INFO - Saved checkpoint to /scratch/user/s4901673/ircbert_runs/checkpoints/checkpoint_epoch_1.pt
2026-05-06 22:59:55,968 - __main__ - INFO - Training complete in 8.07s!
2026-05-06 22:59:55,968 - __main__ - INFO - Best F1: 0.0154 at epoch 1
2026-05-06 22:59:55,968 - __main__ - INFO - ================================================================================
2026-05-06 22:59:55,968 - __main__ - INFO - Done!
2026-05-06 22:59:55,968 - __main__ - INFO - ================================================================================
2026-05-06 22:59:55,968 - __main__ - INFO - Log file: /scratch/user/s4901673/ircbert_runs/logs/train_20260506_225943.log
