WARNING: huggingface-hub 1.13.0 does not provide the extra 'cli'
2026-05-06 23:09:06,958 - __main__ - INFO - ================================================================================
2026-05-06 23:09:06,958 - __main__ - INFO - IRC Conversation Disentanglement Training
2026-05-06 23:09:06,958 - __main__ - INFO - ================================================================================
2026-05-06 23:09:06,958 - __main__ - INFO - --- System Diagnostics ---
2026-05-06 23:09:06,958 - __main__ - INFO - OS: Linux 5.14.0-611.24.1.el9_7.x86_64
2026-05-06 23:09:06,958 - __main__ - INFO - Python: 3.10.20
2026-05-06 23:09:06,958 - __main__ - INFO - RAM: 2003.11 GB total, 1938.79 GB available
2026-05-06 23:09:06,976 - __main__ - INFO - GPU 0: NVIDIA A100 80GB PCIe MIG 2g.20gb
2026-05-06 23:09:06,976 - __main__ - INFO -   Total Memory: 19968 MB
2026-05-06 23:09:06,976 - __main__ - INFO -   Compute Capability: 8.0
2026-05-06 23:09:06,976 - __main__ - INFO - --------------------------
2026-05-06 23:09:06,976 - __main__ - INFO - Mode: train
2026-05-06 23:09:06,976 - __main__ - INFO - Device: cuda
2026-05-06 23:09:06,976 - __main__ - INFO - Model: microsoft/deberta-v3-base
2026-05-06 23:09:06,976 - __main__ - INFO - Batch size: 4
2026-05-06 23:09:06,976 - __main__ - INFO - Learning rate: 5e-05
2026-05-06 23:09:06,976 - __main__ - INFO - Epochs: 1
2026-05-06 23:09:06,976 - __main__ - INFO - Max dist: 50
2026-05-06 23:09:06,976 - __main__ - INFO - Max length: 128
2026-05-06 23:09:06,976 - __main__ - INFO - Output dir: /scratch/user/s4901673/ircbert_runs/checkpoints
2026-05-06 23:09:06,976 - __main__ - INFO - Using device: cuda
2026-05-06 23:09:06,976 - __main__ - INFO - Loading tokenizer: microsoft/deberta-v3-base
2026-05-06 23:09:07,231 - httpx - INFO - HTTP Request: HEAD https://huggingface.co/microsoft/deberta-v3-base/resolve/main/config.json "HTTP/1.1 307 Temporary Redirect"
2026-05-06 23:09:07,237 - httpx - INFO - HTTP Request: HEAD https://huggingface.co/api/resolve-cache/models/microsoft/deberta-v3-base/8ccc9b6f36199bec6961081d44eb72fb3f7353f3/config.json "HTTP/1.1 200 OK"
2026-05-06 23:09:07,478 - httpx - INFO - HTTP Request: HEAD https://huggingface.co/microsoft/deberta-v3-base/resolve/main/tokenizer_config.json "HTTP/1.1 307 Temporary Redirect"
2026-05-06 23:09:07,484 - httpx - INFO - HTTP Request: HEAD https://huggingface.co/api/resolve-cache/models/microsoft/deberta-v3-base/8ccc9b6f36199bec6961081d44eb72fb3f7353f3/tokenizer_config.json "HTTP/1.1 200 OK"
2026-05-06 23:09:07,719 - httpx - INFO - HTTP Request: GET https://huggingface.co/api/models/microsoft/deberta-v3-base/tree/main/additional_chat_templates?recursive=false&expand=false "HTTP/1.1 404 Not Found"
2026-05-06 23:09:07,955 - httpx - INFO - HTTP Request: GET https://huggingface.co/api/models/microsoft/deberta-v3-base/tree/main?recursive=true&expand=false "HTTP/1.1 200 OK"
2026-05-06 23:09:08,466 - httpx - INFO - HTTP Request: GET https://huggingface.co/api/models/microsoft/deberta-v3-base "HTTP/1.1 200 OK"
2026-05-06 23:09:08,470 - __main__ - INFO - Tokenizer loaded: DebertaV2Tokenizer
2026-05-06 23:09:08,470 - __main__ - INFO - Creating dataloaders...
2026-05-06 23:09:08,476 - __main__ - INFO - Loading 1 train files...
2026-05-06 23:09:08,476 - data_loader - INFO - Initializing IRCDisentanglementDataset with 1 files
2026-05-06 23:09:08,476 - data_loader - INFO -   max_dist=50, max_length=128, skip_labels=False
2026-05-06 23:09:08,476 - data_loader - INFO -   test_start=0, test_end=500
2026-05-06 23:09:08,477 - data_loader - INFO - Loading conversation from data/tiny/train/tiny.train.ascii.txt
2026-05-06 23:09:08,478 - data_loader - INFO -   Read 300 lines from ASCII file
2026-05-06 23:09:08,479 - data_loader - INFO -   Parsed 300 messages, found 32 unique users
2026-05-06 23:09:08,495 - data_loader - INFO -   Loaded 212 gold links from annotation file
2026-05-06 23:09:08,495 - data_loader - INFO -   Conversation 'tiny.train' loaded in 0.02s
2026-05-06 23:09:08,499 - data_loader - INFO -   Creating samples for tiny.train: messages 0 to 300 (limited)
2026-05-06 23:09:08,515 - data_loader - INFO -   Created 61 samples for tiny.train
2026-05-06 23:09:08,515 - data_loader - INFO -   File 1/1: tiny.train - 300 messages, 61 total samples so far
2026-05-06 23:09:08,515 - data_loader - INFO - Dataset initialization complete: 61 samples from 1 conversations in 0.04s
2026-05-06 23:09:08,515 - __main__ - INFO -   Train dataset created: 61 samples
2026-05-06 23:09:08,515 - __main__ - INFO - Loading 1 dev files...
2026-05-06 23:09:08,515 - data_loader - INFO - Initializing IRCDisentanglementDataset with 1 files
2026-05-06 23:09:08,515 - data_loader - INFO -   max_dist=50, max_length=128, skip_labels=False
2026-05-06 23:09:08,515 - data_loader - INFO -   test_start=0, test_end=1000000000
2026-05-06 23:09:08,515 - data_loader - INFO - Loading conversation from data/tiny/dev/tiny.dev.ascii.txt
2026-05-06 23:09:08,517 - data_loader - INFO -   Read 250 lines from ASCII file
2026-05-06 23:09:08,518 - data_loader - INFO -   Parsed 250 messages, found 30 unique users
2026-05-06 23:09:08,530 - data_loader - INFO -   Loaded 188 gold links from annotation file
2026-05-06 23:09:08,530 - data_loader - INFO -   Conversation 'tiny.dev' loaded in 0.02s
2026-05-06 23:09:08,531 - data_loader - INFO -   Creating samples for tiny.dev: all 250 messages
2026-05-06 23:09:08,542 - data_loader - INFO -   Created 65 samples for tiny.dev
2026-05-06 23:09:08,542 - data_loader - INFO -   File 1/1: tiny.dev - 250 messages, 65 total samples so far
2026-05-06 23:09:08,542 - data_loader - INFO - Dataset initialization complete: 65 samples from 1 conversations in 0.03s
2026-05-06 23:09:08,542 - __main__ - INFO -   Dev dataset created: 65 samples
2026-05-06 23:09:08,543 - __main__ - INFO -   Train dataset: 61 samples
2026-05-06 23:09:08,543 - __main__ - INFO -   Dev dataset: 65 samples
2026-05-06 23:09:08,543 - __main__ - INFO - Creating model...
2026-05-06 23:09:08,796 - httpx - INFO - HTTP Request: HEAD https://huggingface.co/microsoft/deberta-v3-base/resolve/main/config.json "HTTP/1.1 307 Temporary Redirect"
Warning: You are sending unauthenticated requests to the HF Hub. Please set a HF_TOKEN to enable higher rate limits and faster downloads.
2026-05-06 23:09:08,796 - huggingface_hub.utils._http - WARNING - Warning: You are sending unauthenticated requests to the HF Hub. Please set a HF_TOKEN to enable higher rate limits and faster downloads.
2026-05-06 23:09:08,803 - httpx - INFO - HTTP Request: HEAD https://huggingface.co/api/resolve-cache/models/microsoft/deberta-v3-base/8ccc9b6f36199bec6961081d44eb72fb3f7353f3/config.json "HTTP/1.1 200 OK"
2026-05-06 23:09:09,516 - httpx - INFO - HTTP Request: HEAD https://huggingface.co/microsoft/deberta-v3-base/resolve/main/model.safetensors "HTTP/1.1 404 Not Found"
2026-05-06 23:09:09,751 - httpx - INFO - HTTP Request: GET https://huggingface.co/api/models/microsoft/deberta-v3-base "HTTP/1.1 200 OK"
2026-05-06 23:09:10,001 - httpx - INFO - HTTP Request: GET https://huggingface.co/api/models/microsoft/deberta-v3-base/commits/main "HTTP/1.1 200 OK"
Loading weights:   0%|          | 0/198 [00:00<?, ?it/s]Loading weights: 100%|██████████| 198/198 [00:00<00:00, 26947.63it/s]
2026-05-06 23:09:10,256 - httpx - INFO - HTTP Request: GET https://huggingface.co/api/models/microsoft/deberta-v3-base/discussions?p=0 "HTTP/1.1 200 OK"
2026-05-06 23:09:10,505 - httpx - INFO - HTTP Request: GET https://huggingface.co/api/models/microsoft/deberta-v3-base/commits/refs%2Fpr%2F14 "HTTP/1.1 200 OK"
[transformers] [1mDebertaV2Model LOAD REPORT[0m from: microsoft/deberta-v3-base
Key                                     | Status     |  | 
----------------------------------------+------------+--+-
lm_predictions.lm_head.LayerNorm.bias   | UNEXPECTED |  | 
lm_predictions.lm_head.dense.bias       | UNEXPECTED |  | 
mask_predictions.dense.bias             | UNEXPECTED |  | 
mask_predictions.LayerNorm.bias         | UNEXPECTED |  | 
lm_predictions.lm_head.bias             | UNEXPECTED |  | 
mask_predictions.LayerNorm.weight       | UNEXPECTED |  | 
mask_predictions.classifier.weight      | UNEXPECTED |  | 
lm_predictions.lm_head.LayerNorm.weight | UNEXPECTED |  | 
lm_predictions.lm_head.dense.weight     | UNEXPECTED |  | 
mask_predictions.classifier.bias        | UNEXPECTED |  | 
mask_predictions.dense.weight           | UNEXPECTED |  | 

Notes:
- UNEXPECTED:	can be ignored when loading from different task/architecture; not ok if you expect identical arch.
2026-05-06 23:09:10,736 - httpx - INFO - HTTP Request: HEAD https://huggingface.co/microsoft/deberta-v3-base/resolve/refs%2Fpr%2F14/model.safetensors.index.json "HTTP/1.1 404 Not Found"
2026-05-06 23:09:10,964 - httpx - INFO - HTTP Request: HEAD https://huggingface.co/microsoft/deberta-v3-base/resolve/refs%2Fpr%2F14/model.safetensors "HTTP/1.1 302 Found"
2026-05-06 23:09:11,301 - httpx - INFO - HTTP Request: HEAD https://huggingface.co/microsoft/deberta-v3-base/resolve/main/config.json "HTTP/1.1 307 Temporary Redirect"
2026-05-06 23:09:11,307 - httpx - INFO - HTTP Request: HEAD https://huggingface.co/api/resolve-cache/models/microsoft/deberta-v3-base/8ccc9b6f36199bec6961081d44eb72fb3f7353f3/config.json "HTTP/1.1 200 OK"
2026-05-06 23:09:11,848 - __main__ - INFO -   Parameters: 183,832,326 trainable, 183,832,326 total
2026-05-06 23:09:11,848 - __main__ - INFO -   BERT hidden size: 768
2026-05-06 23:09:11,848 - __main__ - INFO -   Combined size: 773
2026-05-06 23:09:11,849 - __main__ - INFO - Created AdamW optimizer with lr=5e-05
2026-05-06 23:09:11,849 - __main__ - INFO - Created scheduler with 1 warmup steps (10% of 16 total steps)
2026-05-06 23:09:11,849 - __main__ - INFO - Starting training from epoch 1...
2026-05-06 23:09:11,849 - __main__ - INFO - ================================================================================
2026-05-06 23:09:11,849 - __main__ - INFO - Epoch 1/1
2026-05-06 23:09:11,849 - __main__ - INFO - --------------------------------------------------------------------------------
2026-05-06 23:09:11,850 - __main__ - INFO - Starting epoch 1 with 16 batches
2026-05-06 23:09:12,812 - __main__ - ERROR -   Batch 1: CUDA Out of Memory (OOM) during forward pass!
2026-05-06 23:09:12,813 - __main__ - ERROR -   Memory at OOM: 19595/19728MB
2026-05-06 23:09:13,234 - __main__ - ERROR -   Batch 2: CUDA Out of Memory (OOM) during forward pass!
2026-05-06 23:09:13,235 - __main__ - ERROR -   Memory at OOM: 19318/19658MB
2026-05-06 23:09:13,502 - __main__ - ERROR -   Batch 3: CUDA Out of Memory (OOM) during forward pass!
2026-05-06 23:09:13,503 - __main__ - ERROR -   Memory at OOM: 19318/19658MB
2026-05-06 23:09:14,093 - __main__ - ERROR -   Batch 4: CUDA Out of Memory (OOM) during forward pass!
2026-05-06 23:09:14,093 - __main__ - ERROR -   Memory at OOM: 19619/19720MB
2026-05-06 23:09:14,356 - __main__ - ERROR -   Batch 5: CUDA Out of Memory (OOM) during forward pass!
2026-05-06 23:09:14,357 - __main__ - ERROR -   Memory at OOM: 19337/19720MB
2026-05-06 23:09:14,622 - __main__ - ERROR -   Batch 6: CUDA Out of Memory (OOM) during forward pass!
2026-05-06 23:09:14,622 - __main__ - ERROR -   Memory at OOM: 19126/19720MB
2026-05-06 23:09:14,875 - __main__ - ERROR -   Batch 7: CUDA Out of Memory (OOM) during forward pass!
2026-05-06 23:09:14,875 - __main__ - ERROR -   Memory at OOM: 18717/19720MB
2026-05-06 23:09:15,138 - __main__ - ERROR -   Batch 8: CUDA Out of Memory (OOM) during forward pass!
2026-05-06 23:09:15,139 - __main__ - ERROR -   Memory at OOM: 19337/19720MB
2026-05-06 23:09:15,401 - __main__ - ERROR -   Batch 9: CUDA Out of Memory (OOM) during forward pass!
2026-05-06 23:09:15,402 - __main__ - ERROR -   Memory at OOM: 19337/19720MB
2026-05-06 23:09:15,654 - __main__ - ERROR -   Batch 10: CUDA Out of Memory (OOM) during forward pass!
2026-05-06 23:09:15,654 - __main__ - ERROR -   Memory at OOM: 18717/19720MB
2026-05-06 23:09:15,922 - __main__ - ERROR -   Batch 11: CUDA Out of Memory (OOM) during forward pass!
2026-05-06 23:09:15,923 - __main__ - ERROR -   Memory at OOM: 19126/19720MB
2026-05-06 23:09:16,177 - __main__ - ERROR -   Batch 12: CUDA Out of Memory (OOM) during forward pass!
2026-05-06 23:09:16,177 - __main__ - ERROR -   Memory at OOM: 18717/19720MB
2026-05-06 23:09:16,441 - __main__ - ERROR -   Batch 13: CUDA Out of Memory (OOM) during forward pass!
2026-05-06 23:09:16,442 - __main__ - ERROR -   Memory at OOM: 19126/19720MB
2026-05-06 23:09:16,707 - __main__ - ERROR -   Batch 14: CUDA Out of Memory (OOM) during forward pass!
2026-05-06 23:09:16,708 - __main__ - ERROR -   Memory at OOM: 19126/19720MB
2026-05-06 23:09:16,974 - __main__ - ERROR -   Batch 15: CUDA Out of Memory (OOM) during forward pass!
2026-05-06 23:09:16,975 - __main__ - ERROR -   Memory at OOM: 19126/19720MB
2026-05-06 23:09:17,379 - __main__ - INFO - Epoch 1 complete in 5.53s, avg_loss=3.8961
2026-05-06 23:09:17,380 - __main__ - INFO - Train Loss: 3.8961
2026-05-06 23:09:17,380 - __main__ - INFO - Evaluating on dev set...
2026-05-06 23:09:17,381 - __main__ - INFO - Starting evaluation on 65 samples
Evaluating:   0%|          | 0/17 [00:00<?, ?it/s]Evaluating:   6%|▌         | 1/17 [00:00<00:02,  6.40it/s]Evaluating:  18%|█▊        | 3/17 [00:00<00:01,  7.94it/s]Evaluating:  24%|██▎       | 4/17 [00:00<00:01,  7.04it/s]Evaluating:  29%|██▉       | 5/17 [00:00<00:02,  5.97it/s]Evaluating:  35%|███▌      | 6/17 [00:01<00:02,  5.37it/s]Evaluating:  41%|████      | 7/17 [00:01<00:01,  5.04it/s]Evaluating:  47%|████▋     | 8/17 [00:01<00:01,  4.57it/s]Evaluating:  53%|█████▎    | 9/17 [00:01<00:02,  3.44it/s]2026-05-06 23:09:19,596 - __main__ - INFO -   Evaluation progress: 10/17 batches (4.52 batches/s)
Evaluating:  59%|█████▉    | 10/17 [00:02<00:01,  3.53it/s]Evaluating:  65%|██████▍   | 11/17 [00:02<00:01,  3.69it/s]Evaluating:  71%|███████   | 12/17 [00:02<00:01,  3.84it/s]Evaluating:  76%|███████▋  | 13/17 [00:02<00:01,  3.94it/s]Evaluating:  82%|████████▏ | 14/17 [00:03<00:00,  4.02it/s]Evaluating:  88%|████████▊ | 15/17 [00:03<00:00,  4.14it/s]Evaluating:  94%|█████████▍| 16/17 [00:03<00:00,  4.22it/s]                                                           2026-05-06 23:09:21,103 - __main__ - INFO - Evaluation complete in 3.72s
2026-05-06 23:09:21,103 - __main__ - INFO -   Loss: nan, Accuracy: 0.0154, Precision: 0.0003, Recall: 0.0208, F1: 0.0006
2026-05-06 23:09:21,104 - __main__ - INFO - Dev Loss: nan
2026-05-06 23:09:21,104 - __main__ - INFO - Dev Accuracy: 0.0154
2026-05-06 23:09:21,104 - __main__ - INFO -   New best F1! Saving best model...
2026-05-06 23:09:22,691 - __main__ - INFO - Saved checkpoint to /scratch/user/s4901673/ircbert_runs/checkpoints/best/checkpoint_epoch_1.pt
2026-05-06 23:09:24,126 - __main__ - INFO - Saved checkpoint to /scratch/user/s4901673/ircbert_runs/checkpoints/checkpoint_epoch_1.pt
2026-05-06 23:09:24,126 - __main__ - INFO - Training complete in 12.28s!
2026-05-06 23:09:24,126 - __main__ - INFO - Best F1: 0.0154 at epoch 1
2026-05-06 23:09:24,126 - __main__ - INFO - ================================================================================
2026-05-06 23:09:24,126 - __main__ - INFO - Done!
2026-05-06 23:09:24,126 - __main__ - INFO - ================================================================================
2026-05-06 23:09:24,126 - __main__ - INFO - Log file: /scratch/user/s4901673/ircbert_runs/logs/train_20260506_230906.log
