2026-05-10 16:50:41,624 - __main__ - INFO - ================================================================================
2026-05-10 16:50:41,624 - __main__ - INFO - IRC Conversation Disentanglement Training
2026-05-10 16:50:41,624 - __main__ - INFO - ================================================================================
2026-05-10 16:50:41,624 - __main__ - INFO - --- System Diagnostics ---
2026-05-10 16:50:41,624 - __main__ - INFO - OS: Linux 5.14.0-611.24.1.el9_7.x86_64
2026-05-10 16:50:41,624 - __main__ - INFO - Python: 3.10.20
2026-05-10 16:50:41,624 - __main__ - INFO - RAM: 754.91 GB total, 690.64 GB available
2026-05-10 16:50:41,639 - __main__ - INFO - GPU 0: NVIDIA L40S
2026-05-10 16:50:41,639 - __main__ - INFO -   Total Memory: 45460 MB
2026-05-10 16:50:41,639 - __main__ - INFO -   Compute Capability: 8.9
2026-05-10 16:50:41,639 - __main__ - INFO - --------------------------
2026-05-10 16:50:41,639 - __main__ - INFO - Mode: train
2026-05-10 16:50:41,639 - __main__ - INFO - Device: cuda
2026-05-10 16:50:41,639 - __main__ - INFO - Model: microsoft/deberta-v3-base
2026-05-10 16:50:41,639 - __main__ - INFO - Batch size: 4
2026-05-10 16:50:41,639 - __main__ - INFO - Learning rate: 5e-05
2026-05-10 16:50:41,639 - __main__ - INFO - Epochs: 1
2026-05-10 16:50:41,639 - __main__ - INFO - Max dist: 15
2026-05-10 16:50:41,639 - __main__ - INFO - Max length: 128
2026-05-10 16:50:41,639 - __main__ - INFO - Output dir: /scratch/user/s4901673/ircbert_runs/debug_checkpoints
2026-05-10 16:50:41,640 - __main__ - INFO - Using device: cuda
2026-05-10 16:50:41,640 - __main__ - INFO - Loading tokenizer: microsoft/deberta-v3-base
2026-05-10 16:50:41,911 - httpx - INFO - HTTP Request: HEAD https://huggingface.co/microsoft/deberta-v3-base/resolve/main/config.json "HTTP/1.1 307 Temporary Redirect"
Warning: You are sending unauthenticated requests to the HF Hub. Please set a HF_TOKEN to enable higher rate limits and faster downloads.
2026-05-10 16:50:41,912 - huggingface_hub.utils._http - WARNING - Warning: You are sending unauthenticated requests to the HF Hub. Please set a HF_TOKEN to enable higher rate limits and faster downloads.
2026-05-10 16:50:41,918 - httpx - INFO - HTTP Request: HEAD https://huggingface.co/api/resolve-cache/models/microsoft/deberta-v3-base/8ccc9b6f36199bec6961081d44eb72fb3f7353f3/config.json "HTTP/1.1 200 OK"
2026-05-10 16:50:42,157 - httpx - INFO - HTTP Request: HEAD https://huggingface.co/microsoft/deberta-v3-base/resolve/main/tokenizer_config.json "HTTP/1.1 307 Temporary Redirect"
2026-05-10 16:50:42,163 - httpx - INFO - HTTP Request: HEAD https://huggingface.co/api/resolve-cache/models/microsoft/deberta-v3-base/8ccc9b6f36199bec6961081d44eb72fb3f7353f3/tokenizer_config.json "HTTP/1.1 200 OK"
2026-05-10 16:50:42,398 - httpx - INFO - HTTP Request: GET https://huggingface.co/api/models/microsoft/deberta-v3-base/tree/main/additional_chat_templates?recursive=false&expand=false "HTTP/1.1 404 Not Found"
2026-05-10 16:50:42,630 - httpx - INFO - HTTP Request: GET https://huggingface.co/api/models/microsoft/deberta-v3-base/tree/main?recursive=true&expand=false "HTTP/1.1 200 OK"
2026-05-10 16:50:43,107 - httpx - INFO - HTTP Request: GET https://huggingface.co/api/models/microsoft/deberta-v3-base "HTTP/1.1 200 OK"
2026-05-10 16:50:43,111 - __main__ - INFO - Tokenizer loaded: DebertaV2Tokenizer
2026-05-10 16:50:43,111 - __main__ - INFO - Creating dataloaders...
2026-05-10 16:50:43,113 - __main__ - INFO - Loading 1 train files...
2026-05-10 16:50:43,113 - data_loader - INFO - Initializing IRCDisentanglementDataset with 1 files
2026-05-10 16:50:43,113 - data_loader - INFO -   max_dist=15, max_length=128, skip_labels=False
2026-05-10 16:50:43,113 - data_loader - INFO -   test_start=0, test_end=500
2026-05-10 16:50:43,113 - data_loader - INFO - Loading conversation from data/tiny/train/tiny.train.ascii.txt
2026-05-10 16:50:43,114 - data_loader - INFO -   Read 300 lines from ASCII file
2026-05-10 16:50:43,115 - data_loader - INFO -   Parsed 300 messages, found 32 unique users
2026-05-10 16:50:43,125 - data_loader - INFO -   Loaded 212 gold links from annotation file
2026-05-10 16:50:43,126 - data_loader - INFO -   Conversation 'tiny.train' loaded in 0.01s
2026-05-10 16:50:43,126 - data_loader - INFO -   Creating samples for tiny.train: messages 0 to 300 (limited)
2026-05-10 16:50:43,130 - data_loader - INFO -   Created 61 samples for tiny.train
2026-05-10 16:50:43,130 - data_loader - INFO -   File 1/1: tiny.train - 300 messages, 61 total samples so far
2026-05-10 16:50:43,130 - data_loader - INFO - Dataset initialization complete: 61 samples from 1 conversations in 0.02s
2026-05-10 16:50:43,130 - __main__ - INFO -   Train dataset created: 61 samples
2026-05-10 16:50:43,130 - __main__ - INFO - Loading 1 dev files...
2026-05-10 16:50:43,130 - data_loader - INFO - Initializing IRCDisentanglementDataset with 1 files
2026-05-10 16:50:43,130 - data_loader - INFO -   max_dist=15, max_length=128, skip_labels=False
2026-05-10 16:50:43,130 - data_loader - INFO -   test_start=0, test_end=1000000000
2026-05-10 16:50:43,131 - data_loader - INFO - Loading conversation from data/tiny/dev/tiny.dev.ascii.txt
2026-05-10 16:50:43,131 - data_loader - INFO -   Read 250 lines from ASCII file
2026-05-10 16:50:43,132 - data_loader - INFO -   Parsed 250 messages, found 30 unique users
2026-05-10 16:50:43,140 - data_loader - INFO -   Loaded 188 gold links from annotation file
2026-05-10 16:50:43,140 - data_loader - INFO -   Conversation 'tiny.dev' loaded in 0.01s
2026-05-10 16:50:43,140 - data_loader - INFO -   Creating samples for tiny.dev: all 250 messages
2026-05-10 16:50:43,143 - data_loader - INFO -   Created 65 samples for tiny.dev
2026-05-10 16:50:43,143 - data_loader - INFO -   File 1/1: tiny.dev - 250 messages, 65 total samples so far
2026-05-10 16:50:43,144 - data_loader - INFO - Dataset initialization complete: 65 samples from 1 conversations in 0.01s
2026-05-10 16:50:43,144 - __main__ - INFO -   Dev dataset created: 65 samples
2026-05-10 16:50:43,144 - __main__ - INFO -   Train dataset: 61 samples
2026-05-10 16:50:43,144 - __main__ - INFO - Training: 61 samples | 16 batches/epoch | batch_size=4 | max_dist=15 | max_length=128
2026-05-10 16:50:43,144 - __main__ - INFO -   Dev dataset: 65 samples
2026-05-10 16:50:43,144 - __main__ - INFO - Validation: 65 samples | 17 batches
2026-05-10 16:50:43,144 - __main__ - INFO - Creating model...
2026-05-10 16:50:43,372 - httpx - INFO - HTTP Request: HEAD https://huggingface.co/microsoft/deberta-v3-base/resolve/main/config.json "HTTP/1.1 307 Temporary Redirect"
2026-05-10 16:50:43,378 - httpx - INFO - HTTP Request: HEAD https://huggingface.co/api/resolve-cache/models/microsoft/deberta-v3-base/8ccc9b6f36199bec6961081d44eb72fb3f7353f3/config.json "HTTP/1.1 200 OK"
2026-05-10 16:50:43,921 - httpx - INFO - HTTP Request: HEAD https://huggingface.co/microsoft/deberta-v3-base/resolve/main/model.safetensors "HTTP/1.1 404 Not Found"
2026-05-10 16:50:44,153 - httpx - INFO - HTTP Request: GET https://huggingface.co/api/models/microsoft/deberta-v3-base "HTTP/1.1 200 OK"
Device: cuda
Model: microsoft/deberta-v3-base
Output dir: /scratch/user/s4901673/ircbert_runs/debug_checkpoints
================================================================================
Loading weights:   0%|          | 0/198 [00:00<?, ?it/s]Loading weights: 100%|██████████| 198/198 [00:00<00:00, 51823.54it/s]
2026-05-10 16:50:44,399 - httpx - INFO - HTTP Request: GET https://huggingface.co/api/models/microsoft/deberta-v3-base/commits/main "HTTP/1.1 200 OK"
2026-05-10 16:50:44,648 - httpx - INFO - HTTP Request: GET https://huggingface.co/api/models/microsoft/deberta-v3-base/discussions?p=0 "HTTP/1.1 200 OK"
[transformers] [1mDebertaV2Model LOAD REPORT[0m from: microsoft/deberta-v3-base
Key                                     | Status     |  | 
----------------------------------------+------------+--+-
mask_predictions.dense.bias             | UNEXPECTED |  | 
mask_predictions.LayerNorm.weight       | UNEXPECTED |  | 
mask_predictions.classifier.bias        | UNEXPECTED |  | 
mask_predictions.dense.weight           | UNEXPECTED |  | 
lm_predictions.lm_head.LayerNorm.weight | UNEXPECTED |  | 
lm_predictions.lm_head.bias             | UNEXPECTED |  | 
lm_predictions.lm_head.dense.bias       | UNEXPECTED |  | 
mask_predictions.classifier.weight      | UNEXPECTED |  | 
lm_predictions.lm_head.dense.weight     | UNEXPECTED |  | 
mask_predictions.LayerNorm.bias         | UNEXPECTED |  | 
lm_predictions.lm_head.LayerNorm.bias   | UNEXPECTED |  | 

Notes:
- UNEXPECTED:	can be ignored when loading from different task/architecture; not ok if you expect identical arch.
2026-05-10 16:50:44,890 - httpx - INFO - HTTP Request: GET https://huggingface.co/api/models/microsoft/deberta-v3-base/commits/refs%2Fpr%2F14 "HTTP/1.1 200 OK"
2026-05-10 16:50:44,892 - httpx - INFO - HTTP Request: HEAD https://huggingface.co/microsoft/deberta-v3-base/resolve/main/config.json "HTTP/1.1 307 Temporary Redirect"
2026-05-10 16:50:44,897 - httpx - INFO - HTTP Request: HEAD https://huggingface.co/api/resolve-cache/models/microsoft/deberta-v3-base/8ccc9b6f36199bec6961081d44eb72fb3f7353f3/config.json "HTTP/1.1 200 OK"
2026-05-10 16:50:45,130 - httpx - INFO - HTTP Request: HEAD https://huggingface.co/microsoft/deberta-v3-base/resolve/refs%2Fpr%2F14/model.safetensors.index.json "HTTP/1.1 404 Not Found"
2026-05-10 16:50:45,290 - __main__ - INFO -   Parameters: 183,832,326 trainable, 183,832,326 total
2026-05-10 16:50:45,290 - __main__ - INFO -   BERT hidden size: 768
2026-05-10 16:50:45,290 - __main__ - INFO -   Combined size: 773
2026-05-10 16:50:45,291 - __main__ - INFO - Created AdamW optimizer with lr=5e-05
2026-05-10 16:50:45,291 - __main__ - INFO - Created scheduler with 1 warmup steps (10% of 16 total steps)
2026-05-10 16:50:45,291 - __main__ - INFO - Starting training from epoch 1...
2026-05-10 16:50:45,291 - __main__ - INFO - ================================================================================
2026-05-10 16:50:45,291 - __main__ - INFO - Epoch 1/1
2026-05-10 16:50:45,291 - __main__ - INFO - --------------------------------------------------------------------------------
2026-05-10 16:50:45,292 - __main__ - INFO - Epoch 1: Peak memory stats reset.
2026-05-10 16:50:45,292 - __main__ - INFO - Starting epoch 1 with 16 batches
2026-05-10 16:50:45,356 - httpx - INFO - HTTP Request: HEAD https://huggingface.co/microsoft/deberta-v3-base/resolve/refs%2Fpr%2F14/model.safetensors "HTTP/1.1 302 Found"
2026-05-10 16:50:45,360 - __main__ - INFO -   [Epoch 1 Batch 0 SANITY CHECK]
2026-05-10 16:50:45,360 - __main__ - INFO -     input_ids shape : [4, 14, 128]  (batch x max_C x seq_len)
2026-05-10 16:50:45,360 - __main__ - INFO -     features shape  : [4, 14, 5]
2026-05-10 16:50:45,360 - __main__ - INFO -     labels shape    : [4]
2026-05-10 16:50:45,360 - __main__ - INFO -     Candidate counts per sample: min=11 max=14 mean=12.8
2026-05-10 16:50:45,361 - __main__ - INFO -     Label values: [13, 12, 10, 12]
2026-05-10 16:50:45,361 - __main__ - INFO -     Label distribution (this batch): {10: 1, 12: 2, 13: 1}
2026-05-10 16:50:45,864 - __main__ - INFO -   [Epoch 1 Batch 0 DIAGNOSTIC] C=14 | logits: min=-10000.0000 max=0.8142 mean=-892.6034 has_nan=False | labels=[13, 12, 10, 12] max_label=13
2026-05-10 16:50:46,042 - __main__ - INFO -   Epoch 1 Batch 0 gradient norm: 5.4527
2026-05-10 16:50:46,289 - __main__ - INFO -   [Epoch 1 Batch 1 DIAGNOSTIC] C=15 | logits: min=nan max=nan mean=nan has_nan=True | labels=[14, 14, 13, 11] max_label=14
2026-05-10 16:50:46,289 - __main__ - ERROR -   Batch 2: NaN or Inf loss detected! Skipping batch.
2026-05-10 16:50:46,332 - __main__ - INFO -   [Epoch 1 Batch 2 DIAGNOSTIC] C=15 | logits: min=nan max=nan mean=nan has_nan=True | labels=[12, 14, 10, 12] max_label=14
2026-05-10 16:50:46,332 - __main__ - ERROR -   Batch 3: NaN or Inf loss detected! Skipping batch.
2026-05-10 16:50:46,358 - __main__ - ERROR -   Batch 4: NaN or Inf loss detected! Skipping batch.
2026-05-10 16:50:46,402 - __main__ - ERROR -   Batch 5: NaN or Inf loss detected! Skipping batch.
2026-05-10 16:50:46,429 - __main__ - ERROR -   Batch 6: NaN or Inf loss detected! Skipping batch.
2026-05-10 16:50:46,455 - __main__ - ERROR -   Batch 7: NaN or Inf loss detected! Skipping batch.
2026-05-10 16:50:46,482 - __main__ - ERROR -   Batch 8: NaN or Inf loss detected! Skipping batch.
2026-05-10 16:50:46,508 - __main__ - ERROR -   Batch 9: NaN or Inf loss detected! Skipping batch.
2026-05-10 16:50:46,533 - __main__ - ERROR -   Batch 10: NaN or Inf loss detected! Skipping batch.
2026-05-10 16:50:46,559 - __main__ - ERROR -   Batch 11: NaN or Inf loss detected! Skipping batch.
2026-05-10 16:50:46,587 - __main__ - ERROR -   Batch 12: NaN or Inf loss detected! Skipping batch.
2026-05-10 16:50:46,613 - __main__ - ERROR -   Batch 13: NaN or Inf loss detected! Skipping batch.
2026-05-10 16:50:46,640 - __main__ - ERROR -   Batch 14: NaN or Inf loss detected! Skipping batch.
2026-05-10 16:50:46,666 - __main__ - ERROR -   Batch 15: NaN or Inf loss detected! Skipping batch.
2026-05-10 16:50:46,680 - __main__ - ERROR -   Batch 16: NaN or Inf loss detected! Skipping batch.
2026-05-10 16:50:46,705 - __main__ - INFO - Epoch 1 complete in 1.41s | avg_loss=2.5764 | batches: 1 succeeded, 15 skipped (OOM/NaN)
2026-05-10 16:50:46,705 - __main__ - WARNING -   WARNING: 93.8% of batches were skipped this epoch!
2026-05-10 16:50:46,707 - __main__ - INFO - Train Loss: 2.5764
2026-05-10 16:50:46,708 - __main__ - INFO - Evaluating on dev set...
2026-05-10 16:50:46,709 - __main__ - INFO - Starting evaluation on 65 samples
Evaluating:   0%|          | 0/17 [00:00<?, ?it/s]Evaluating:  12%|█▏        | 2/17 [00:00<00:00, 16.78it/s]Evaluating:  41%|████      | 7/17 [00:00<00:00, 33.74it/s]2026-05-10 16:50:47,008 - __main__ - INFO -   Evaluation progress: 10/17 batches (33.45 batches/s)
Evaluating:  71%|███████   | 12/17 [00:00<00:00, 37.62it/s]                                                           2026-05-10 16:50:47,188 - __main__ - INFO -   Prediction sample (first 20):
2026-05-10 16:50:47,188 - __main__ - INFO -     Predicted: [0, 0, 0, 0, 0, 0, 0, 0, 0, 0, 0, 0, 0, 0, 0, 0, 0, 0, 0, 0]
2026-05-10 16:50:47,188 - __main__ - INFO -     Gold:      [0, 1, 1, 13, 12, 12, 11, 10, 10, 9, 8, 10, 11, 11, 12, 11, 10, 9, 10, 10]
2026-05-10 16:50:47,188 - __main__ - INFO -     Abs error: [0, 1, 1, 13, 12, 12, 11, 10, 10, 9, 8, 10, 11, 11, 12, 11, 10, 9, 10, 10] (mean=9.05)
2026-05-10 16:50:47,189 - __main__ - INFO -   Per-position accuracy (top 10 classes):
2026-05-10 16:50:47,189 - __main__ - INFO -     Position  0: 1.000 accuracy (1 samples)
2026-05-10 16:50:47,189 - __main__ - INFO -     Position  1: 0.000 accuracy (2 samples)
2026-05-10 16:50:47,189 - __main__ - INFO -     Position  7: 0.000 accuracy (1 samples)
2026-05-10 16:50:47,189 - __main__ - INFO -     Position  8: 0.000 accuracy (2 samples)
2026-05-10 16:50:47,189 - __main__ - INFO -     Position  9: 0.000 accuracy (8 samples)
2026-05-10 16:50:47,189 - __main__ - INFO - Evaluation complete in 0.48s
2026-05-10 16:50:47,189 - __main__ - INFO -   Loss: nan, Accuracy: 0.0154, Precision: 0.0010, Recall: 0.0667, F1: 0.0020
2026-05-10 16:50:47,189 - __main__ - INFO - Dev Loss: nan
2026-05-10 16:50:47,189 - __main__ - INFO - Dev Accuracy: 0.0154
2026-05-10 16:50:47,189 - __main__ - INFO -   New best F1! Saving best model...
2026-05-10 16:50:48,478 - __main__ - INFO - Saved checkpoint to /scratch/user/s4901673/ircbert_runs/debug_checkpoints/best/checkpoint_epoch_1.pt
2026-05-10 16:50:49,595 - __main__ - INFO - Saved checkpoint to /scratch/user/s4901673/ircbert_runs/debug_checkpoints/checkpoint_epoch_1.pt
2026-05-10 16:50:49,595 - __main__ - INFO - Training complete in 4.30s!
2026-05-10 16:50:49,595 - __main__ - INFO - Best F1: 0.0154 at epoch 1
2026-05-10 16:50:49,595 - __main__ - INFO - ================================================================================
2026-05-10 16:50:49,595 - __main__ - INFO - Done!
2026-05-10 16:50:49,595 - __main__ - INFO - ================================================================================
2026-05-10 16:50:49,595 - __main__ - INFO - Log file: /home/s4901673/workspace/irc-disentanglement-bert-pytorch/logs/train_20260510_165041.log
