2026-05-10 17:49:40,657 - __main__ - INFO - ================================================================================
2026-05-10 17:49:40,657 - __main__ - INFO - IRC Conversation Disentanglement Training
2026-05-10 17:49:40,657 - __main__ - INFO - ================================================================================
2026-05-10 17:49:40,657 - __main__ - INFO - --- System Diagnostics ---
2026-05-10 17:49:40,657 - __main__ - INFO - OS: Linux 5.14.0-611.24.1.el9_7.x86_64
2026-05-10 17:49:40,657 - __main__ - INFO - Python: 3.10.20
2026-05-10 17:49:40,657 - __main__ - INFO - RAM: 2003.13 GB total, 1957.07 GB available
2026-05-10 17:49:40,674 - __main__ - INFO - GPU 0: NVIDIA L40
2026-05-10 17:49:40,674 - __main__ - INFO -   Total Memory: 45460 MB
2026-05-10 17:49:40,674 - __main__ - INFO -   Compute Capability: 8.9
2026-05-10 17:49:40,674 - __main__ - INFO - --------------------------
2026-05-10 17:49:40,674 - __main__ - INFO - Mode: train
2026-05-10 17:49:40,674 - __main__ - INFO - Device: cuda
2026-05-10 17:49:40,674 - __main__ - INFO - Model: microsoft/deberta-v3-base
2026-05-10 17:49:40,674 - __main__ - INFO - Batch size: 4
2026-05-10 17:49:40,674 - __main__ - INFO - Learning rate: 5e-05
2026-05-10 17:49:40,674 - __main__ - INFO - Epochs: 1
2026-05-10 17:49:40,674 - __main__ - INFO - Max dist: 15
2026-05-10 17:49:40,674 - __main__ - INFO - Max length: 128
2026-05-10 17:49:40,674 - __main__ - INFO - Output dir: /scratch/user/s4901673/ircbert_runs/debug_checkpoints
2026-05-10 17:49:40,674 - __main__ - INFO - Using device: cuda
2026-05-10 17:49:40,675 - __main__ - INFO - Loading tokenizer: microsoft/deberta-v3-base
2026-05-10 17:49:40,925 - httpx - INFO - HTTP Request: HEAD https://huggingface.co/microsoft/deberta-v3-base/resolve/main/config.json "HTTP/1.1 307 Temporary Redirect"
2026-05-10 17:49:40,932 - httpx - INFO - HTTP Request: HEAD https://huggingface.co/api/resolve-cache/models/microsoft/deberta-v3-base/8ccc9b6f36199bec6961081d44eb72fb3f7353f3/config.json "HTTP/1.1 200 OK"
2026-05-10 17:49:41,171 - httpx - INFO - HTTP Request: HEAD https://huggingface.co/microsoft/deberta-v3-base/resolve/main/tokenizer_config.json "HTTP/1.1 307 Temporary Redirect"
2026-05-10 17:49:41,179 - httpx - INFO - HTTP Request: HEAD https://huggingface.co/api/resolve-cache/models/microsoft/deberta-v3-base/8ccc9b6f36199bec6961081d44eb72fb3f7353f3/tokenizer_config.json "HTTP/1.1 200 OK"
2026-05-10 17:49:41,411 - httpx - INFO - HTTP Request: GET https://huggingface.co/api/models/microsoft/deberta-v3-base/tree/main/additional_chat_templates?recursive=false&expand=false "HTTP/1.1 404 Not Found"
2026-05-10 17:49:41,643 - httpx - INFO - HTTP Request: GET https://huggingface.co/api/models/microsoft/deberta-v3-base/tree/main?recursive=true&expand=false "HTTP/1.1 200 OK"
2026-05-10 17:49:42,124 - httpx - INFO - HTTP Request: GET https://huggingface.co/api/models/microsoft/deberta-v3-base "HTTP/1.1 200 OK"
2026-05-10 17:49:42,128 - __main__ - INFO - Tokenizer loaded: DebertaV2Tokenizer
2026-05-10 17:49:42,128 - __main__ - INFO - Creating dataloaders...
2026-05-10 17:49:42,130 - __main__ - INFO - Loading 1 train files...
2026-05-10 17:49:42,130 - data_loader - INFO - Initializing IRCDisentanglementDataset with 1 files
2026-05-10 17:49:42,130 - data_loader - INFO -   max_dist=15, max_length=128, skip_labels=False
2026-05-10 17:49:42,130 - data_loader - INFO -   test_start=0, test_end=1000000
2026-05-10 17:49:42,131 - data_loader - INFO - Loading conversation from data/train_small/train/2004-12-25.train-c.ascii.txt
2026-05-10 17:49:42,132 - data_loader - INFO -   Read 1500 lines from ASCII file
2026-05-10 17:49:42,136 - data_loader - INFO -   Parsed 1500 messages, found 94 unique users
2026-05-10 17:49:42,310 - data_loader - INFO -   Loaded 382 gold links from annotation file
2026-05-10 17:49:42,311 - data_loader - INFO -   Conversation '2004-12-25.train-c' loaded in 0.18s
2026-05-10 17:49:42,311 - data_loader - INFO -   Creating samples for 2004-12-25.train-c: messages 0 to 1500 (limited)
2026-05-10 17:49:42,326 - data_loader - INFO -   Created 174 samples for 2004-12-25.train-c
2026-05-10 17:49:42,326 - data_loader - INFO -   File 1/1: 2004-12-25.train-c - 1500 messages, 174 total samples so far
2026-05-10 17:49:42,327 - data_loader - INFO - Dataset initialization complete: 174 samples from 1 conversations in 0.20s
2026-05-10 17:49:42,327 - __main__ - INFO -   Train dataset created: 174 samples
2026-05-10 17:49:42,327 - __main__ - INFO - Loading 1 dev files...
2026-05-10 17:49:42,327 - data_loader - INFO - Initializing IRCDisentanglementDataset with 1 files
2026-05-10 17:49:42,327 - data_loader - INFO -   max_dist=15, max_length=128, skip_labels=False
2026-05-10 17:49:42,327 - data_loader - INFO -   test_start=0, test_end=1000000000
2026-05-10 17:49:42,327 - data_loader - INFO - Loading conversation from data/train_small/dev/2004-11-15_03.ascii.txt
2026-05-10 17:49:42,328 - data_loader - INFO -   Read 1250 lines from ASCII file
2026-05-10 17:49:42,332 - data_loader - INFO -   Parsed 1250 messages, found 76 unique users
2026-05-10 17:49:42,455 - data_loader - INFO -   Loaded 189 gold links from annotation file
2026-05-10 17:49:42,455 - data_loader - INFO -   Conversation '2004-11-15_03' loaded in 0.13s
2026-05-10 17:49:42,455 - data_loader - INFO -   Creating samples for 2004-11-15_03: all 1250 messages
2026-05-10 17:49:42,461 - data_loader - INFO -   Created 65 samples for 2004-11-15_03
2026-05-10 17:49:42,461 - data_loader - INFO -   File 1/1: 2004-11-15_03 - 1250 messages, 65 total samples so far
2026-05-10 17:49:42,462 - data_loader - INFO - Dataset initialization complete: 65 samples from 1 conversations in 0.13s
2026-05-10 17:49:42,462 - __main__ - INFO -   Dev dataset created: 65 samples
2026-05-10 17:49:42,462 - __main__ - INFO -   Train dataset: 174 samples
2026-05-10 17:49:42,462 - __main__ - INFO - Training: 174 samples | 44 batches/epoch | batch_size=4 | max_dist=15 | max_length=128
2026-05-10 17:49:42,462 - __main__ - INFO -   Dev dataset: 65 samples
2026-05-10 17:49:42,462 - __main__ - INFO - Validation: 65 samples | 17 batches
2026-05-10 17:49:42,462 - __main__ - INFO - Creating model...
2026-05-10 17:49:42,701 - httpx - INFO - HTTP Request: HEAD https://huggingface.co/microsoft/deberta-v3-base/resolve/main/config.json "HTTP/1.1 307 Temporary Redirect"
Warning: You are sending unauthenticated requests to the HF Hub. Please set a HF_TOKEN to enable higher rate limits and faster downloads.
2026-05-10 17:49:42,702 - huggingface_hub.utils._http - WARNING - Warning: You are sending unauthenticated requests to the HF Hub. Please set a HF_TOKEN to enable higher rate limits and faster downloads.
2026-05-10 17:49:42,708 - httpx - INFO - HTTP Request: HEAD https://huggingface.co/api/resolve-cache/models/microsoft/deberta-v3-base/8ccc9b6f36199bec6961081d44eb72fb3f7353f3/config.json "HTTP/1.1 200 OK"
2026-05-10 17:49:43,286 - httpx - INFO - HTTP Request: HEAD https://huggingface.co/microsoft/deberta-v3-base/resolve/main/model.safetensors "HTTP/1.1 404 Not Found"
2026-05-10 17:49:43,516 - httpx - INFO - HTTP Request: GET https://huggingface.co/api/models/microsoft/deberta-v3-base "HTTP/1.1 200 OK"
2026-05-10 17:49:43,865 - httpx - INFO - HTTP Request: GET https://huggingface.co/api/models/microsoft/deberta-v3-base/commits/main "HTTP/1.1 200 OK"
Device: cuda
Model: microsoft/deberta-v3-base
Output dir: /scratch/user/s4901673/ircbert_runs/debug_checkpoints
================================================================================
Loading weights:   0%|          | 0/198 [00:00<?, ?it/s]Loading weights: 100%|██████████| 198/198 [00:00<00:00, 35144.82it/s]
2026-05-10 17:49:44,113 - httpx - INFO - HTTP Request: GET https://huggingface.co/api/models/microsoft/deberta-v3-base/discussions?p=0 "HTTP/1.1 200 OK"
2026-05-10 17:49:44,358 - httpx - INFO - HTTP Request: GET https://huggingface.co/api/models/microsoft/deberta-v3-base/commits/refs%2Fpr%2F14 "HTTP/1.1 200 OK"
2026-05-10 17:49:44,593 - httpx - INFO - HTTP Request: HEAD https://huggingface.co/microsoft/deberta-v3-base/resolve/refs%2Fpr%2F14/model.safetensors.index.json "HTTP/1.1 404 Not Found"
[transformers] [1mDebertaV2Model LOAD REPORT[0m from: microsoft/deberta-v3-base
Key                                     | Status     |  | 
----------------------------------------+------------+--+-
mask_predictions.LayerNorm.weight       | UNEXPECTED |  | 
lm_predictions.lm_head.bias             | UNEXPECTED |  | 
mask_predictions.dense.bias             | UNEXPECTED |  | 
mask_predictions.dense.weight           | UNEXPECTED |  | 
mask_predictions.classifier.weight      | UNEXPECTED |  | 
lm_predictions.lm_head.LayerNorm.bias   | UNEXPECTED |  | 
mask_predictions.LayerNorm.bias         | UNEXPECTED |  | 
lm_predictions.lm_head.dense.bias       | UNEXPECTED |  | 
lm_predictions.lm_head.LayerNorm.weight | UNEXPECTED |  | 
mask_predictions.classifier.bias        | UNEXPECTED |  | 
lm_predictions.lm_head.dense.weight     | UNEXPECTED |  | 

Notes:
- UNEXPECTED:	can be ignored when loading from different task/architecture; not ok if you expect identical arch.
2026-05-10 17:49:44,833 - httpx - INFO - HTTP Request: HEAD https://huggingface.co/microsoft/deberta-v3-base/resolve/refs%2Fpr%2F14/model.safetensors "HTTP/1.1 302 Found"
2026-05-10 17:49:44,899 - httpx - INFO - HTTP Request: HEAD https://huggingface.co/microsoft/deberta-v3-base/resolve/main/config.json "HTTP/1.1 307 Temporary Redirect"
2026-05-10 17:49:44,906 - httpx - INFO - HTTP Request: HEAD https://huggingface.co/api/resolve-cache/models/microsoft/deberta-v3-base/8ccc9b6f36199bec6961081d44eb72fb3f7353f3/config.json "HTTP/1.1 200 OK"
2026-05-10 17:49:45,411 - __main__ - INFO -   Parameters: 183,832,326 trainable, 183,832,326 total
2026-05-10 17:49:45,412 - __main__ - INFO -   BERT hidden size: 768
2026-05-10 17:49:45,412 - __main__ - INFO -   Combined size: 773
2026-05-10 17:49:45,413 - __main__ - INFO - Created AdamW optimizer with lr=5e-05
2026-05-10 17:49:45,413 - __main__ - INFO - Scheduler config: total_steps=44, warmup_steps=4, warmup_ratio=0.1
2026-05-10 17:49:45,413 - __main__ - INFO - Created scheduler with 4 warmup steps (10% of 44 total steps)
2026-05-10 17:49:45,413 - __main__ - INFO - Starting training from epoch 1...
2026-05-10 17:49:45,413 - __main__ - INFO - ================================================================================
2026-05-10 17:49:45,413 - __main__ - INFO - Epoch 1/1
2026-05-10 17:49:45,413 - __main__ - INFO - --------------------------------------------------------------------------------
2026-05-10 17:49:45,414 - __main__ - INFO - Epoch 1: Peak memory stats reset.
2026-05-10 17:49:45,414 - __main__ - INFO - Starting epoch 1 with 44 batches
2026-05-10 17:49:45,520 - __main__ - INFO -   [Epoch 1 Batch 0 SANITY CHECK]
2026-05-10 17:49:45,521 - __main__ - INFO -     input_ids shape : [4, 12, 128]  (batch x max_C x seq_len)
2026-05-10 17:49:45,521 - __main__ - INFO -     features shape  : [4, 12, 5]
2026-05-10 17:49:45,521 - __main__ - INFO -     labels shape    : [4]
2026-05-10 17:49:45,521 - __main__ - INFO -     Candidate counts per sample: min=10 max=12 mean=11.5
2026-05-10 17:49:45,522 - __main__ - INFO -     Label values: [11, 9, 11, 11]
2026-05-10 17:49:45,522 - __main__ - INFO -     Label distribution (this batch): {9: 1, 11: 3}
2026-05-10 17:49:45,967 - __main__ - INFO -   [Epoch 1 Batch 0 DIAGNOSTIC] C=12 | logits: min=-100.0000 max=0.0084 mean=-4.6285 has_nan=False | labels=[11, 9, 11, 11] max_label=11
2026-05-10 17:49:46,080 - __main__ - INFO -   Batch 0 pre-clip grad norm: 5.834680
2026-05-10 17:49:46,090 - __main__ - INFO -   Batch 0 LR before optimizer.step(): [0.0]
2026-05-10 17:49:46,154 - __main__ - INFO -   Batch 0 LR after scheduler.step(): [1.25e-05]
2026-05-10 17:49:46,398 - __main__ - INFO -   [Epoch 1 Batch 1 DIAGNOSTIC] C=15 | logits: min=-100.0000 max=-0.1974 mean=-17.0870 has_nan=False | labels=[11, 8, 13, 14] max_label=14
2026-05-10 17:49:46,478 - __main__ - INFO -   Batch 1 pre-clip grad norm: 4.447097
2026-05-10 17:49:46,481 - __main__ - INFO -   Batch 1 LR before optimizer.step(): [1.25e-05]
2026-05-10 17:49:46,510 - __main__ - INFO -   Batch 1 LR after scheduler.step(): [2.5e-05]
2026-05-10 17:49:46,535 - __main__ - INFO -   [Epoch 1 Batch 2 DIAGNOSTIC] C=12 | logits: min=-100.0000 max=-0.1769 mean=-7.5253 has_nan=False | labels=[10, 11, 11, 9] max_label=11
2026-05-10 17:49:46,601 - __main__ - INFO -   Batch 2 pre-clip grad norm: 17.937447
2026-05-10 17:49:46,604 - __main__ - INFO -   Batch 2 LR before optimizer.step(): [2.5e-05]
2026-05-10 17:49:46,633 - __main__ - INFO -   Batch 2 LR after scheduler.step(): [3.7500000000000003e-05]
2026-05-10 17:49:46,728 - __main__ - INFO -   Batch 3 pre-clip grad norm: 18.754588
2026-05-10 17:49:46,731 - __main__ - INFO -   Batch 3 LR before optimizer.step(): [3.7500000000000003e-05]
2026-05-10 17:49:46,760 - __main__ - INFO -   Batch 3 LR after scheduler.step(): [5e-05]
2026-05-10 17:49:46,863 - __main__ - INFO -   Batch 4 pre-clip grad norm: 13.085728
2026-05-10 17:49:46,866 - __main__ - INFO -   Batch 4 LR before optimizer.step(): [5e-05]
2026-05-10 17:49:46,894 - __main__ - INFO -   Batch 4 LR after scheduler.step(): [4.875e-05]
2026-05-10 17:49:46,991 - __main__ - INFO -   Batch 5 pre-clip grad norm: 8.876329
2026-05-10 17:49:46,994 - __main__ - INFO -   Batch 5 LR before optimizer.step(): [4.875e-05]
2026-05-10 17:49:47,023 - __main__ - INFO -   Batch 5 LR after scheduler.step(): [4.75e-05]
2026-05-10 17:49:47,126 - __main__ - INFO -   Batch 6 pre-clip grad norm: 6.442675
2026-05-10 17:49:47,129 - __main__ - INFO -   Batch 6 LR before optimizer.step(): [4.75e-05]
2026-05-10 17:49:47,157 - __main__ - INFO -   Batch 6 LR after scheduler.step(): [4.6250000000000006e-05]
2026-05-10 17:49:47,266 - __main__ - INFO -   Batch 7 pre-clip grad norm: 8.233565
2026-05-10 17:49:47,269 - __main__ - INFO -   Batch 7 LR before optimizer.step(): [4.6250000000000006e-05]
2026-05-10 17:49:47,298 - __main__ - INFO -   Batch 7 LR after scheduler.step(): [4.5e-05]
2026-05-10 17:49:47,401 - __main__ - INFO -   Batch 8 pre-clip grad norm: 15.896301
2026-05-10 17:49:47,404 - __main__ - INFO -   Batch 8 LR before optimizer.step(): [4.5e-05]
2026-05-10 17:49:47,433 - __main__ - INFO -   Batch 8 LR after scheduler.step(): [4.375e-05]
2026-05-10 17:49:47,517 - __main__ - INFO -   Batch 9 pre-clip grad norm: 10.850575
2026-05-10 17:49:47,520 - __main__ - INFO -   Batch 9 LR before optimizer.step(): [4.375e-05]
2026-05-10 17:49:47,549 - __main__ - INFO -   Batch 9 LR after scheduler.step(): [4.25e-05]
2026-05-10 17:49:47,550 - __main__ - INFO -   Epoch 1 progress: 10/44 batches (4.68 batches/s, avg_loss=2.5990, max_C=11, GPU Mem: 1444/9208MB (max: 7957MB))
2026-05-10 17:49:47,645 - __main__ - INFO -   Batch 10 pre-clip grad norm: 9.102073
2026-05-10 17:49:47,648 - __main__ - INFO -   Batch 10 LR before optimizer.step(): [4.25e-05]
2026-05-10 17:49:47,676 - __main__ - INFO -   Batch 10 LR after scheduler.step(): [4.125e-05]
2026-05-10 17:49:47,778 - __main__ - INFO -   Batch 11 pre-clip grad norm: 9.542393
2026-05-10 17:49:47,781 - __main__ - INFO -   Batch 11 LR before optimizer.step(): [4.125e-05]
2026-05-10 17:49:47,809 - __main__ - INFO -   Batch 11 LR after scheduler.step(): [4e-05]
2026-05-10 17:49:47,905 - __main__ - INFO -   Batch 12 pre-clip grad norm: 6.536452
2026-05-10 17:49:47,908 - __main__ - INFO -   Batch 12 LR before optimizer.step(): [4e-05]
2026-05-10 17:49:47,937 - __main__ - INFO -   Batch 12 LR after scheduler.step(): [3.875e-05]
2026-05-10 17:49:48,027 - __main__ - INFO -   Batch 13 pre-clip grad norm: 13.583945
2026-05-10 17:49:48,030 - __main__ - INFO -   Batch 13 LR before optimizer.step(): [3.875e-05]
2026-05-10 17:49:48,058 - __main__ - INFO -   Batch 13 LR after scheduler.step(): [3.7500000000000003e-05]
2026-05-10 17:49:48,160 - __main__ - INFO -   Batch 14 pre-clip grad norm: 7.679070
2026-05-10 17:49:48,163 - __main__ - INFO -   Batch 14 LR before optimizer.step(): [3.7500000000000003e-05]
2026-05-10 17:49:48,191 - __main__ - INFO -   Batch 14 LR after scheduler.step(): [3.625e-05]
2026-05-10 17:49:48,287 - __main__ - INFO -   Batch 15 pre-clip grad norm: 17.142245
2026-05-10 17:49:48,290 - __main__ - INFO -   Batch 15 LR before optimizer.step(): [3.625e-05]
2026-05-10 17:49:48,319 - __main__ - INFO -   Batch 15 LR after scheduler.step(): [3.5e-05]
2026-05-10 17:49:48,422 - __main__ - INFO -   Batch 16 pre-clip grad norm: 9.649670
2026-05-10 17:49:48,426 - __main__ - INFO -   Batch 16 LR before optimizer.step(): [3.5e-05]
2026-05-10 17:49:48,455 - __main__ - INFO -   Batch 16 LR after scheduler.step(): [3.375000000000001e-05]
2026-05-10 17:49:48,565 - __main__ - INFO -   Batch 17 pre-clip grad norm: 10.736543
2026-05-10 17:49:48,568 - __main__ - INFO -   Batch 17 LR before optimizer.step(): [3.375000000000001e-05]
2026-05-10 17:49:48,597 - __main__ - INFO -   Batch 17 LR after scheduler.step(): [3.2500000000000004e-05]
2026-05-10 17:49:48,694 - __main__ - INFO -   Batch 18 pre-clip grad norm: 12.041564
2026-05-10 17:49:48,697 - __main__ - INFO -   Batch 18 LR before optimizer.step(): [3.2500000000000004e-05]
2026-05-10 17:49:48,726 - __main__ - INFO -   Batch 18 LR after scheduler.step(): [3.125e-05]
2026-05-10 17:49:48,829 - __main__ - INFO -   Batch 19 pre-clip grad norm: 9.741172
2026-05-10 17:49:48,832 - __main__ - INFO -   Batch 19 LR before optimizer.step(): [3.125e-05]
2026-05-10 17:49:48,861 - __main__ - INFO -   Batch 19 LR after scheduler.step(): [3e-05]
2026-05-10 17:49:48,862 - __main__ - INFO -   Epoch 1 progress: 20/44 batches (5.80 batches/s, avg_loss=2.5451, max_C=14, GPU Mem: 1451/9208MB (max: 7957MB))
2026-05-10 17:49:48,959 - __main__ - INFO -   Batch 20 pre-clip grad norm: 9.477484
2026-05-10 17:49:48,962 - __main__ - INFO -   Batch 20 LR before optimizer.step(): [3e-05]
2026-05-10 17:49:48,990 - __main__ - INFO -   Batch 20 LR after scheduler.step(): [2.8749999999999997e-05]
2026-05-10 17:49:49,082 - __main__ - INFO -   Batch 21 pre-clip grad norm: 11.127391
2026-05-10 17:49:49,085 - __main__ - INFO -   Batch 21 LR before optimizer.step(): [2.8749999999999997e-05]
2026-05-10 17:49:49,113 - __main__ - INFO -   Batch 21 LR after scheduler.step(): [2.7500000000000004e-05]
2026-05-10 17:49:49,210 - __main__ - INFO -   Batch 22 pre-clip grad norm: 11.753860
2026-05-10 17:49:49,213 - __main__ - INFO -   Batch 22 LR before optimizer.step(): [2.7500000000000004e-05]
2026-05-10 17:49:49,242 - __main__ - INFO -   Batch 22 LR after scheduler.step(): [2.625e-05]
2026-05-10 17:49:49,330 - __main__ - INFO -   Batch 23 pre-clip grad norm: 10.114968
2026-05-10 17:49:49,334 - __main__ - INFO -   Batch 23 LR before optimizer.step(): [2.625e-05]
2026-05-10 17:49:49,362 - __main__ - INFO -   Batch 23 LR after scheduler.step(): [2.5e-05]
2026-05-10 17:49:49,459 - __main__ - INFO -   Batch 24 pre-clip grad norm: 12.452469
2026-05-10 17:49:49,462 - __main__ - INFO -   Batch 24 LR before optimizer.step(): [2.5e-05]
2026-05-10 17:49:49,490 - __main__ - INFO -   Batch 24 LR after scheduler.step(): [2.375e-05]
2026-05-10 17:49:49,587 - __main__ - INFO -   Batch 25 pre-clip grad norm: 8.756984
2026-05-10 17:49:49,590 - __main__ - INFO -   Batch 25 LR before optimizer.step(): [2.375e-05]
2026-05-10 17:49:49,619 - __main__ - INFO -   Batch 25 LR after scheduler.step(): [2.25e-05]
2026-05-10 17:49:49,714 - __main__ - INFO -   Batch 26 pre-clip grad norm: 8.493351
2026-05-10 17:49:49,717 - __main__ - INFO -   Batch 26 LR before optimizer.step(): [2.25e-05]
2026-05-10 17:49:49,746 - __main__ - INFO -   Batch 26 LR after scheduler.step(): [2.125e-05]
2026-05-10 17:49:49,842 - __main__ - INFO -   Batch 27 pre-clip grad norm: 9.334039
2026-05-10 17:49:49,845 - __main__ - INFO -   Batch 27 LR before optimizer.step(): [2.125e-05]
2026-05-10 17:49:49,874 - __main__ - INFO -   Batch 27 LR after scheduler.step(): [2e-05]
2026-05-10 17:49:49,971 - __main__ - INFO -   Batch 28 pre-clip grad norm: 9.570427
2026-05-10 17:49:49,974 - __main__ - INFO -   Batch 28 LR before optimizer.step(): [2e-05]
2026-05-10 17:49:50,004 - __main__ - INFO -   Batch 28 LR after scheduler.step(): [1.8750000000000002e-05]
2026-05-10 17:49:50,108 - __main__ - INFO -   Batch 29 pre-clip grad norm: 10.475969
2026-05-10 17:49:50,112 - __main__ - INFO -   Batch 29 LR before optimizer.step(): [1.8750000000000002e-05]
2026-05-10 17:49:50,140 - __main__ - INFO -   Batch 29 LR after scheduler.step(): [1.75e-05]
2026-05-10 17:49:50,141 - __main__ - INFO -   Epoch 1 progress: 30/44 batches (6.35 batches/s, avg_loss=2.4986, max_C=14, GPU Mem: 1452/9208MB (max: 7957MB))
2026-05-10 17:49:50,250 - __main__ - INFO -   Batch 30 pre-clip grad norm: 8.455850
2026-05-10 17:49:50,253 - __main__ - INFO -   Batch 30 LR before optimizer.step(): [1.75e-05]
2026-05-10 17:49:50,282 - __main__ - INFO -   Batch 30 LR after scheduler.step(): [1.6250000000000002e-05]
2026-05-10 17:49:50,364 - __main__ - INFO -   Batch 31 pre-clip grad norm: 9.560148
2026-05-10 17:49:50,367 - __main__ - INFO -   Batch 31 LR before optimizer.step(): [1.6250000000000002e-05]
2026-05-10 17:49:50,395 - __main__ - INFO -   Batch 31 LR after scheduler.step(): [1.5e-05]
2026-05-10 17:49:50,487 - __main__ - INFO -   Batch 32 pre-clip grad norm: 8.834830
2026-05-10 17:49:50,490 - __main__ - INFO -   Batch 32 LR before optimizer.step(): [1.5e-05]
2026-05-10 17:49:50,518 - __main__ - INFO -   Batch 32 LR after scheduler.step(): [1.3750000000000002e-05]
2026-05-10 17:49:50,615 - __main__ - INFO -   Batch 33 pre-clip grad norm: 10.362904
2026-05-10 17:49:50,618 - __main__ - INFO -   Batch 33 LR before optimizer.step(): [1.3750000000000002e-05]
2026-05-10 17:49:50,646 - __main__ - INFO -   Batch 33 LR after scheduler.step(): [1.25e-05]
2026-05-10 17:49:50,755 - __main__ - INFO -   Batch 34 pre-clip grad norm: 9.525061
2026-05-10 17:49:50,758 - __main__ - INFO -   Batch 34 LR before optimizer.step(): [1.25e-05]
2026-05-10 17:49:50,786 - __main__ - INFO -   Batch 34 LR after scheduler.step(): [1.125e-05]
2026-05-10 17:49:50,888 - __main__ - INFO -   Batch 35 pre-clip grad norm: 11.153639
2026-05-10 17:49:50,891 - __main__ - INFO -   Batch 35 LR before optimizer.step(): [1.125e-05]
2026-05-10 17:49:50,920 - __main__ - INFO -   Batch 35 LR after scheduler.step(): [1e-05]
2026-05-10 17:49:51,015 - __main__ - INFO -   Batch 36 pre-clip grad norm: 8.220752
2026-05-10 17:49:51,018 - __main__ - INFO -   Batch 36 LR before optimizer.step(): [1e-05]
2026-05-10 17:49:51,047 - __main__ - INFO -   Batch 36 LR after scheduler.step(): [8.75e-06]
2026-05-10 17:49:51,150 - __main__ - INFO -   Batch 37 pre-clip grad norm: 8.444202
2026-05-10 17:49:51,153 - __main__ - INFO -   Batch 37 LR before optimizer.step(): [8.75e-06]
2026-05-10 17:49:51,181 - __main__ - INFO -   Batch 37 LR after scheduler.step(): [7.5e-06]
2026-05-10 17:49:51,283 - __main__ - INFO -   Batch 38 pre-clip grad norm: 11.147935
2026-05-10 17:49:51,286 - __main__ - INFO -   Batch 38 LR before optimizer.step(): [7.5e-06]
2026-05-10 17:49:51,315 - __main__ - INFO -   Batch 38 LR after scheduler.step(): [6.25e-06]
2026-05-10 17:49:51,417 - __main__ - INFO -   Batch 39 pre-clip grad norm: 9.825436
2026-05-10 17:49:51,421 - __main__ - INFO -   Batch 39 LR before optimizer.step(): [6.25e-06]
2026-05-10 17:49:51,449 - __main__ - INFO -   Batch 39 LR after scheduler.step(): [5e-06]
2026-05-10 17:49:51,450 - __main__ - INFO -   Epoch 1 progress: 40/44 batches (6.63 batches/s, avg_loss=2.4527, max_C=14, GPU Mem: 1450/9298MB (max: 7957MB))
2026-05-10 17:49:51,557 - __main__ - INFO -   Batch 40 pre-clip grad norm: 12.423188
2026-05-10 17:49:51,560 - __main__ - INFO -   Batch 40 LR before optimizer.step(): [5e-06]
2026-05-10 17:49:51,589 - __main__ - INFO -   Batch 40 LR after scheduler.step(): [3.75e-06]
2026-05-10 17:49:51,679 - __main__ - INFO -   Batch 41 pre-clip grad norm: 9.987423
2026-05-10 17:49:51,681 - __main__ - INFO -   Batch 41 LR before optimizer.step(): [3.75e-06]
2026-05-10 17:49:51,710 - __main__ - INFO -   Batch 41 LR after scheduler.step(): [2.5e-06]
2026-05-10 17:49:51,804 - __main__ - INFO -   Batch 42 pre-clip grad norm: 9.019638
2026-05-10 17:49:51,807 - __main__ - INFO -   Batch 42 LR before optimizer.step(): [2.5e-06]
2026-05-10 17:49:51,835 - __main__ - INFO -   Batch 42 LR after scheduler.step(): [1.25e-06]
2026-05-10 17:49:51,900 - __main__ - INFO -   Batch 43 pre-clip grad norm: 13.906603
2026-05-10 17:49:51,903 - __main__ - INFO -   Batch 43 LR before optimizer.step(): [1.25e-06]
2026-05-10 17:49:51,931 - __main__ - INFO -   Batch 43 LR after scheduler.step(): [0.0]
2026-05-10 17:49:51,982 - __main__ - INFO - Epoch 1 complete in 6.57s | avg_loss=2.4859 | batches: 44 succeeded, 0 skipped (OOM/NaN)
2026-05-10 17:49:51,983 - __main__ - INFO - Train Loss: 2.4859
2026-05-10 17:49:51,983 - __main__ - INFO - Evaluating on dev set...
2026-05-10 17:49:51,984 - __main__ - INFO - Starting evaluation on 65 samples
Evaluating:   0%|          | 0/17 [00:00<?, ?it/s]Evaluating:   6%|▌         | 1/17 [00:00<00:02,  5.92it/s]Evaluating:  35%|███▌      | 6/17 [00:00<00:00, 23.78it/s]2026-05-10 17:49:52,379 - __main__ - INFO -   Evaluation progress: 10/17 batches (25.35 batches/s)
Evaluating:  59%|█████▉    | 10/17 [00:00<00:00, 29.38it/s]Evaluating:  88%|████████▊ | 15/17 [00:00<00:00, 33.83it/s]                                                           2026-05-10 17:49:52,614 - __main__ - INFO -   Prediction sample (first 20):
2026-05-10 17:49:52,614 - __main__ - INFO -     Predicted: [2, 3, 3, 12, 11, 11, 10, 8, 9, 8, 7, 9, 10, 10, 11, 10, 9, 5, 9, 9]
2026-05-10 17:49:52,614 - __main__ - INFO -     Gold:      [3, 4, 4, 13, 12, 12, 11, 10, 10, 9, 8, 10, 11, 11, 12, 11, 10, 9, 10, 10]
2026-05-10 17:49:52,615 - __main__ - INFO -     Abs error: [1, 1, 1, 1, 1, 1, 1, 2, 1, 1, 1, 1, 1, 1, 1, 1, 1, 4, 1, 1] (mean=1.20)
2026-05-10 17:49:52,615 - __main__ - INFO -   Per-position accuracy (top 10 classes):
2026-05-10 17:49:52,615 - __main__ - INFO -     Position  3: 0.000 accuracy (1 samples)
2026-05-10 17:49:52,615 - __main__ - INFO -     Position  4: 0.000 accuracy (2 samples)
2026-05-10 17:49:52,615 - __main__ - INFO -     Position  7: 0.000 accuracy (1 samples)
2026-05-10 17:49:52,616 - __main__ - INFO -     Position  8: 0.000 accuracy (2 samples)
2026-05-10 17:49:52,616 - __main__ - INFO -     Position  9: 0.000 accuracy (8 samples)
2026-05-10 17:49:52,616 - __main__ - INFO - Evaluation complete in 0.63s
2026-05-10 17:49:52,616 - __main__ - INFO -   Loss: 2.4455, Accuracy: 0.0000, Precision: 0.0000, Recall: 0.0000, F1: 0.0000
2026-05-10 17:49:52,616 - __main__ - INFO - Dev Loss: 2.4455
2026-05-10 17:49:52,616 - __main__ - INFO - Dev Accuracy: 0.0000
2026-05-10 17:49:52,616 - __main__ - INFO -   No improvement for 1 epochs
2026-05-10 17:49:53,874 - __main__ - INFO - Saved checkpoint to /scratch/user/s4901673/ircbert_runs/debug_checkpoints/checkpoint_epoch_1.pt
2026-05-10 17:49:53,875 - __main__ - INFO - Training complete in 8.46s!
2026-05-10 17:49:53,875 - __main__ - INFO - Best F1: 0.0000 at epoch 0
2026-05-10 17:49:53,875 - __main__ - INFO - ================================================================================
2026-05-10 17:49:53,875 - __main__ - INFO - Done!
2026-05-10 17:49:53,875 - __main__ - INFO - ================================================================================
2026-05-10 17:49:53,875 - __main__ - INFO - Log file: /home/s4901673/workspace/irc-disentanglement-bert-pytorch/logs/train_20260510_174940.log
