================================================
 Learning Signal Validation
================================================
 Log file:    logs/learning_signal_20260518_185230.log
 Checkpoints: /scratch/user/s4901673/ircbert_runs/checkpoints_maxdist15
 Data:        /home/s4901673/workspace/irc-disentanglement-bert-pytorch/data (full train/dev/test)
 max_dist:    15
 test_end:    156 (1/8 of ~1250 msgs per file)
================================================
=== Setting up environment ===
Conda environment 'ircbert' already exists. Skipping creation.
Loading CUDA module...
  (CUDA module already loaded or unavailable — continuing)
Installing PyTorch >= 2.6 with CUDA 12.4 (required for CVE-2025-32434 fix)...
Looking in indexes: https://download.pytorch.org/whl/cu124
Requirement already satisfied: torch in /scratch/user/s4901673/conda-envs/ircbert/lib/python3.10/site-packages (2.6.0+cu124)
Requirement already satisfied: filelock in /scratch/user/s4901673/conda-envs/ircbert/lib/python3.10/site-packages (from torch) (3.25.2)
Requirement already satisfied: typing-extensions>=4.10.0 in /scratch/user/s4901673/conda-envs/ircbert/lib/python3.10/site-packages (from torch) (4.15.0)
Requirement already satisfied: networkx in /scratch/user/s4901673/conda-envs/ircbert/lib/python3.10/site-packages (from torch) (3.4.2)
Requirement already satisfied: jinja2 in /scratch/user/s4901673/conda-envs/ircbert/lib/python3.10/site-packages (from torch) (3.1.6)
Requirement already satisfied: fsspec in /scratch/user/s4901673/conda-envs/ircbert/lib/python3.10/site-packages (from torch) (2026.2.0)
Requirement already satisfied: nvidia-cuda-nvrtc-cu12==12.4.127 in /scratch/user/s4901673/conda-envs/ircbert/lib/python3.10/site-packages (from torch) (12.4.127)
Requirement already satisfied: nvidia-cuda-runtime-cu12==12.4.127 in /scratch/user/s4901673/conda-envs/ircbert/lib/python3.10/site-packages (from torch) (12.4.127)
Requirement already satisfied: nvidia-cuda-cupti-cu12==12.4.127 in /scratch/user/s4901673/conda-envs/ircbert/lib/python3.10/site-packages (from torch) (12.4.127)
Requirement already satisfied: nvidia-cudnn-cu12==9.1.0.70 in /scratch/user/s4901673/conda-envs/ircbert/lib/python3.10/site-packages (from torch) (9.1.0.70)
Requirement already satisfied: nvidia-cublas-cu12==12.4.5.8 in /scratch/user/s4901673/conda-envs/ircbert/lib/python3.10/site-packages (from torch) (12.4.5.8)
Requirement already satisfied: nvidia-cufft-cu12==11.2.1.3 in /scratch/user/s4901673/conda-envs/ircbert/lib/python3.10/site-packages (from torch) (11.2.1.3)
Requirement already satisfied: nvidia-curand-cu12==10.3.5.147 in /scratch/user/s4901673/conda-envs/ircbert/lib/python3.10/site-packages (from torch) (10.3.5.147)
Requirement already satisfied: nvidia-cusolver-cu12==11.6.1.9 in /scratch/user/s4901673/conda-envs/ircbert/lib/python3.10/site-packages (from torch) (11.6.1.9)
Requirement already satisfied: nvidia-cusparse-cu12==12.3.1.170 in /scratch/user/s4901673/conda-envs/ircbert/lib/python3.10/site-packages (from torch) (12.3.1.170)
Requirement already satisfied: nvidia-cusparselt-cu12==0.6.2 in /scratch/user/s4901673/conda-envs/ircbert/lib/python3.10/site-packages (from torch) (0.6.2)
Requirement already satisfied: nvidia-nccl-cu12==2.21.5 in /scratch/user/s4901673/conda-envs/ircbert/lib/python3.10/site-packages (from torch) (2.21.5)
Requirement already satisfied: nvidia-nvtx-cu12==12.4.127 in /scratch/user/s4901673/conda-envs/ircbert/lib/python3.10/site-packages (from torch) (12.4.127)
Requirement already satisfied: nvidia-nvjitlink-cu12==12.4.127 in /scratch/user/s4901673/conda-envs/ircbert/lib/python3.10/site-packages (from torch) (12.4.127)
Requirement already satisfied: triton==3.2.0 in /scratch/user/s4901673/conda-envs/ircbert/lib/python3.10/site-packages (from torch) (3.2.0)
Requirement already satisfied: sympy==1.13.1 in /scratch/user/s4901673/conda-envs/ircbert/lib/python3.10/site-packages (from torch) (1.13.1)
Requirement already satisfied: mpmath<1.4,>=1.1.0 in /scratch/user/s4901673/conda-envs/ircbert/lib/python3.10/site-packages (from sympy==1.13.1->torch) (1.3.0)
Requirement already satisfied: MarkupSafe>=2.0 in /scratch/user/s4901673/conda-envs/ircbert/lib/python3.10/site-packages (from jinja2->torch) (3.0.3)
Installing other dependencies...
Requirement already satisfied: transformers in /scratch/user/s4901673/conda-envs/ircbert/lib/python3.10/site-packages (5.8.0)
Requirement already satisfied: datasets in /scratch/user/s4901673/conda-envs/ircbert/lib/python3.10/site-packages (4.8.5)
Requirement already satisfied: sentence-transformers in /scratch/user/s4901673/conda-envs/ircbert/lib/python3.10/site-packages (5.4.1)
Requirement already satisfied: accelerate in /scratch/user/s4901673/conda-envs/ircbert/lib/python3.10/site-packages (1.13.0)
Requirement already satisfied: huggingface-hub<2.0,>=1.5.0 in /scratch/user/s4901673/conda-envs/ircbert/lib/python3.10/site-packages (from transformers) (1.13.0)
Requirement already satisfied: numpy>=1.17 in /scratch/user/s4901673/conda-envs/ircbert/lib/python3.10/site-packages (from transformers) (2.2.6)
Requirement already satisfied: packaging>=20.0 in /scratch/user/s4901673/conda-envs/ircbert/lib/python3.10/site-packages (from transformers) (26.0)
Requirement already satisfied: pyyaml>=5.1 in /scratch/user/s4901673/conda-envs/ircbert/lib/python3.10/site-packages (from transformers) (6.0.3)
Requirement already satisfied: regex>=2025.10.22 in /scratch/user/s4901673/conda-envs/ircbert/lib/python3.10/site-packages (from transformers) (2026.4.4)
Requirement already satisfied: tokenizers<=0.23.0,>=0.22.0 in /scratch/user/s4901673/conda-envs/ircbert/lib/python3.10/site-packages (from transformers) (0.22.2)
Requirement already satisfied: typer in /scratch/user/s4901673/conda-envs/ircbert/lib/python3.10/site-packages (from transformers) (0.25.1)
Requirement already satisfied: safetensors>=0.4.3 in /scratch/user/s4901673/conda-envs/ircbert/lib/python3.10/site-packages (from transformers) (0.7.0)
Requirement already satisfied: tqdm>=4.27 in /scratch/user/s4901673/conda-envs/ircbert/lib/python3.10/site-packages (from transformers) (4.67.3)
Requirement already satisfied: filelock>=3.10.0 in /scratch/user/s4901673/conda-envs/ircbert/lib/python3.10/site-packages (from huggingface-hub<2.0,>=1.5.0->transformers) (3.25.2)
Requirement already satisfied: fsspec>=2023.5.0 in /scratch/user/s4901673/conda-envs/ircbert/lib/python3.10/site-packages (from huggingface-hub<2.0,>=1.5.0->transformers) (2026.2.0)
Requirement already satisfied: hf-xet<2.0.0,>=1.4.3 in /scratch/user/s4901673/conda-envs/ircbert/lib/python3.10/site-packages (from huggingface-hub<2.0,>=1.5.0->transformers) (1.5.0)
Requirement already satisfied: httpx<1,>=0.23.0 in /scratch/user/s4901673/conda-envs/ircbert/lib/python3.10/site-packages (from huggingface-hub<2.0,>=1.5.0->transformers) (0.28.1)
Requirement already satisfied: typing-extensions>=4.1.0 in /scratch/user/s4901673/conda-envs/ircbert/lib/python3.10/site-packages (from huggingface-hub<2.0,>=1.5.0->transformers) (4.15.0)
Requirement already satisfied: anyio in /scratch/user/s4901673/conda-envs/ircbert/lib/python3.10/site-packages (from httpx<1,>=0.23.0->huggingface-hub<2.0,>=1.5.0->transformers) (4.13.0)
Requirement already satisfied: certifi in /scratch/user/s4901673/conda-envs/ircbert/lib/python3.10/site-packages (from httpx<1,>=0.23.0->huggingface-hub<2.0,>=1.5.0->transformers) (2026.4.22)
Requirement already satisfied: httpcore==1.* in /scratch/user/s4901673/conda-envs/ircbert/lib/python3.10/site-packages (from httpx<1,>=0.23.0->huggingface-hub<2.0,>=1.5.0->transformers) (1.0.9)
Requirement already satisfied: idna in /scratch/user/s4901673/conda-envs/ircbert/lib/python3.10/site-packages (from httpx<1,>=0.23.0->huggingface-hub<2.0,>=1.5.0->transformers) (3.13)
Requirement already satisfied: h11>=0.16 in /scratch/user/s4901673/conda-envs/ircbert/lib/python3.10/site-packages (from httpcore==1.*->httpx<1,>=0.23.0->huggingface-hub<2.0,>=1.5.0->transformers) (0.16.0)
Requirement already satisfied: pyarrow>=21.0.0 in /scratch/user/s4901673/conda-envs/ircbert/lib/python3.10/site-packages (from datasets) (24.0.0)
Requirement already satisfied: dill<0.4.2,>=0.3.0 in /scratch/user/s4901673/conda-envs/ircbert/lib/python3.10/site-packages (from datasets) (0.4.1)
Requirement already satisfied: pandas in /scratch/user/s4901673/conda-envs/ircbert/lib/python3.10/site-packages (from datasets) (2.3.3)
Requirement already satisfied: requests>=2.32.2 in /scratch/user/s4901673/conda-envs/ircbert/lib/python3.10/site-packages (from datasets) (2.33.1)
Requirement already satisfied: xxhash in /scratch/user/s4901673/conda-envs/ircbert/lib/python3.10/site-packages (from datasets) (3.7.0)
Requirement already satisfied: multiprocess<0.70.20 in /scratch/user/s4901673/conda-envs/ircbert/lib/python3.10/site-packages (from datasets) (0.70.19)
Requirement already satisfied: aiohttp!=4.0.0a0,!=4.0.0a1 in /scratch/user/s4901673/conda-envs/ircbert/lib/python3.10/site-packages (from fsspec[http]<=2026.2.0,>=2023.1.0->datasets) (3.13.5)
Requirement already satisfied: torch>=1.11.0 in /scratch/user/s4901673/conda-envs/ircbert/lib/python3.10/site-packages (from sentence-transformers) (2.6.0+cu124)
Requirement already satisfied: scikit-learn>=0.22.0 in /scratch/user/s4901673/conda-envs/ircbert/lib/python3.10/site-packages (from sentence-transformers) (1.7.2)
Requirement already satisfied: scipy>=1.0.0 in /scratch/user/s4901673/conda-envs/ircbert/lib/python3.10/site-packages (from sentence-transformers) (1.15.3)
Requirement already satisfied: psutil in /scratch/user/s4901673/conda-envs/ircbert/lib/python3.10/site-packages (from accelerate) (7.2.2)
Requirement already satisfied: aiohappyeyeballs>=2.5.0 in /scratch/user/s4901673/conda-envs/ircbert/lib/python3.10/site-packages (from aiohttp!=4.0.0a0,!=4.0.0a1->fsspec[http]<=2026.2.0,>=2023.1.0->datasets) (2.6.1)
Requirement already satisfied: aiosignal>=1.4.0 in /scratch/user/s4901673/conda-envs/ircbert/lib/python3.10/site-packages (from aiohttp!=4.0.0a0,!=4.0.0a1->fsspec[http]<=2026.2.0,>=2023.1.0->datasets) (1.4.0)
Requirement already satisfied: async-timeout<6.0,>=4.0 in /scratch/user/s4901673/conda-envs/ircbert/lib/python3.10/site-packages (from aiohttp!=4.0.0a0,!=4.0.0a1->fsspec[http]<=2026.2.0,>=2023.1.0->datasets) (5.0.1)
Requirement already satisfied: attrs>=17.3.0 in /scratch/user/s4901673/conda-envs/ircbert/lib/python3.10/site-packages (from aiohttp!=4.0.0a0,!=4.0.0a1->fsspec[http]<=2026.2.0,>=2023.1.0->datasets) (26.1.0)
Requirement already satisfied: frozenlist>=1.1.1 in /scratch/user/s4901673/conda-envs/ircbert/lib/python3.10/site-packages (from aiohttp!=4.0.0a0,!=4.0.0a1->fsspec[http]<=2026.2.0,>=2023.1.0->datasets) (1.8.0)
Requirement already satisfied: multidict<7.0,>=4.5 in /scratch/user/s4901673/conda-envs/ircbert/lib/python3.10/site-packages (from aiohttp!=4.0.0a0,!=4.0.0a1->fsspec[http]<=2026.2.0,>=2023.1.0->datasets) (6.7.1)
Requirement already satisfied: propcache>=0.2.0 in /scratch/user/s4901673/conda-envs/ircbert/lib/python3.10/site-packages (from aiohttp!=4.0.0a0,!=4.0.0a1->fsspec[http]<=2026.2.0,>=2023.1.0->datasets) (0.4.1)
Requirement already satisfied: yarl<2.0,>=1.17.0 in /scratch/user/s4901673/conda-envs/ircbert/lib/python3.10/site-packages (from aiohttp!=4.0.0a0,!=4.0.0a1->fsspec[http]<=2026.2.0,>=2023.1.0->datasets) (1.23.0)
Requirement already satisfied: charset_normalizer<4,>=2 in /scratch/user/s4901673/conda-envs/ircbert/lib/python3.10/site-packages (from requests>=2.32.2->datasets) (3.4.7)
Requirement already satisfied: urllib3<3,>=1.26 in /scratch/user/s4901673/conda-envs/ircbert/lib/python3.10/site-packages (from requests>=2.32.2->datasets) (2.6.3)
Requirement already satisfied: joblib>=1.2.0 in /scratch/user/s4901673/conda-envs/ircbert/lib/python3.10/site-packages (from scikit-learn>=0.22.0->sentence-transformers) (1.5.3)
Requirement already satisfied: threadpoolctl>=3.1.0 in /scratch/user/s4901673/conda-envs/ircbert/lib/python3.10/site-packages (from scikit-learn>=0.22.0->sentence-transformers) (3.6.0)
Requirement already satisfied: networkx in /scratch/user/s4901673/conda-envs/ircbert/lib/python3.10/site-packages (from torch>=1.11.0->sentence-transformers) (3.4.2)
Requirement already satisfied: jinja2 in /scratch/user/s4901673/conda-envs/ircbert/lib/python3.10/site-packages (from torch>=1.11.0->sentence-transformers) (3.1.6)
Requirement already satisfied: nvidia-cuda-nvrtc-cu12==12.4.127 in /scratch/user/s4901673/conda-envs/ircbert/lib/python3.10/site-packages (from torch>=1.11.0->sentence-transformers) (12.4.127)
Requirement already satisfied: nvidia-cuda-runtime-cu12==12.4.127 in /scratch/user/s4901673/conda-envs/ircbert/lib/python3.10/site-packages (from torch>=1.11.0->sentence-transformers) (12.4.127)
Requirement already satisfied: nvidia-cuda-cupti-cu12==12.4.127 in /scratch/user/s4901673/conda-envs/ircbert/lib/python3.10/site-packages (from torch>=1.11.0->sentence-transformers) (12.4.127)
Requirement already satisfied: nvidia-cudnn-cu12==9.1.0.70 in /scratch/user/s4901673/conda-envs/ircbert/lib/python3.10/site-packages (from torch>=1.11.0->sentence-transformers) (9.1.0.70)
Requirement already satisfied: nvidia-cublas-cu12==12.4.5.8 in /scratch/user/s4901673/conda-envs/ircbert/lib/python3.10/site-packages (from torch>=1.11.0->sentence-transformers) (12.4.5.8)
Requirement already satisfied: nvidia-cufft-cu12==11.2.1.3 in /scratch/user/s4901673/conda-envs/ircbert/lib/python3.10/site-packages (from torch>=1.11.0->sentence-transformers) (11.2.1.3)
Requirement already satisfied: nvidia-curand-cu12==10.3.5.147 in /scratch/user/s4901673/conda-envs/ircbert/lib/python3.10/site-packages (from torch>=1.11.0->sentence-transformers) (10.3.5.147)
Requirement already satisfied: nvidia-cusolver-cu12==11.6.1.9 in /scratch/user/s4901673/conda-envs/ircbert/lib/python3.10/site-packages (from torch>=1.11.0->sentence-transformers) (11.6.1.9)
Requirement already satisfied: nvidia-cusparse-cu12==12.3.1.170 in /scratch/user/s4901673/conda-envs/ircbert/lib/python3.10/site-packages (from torch>=1.11.0->sentence-transformers) (12.3.1.170)
Requirement already satisfied: nvidia-cusparselt-cu12==0.6.2 in /scratch/user/s4901673/conda-envs/ircbert/lib/python3.10/site-packages (from torch>=1.11.0->sentence-transformers) (0.6.2)
Requirement already satisfied: nvidia-nccl-cu12==2.21.5 in /scratch/user/s4901673/conda-envs/ircbert/lib/python3.10/site-packages (from torch>=1.11.0->sentence-transformers) (2.21.5)
Requirement already satisfied: nvidia-nvtx-cu12==12.4.127 in /scratch/user/s4901673/conda-envs/ircbert/lib/python3.10/site-packages (from torch>=1.11.0->sentence-transformers) (12.4.127)
Requirement already satisfied: nvidia-nvjitlink-cu12==12.4.127 in /scratch/user/s4901673/conda-envs/ircbert/lib/python3.10/site-packages (from torch>=1.11.0->sentence-transformers) (12.4.127)
Requirement already satisfied: triton==3.2.0 in /scratch/user/s4901673/conda-envs/ircbert/lib/python3.10/site-packages (from torch>=1.11.0->sentence-transformers) (3.2.0)
Requirement already satisfied: sympy==1.13.1 in /scratch/user/s4901673/conda-envs/ircbert/lib/python3.10/site-packages (from torch>=1.11.0->sentence-transformers) (1.13.1)
Requirement already satisfied: mpmath<1.4,>=1.1.0 in /scratch/user/s4901673/conda-envs/ircbert/lib/python3.10/site-packages (from sympy==1.13.1->torch>=1.11.0->sentence-transformers) (1.3.0)
Requirement already satisfied: exceptiongroup>=1.0.2 in /scratch/user/s4901673/conda-envs/ircbert/lib/python3.10/site-packages (from anyio->httpx<1,>=0.23.0->huggingface-hub<2.0,>=1.5.0->transformers) (1.3.1)
Requirement already satisfied: MarkupSafe>=2.0 in /scratch/user/s4901673/conda-envs/ircbert/lib/python3.10/site-packages (from jinja2->torch>=1.11.0->sentence-transformers) (3.0.3)
Requirement already satisfied: python-dateutil>=2.8.2 in /scratch/user/s4901673/conda-envs/ircbert/lib/python3.10/site-packages (from pandas->datasets) (2.9.0.post0)
Requirement already satisfied: pytz>=2020.1 in /scratch/user/s4901673/conda-envs/ircbert/lib/python3.10/site-packages (from pandas->datasets) (2026.2)
Requirement already satisfied: tzdata>=2022.7 in /scratch/user/s4901673/conda-envs/ircbert/lib/python3.10/site-packages (from pandas->datasets) (2026.2)
Requirement already satisfied: six>=1.5 in /scratch/user/s4901673/conda-envs/ircbert/lib/python3.10/site-packages (from python-dateutil>=2.8.2->pandas->datasets) (1.17.0)
Requirement already satisfied: click>=8.2.1 in /scratch/user/s4901673/conda-envs/ircbert/lib/python3.10/site-packages (from typer->transformers) (8.3.3)
Requirement already satisfied: shellingham>=1.3.0 in /scratch/user/s4901673/conda-envs/ircbert/lib/python3.10/site-packages (from typer->transformers) (1.5.4)
Requirement already satisfied: rich>=13.8.0 in /scratch/user/s4901673/conda-envs/ircbert/lib/python3.10/site-packages (from typer->transformers) (15.0.0)
Requirement already satisfied: annotated-doc>=0.0.2 in /scratch/user/s4901673/conda-envs/ircbert/lib/python3.10/site-packages (from typer->transformers) (0.0.4)
Requirement already satisfied: markdown-it-py>=2.2.0 in /scratch/user/s4901673/conda-envs/ircbert/lib/python3.10/site-packages (from rich>=13.8.0->typer->transformers) (4.0.0)
Requirement already satisfied: pygments<3.0.0,>=2.13.0 in /scratch/user/s4901673/conda-envs/ircbert/lib/python3.10/site-packages (from rich>=13.8.0->typer->transformers) (2.20.0)
Requirement already satisfied: mdurl~=0.1 in /scratch/user/s4901673/conda-envs/ircbert/lib/python3.10/site-packages (from markdown-it-py>=2.2.0->rich>=13.8.0->typer->transformers) (0.1.2)
Requirement already satisfied: scikit-learn in /scratch/user/s4901673/conda-envs/ircbert/lib/python3.10/site-packages (1.7.2)
Requirement already satisfied: numpy in /scratch/user/s4901673/conda-envs/ircbert/lib/python3.10/site-packages (2.2.6)
Requirement already satisfied: pandas in /scratch/user/s4901673/conda-envs/ircbert/lib/python3.10/site-packages (2.3.3)
Requirement already satisfied: tqdm in /scratch/user/s4901673/conda-envs/ircbert/lib/python3.10/site-packages (4.67.3)
Requirement already satisfied: psutil in /scratch/user/s4901673/conda-envs/ircbert/lib/python3.10/site-packages (7.2.2)
Requirement already satisfied: scipy>=1.8.0 in /scratch/user/s4901673/conda-envs/ircbert/lib/python3.10/site-packages (from scikit-learn) (1.15.3)
Requirement already satisfied: joblib>=1.2.0 in /scratch/user/s4901673/conda-envs/ircbert/lib/python3.10/site-packages (from scikit-learn) (1.5.3)
Requirement already satisfied: threadpoolctl>=3.1.0 in /scratch/user/s4901673/conda-envs/ircbert/lib/python3.10/site-packages (from scikit-learn) (3.6.0)
Requirement already satisfied: python-dateutil>=2.8.2 in /scratch/user/s4901673/conda-envs/ircbert/lib/python3.10/site-packages (from pandas) (2.9.0.post0)
Requirement already satisfied: pytz>=2020.1 in /scratch/user/s4901673/conda-envs/ircbert/lib/python3.10/site-packages (from pandas) (2026.2)
Requirement already satisfied: tzdata>=2022.7 in /scratch/user/s4901673/conda-envs/ircbert/lib/python3.10/site-packages (from pandas) (2026.2)
Requirement already satisfied: six>=1.5 in /scratch/user/s4901673/conda-envs/ircbert/lib/python3.10/site-packages (from python-dateutil>=2.8.2->pandas) (1.17.0)
Requirement already satisfied: sentencepiece in /scratch/user/s4901673/conda-envs/ircbert/lib/python3.10/site-packages (0.2.1)
Requirement already satisfied: tiktoken in /scratch/user/s4901673/conda-envs/ircbert/lib/python3.10/site-packages (0.12.0)
Requirement already satisfied: protobuf in /scratch/user/s4901673/conda-envs/ircbert/lib/python3.10/site-packages (7.34.1)
Requirement already satisfied: huggingface_hub[cli] in /scratch/user/s4901673/conda-envs/ircbert/lib/python3.10/site-packages (1.13.0)
Requirement already satisfied: regex>=2022.1.18 in /scratch/user/s4901673/conda-envs/ircbert/lib/python3.10/site-packages (from tiktoken) (2026.4.4)
Requirement already satisfied: requests>=2.26.0 in /scratch/user/s4901673/conda-envs/ircbert/lib/python3.10/site-packages (from tiktoken) (2.33.1)
WARNING: huggingface-hub 1.13.0 does not provide the extra 'cli'
Requirement already satisfied: filelock>=3.10.0 in /scratch/user/s4901673/conda-envs/ircbert/lib/python3.10/site-packages (from huggingface_hub[cli]) (3.25.2)
Requirement already satisfied: fsspec>=2023.5.0 in /scratch/user/s4901673/conda-envs/ircbert/lib/python3.10/site-packages (from huggingface_hub[cli]) (2026.2.0)
Requirement already satisfied: hf-xet<2.0.0,>=1.4.3 in /scratch/user/s4901673/conda-envs/ircbert/lib/python3.10/site-packages (from huggingface_hub[cli]) (1.5.0)
Requirement already satisfied: httpx<1,>=0.23.0 in /scratch/user/s4901673/conda-envs/ircbert/lib/python3.10/site-packages (from huggingface_hub[cli]) (0.28.1)
Requirement already satisfied: packaging>=20.9 in /scratch/user/s4901673/conda-envs/ircbert/lib/python3.10/site-packages (from huggingface_hub[cli]) (26.0)
Requirement already satisfied: pyyaml>=5.1 in /scratch/user/s4901673/conda-envs/ircbert/lib/python3.10/site-packages (from huggingface_hub[cli]) (6.0.3)
Requirement already satisfied: tqdm>=4.42.1 in /scratch/user/s4901673/conda-envs/ircbert/lib/python3.10/site-packages (from huggingface_hub[cli]) (4.67.3)
Requirement already satisfied: typer in /scratch/user/s4901673/conda-envs/ircbert/lib/python3.10/site-packages (from huggingface_hub[cli]) (0.25.1)
Requirement already satisfied: typing-extensions>=4.1.0 in /scratch/user/s4901673/conda-envs/ircbert/lib/python3.10/site-packages (from huggingface_hub[cli]) (4.15.0)
Requirement already satisfied: anyio in /scratch/user/s4901673/conda-envs/ircbert/lib/python3.10/site-packages (from httpx<1,>=0.23.0->huggingface_hub[cli]) (4.13.0)
Requirement already satisfied: certifi in /scratch/user/s4901673/conda-envs/ircbert/lib/python3.10/site-packages (from httpx<1,>=0.23.0->huggingface_hub[cli]) (2026.4.22)
Requirement already satisfied: httpcore==1.* in /scratch/user/s4901673/conda-envs/ircbert/lib/python3.10/site-packages (from httpx<1,>=0.23.0->huggingface_hub[cli]) (1.0.9)
Requirement already satisfied: idna in /scratch/user/s4901673/conda-envs/ircbert/lib/python3.10/site-packages (from httpx<1,>=0.23.0->huggingface_hub[cli]) (3.13)
Requirement already satisfied: h11>=0.16 in /scratch/user/s4901673/conda-envs/ircbert/lib/python3.10/site-packages (from httpcore==1.*->httpx<1,>=0.23.0->huggingface_hub[cli]) (0.16.0)
Requirement already satisfied: charset_normalizer<4,>=2 in /scratch/user/s4901673/conda-envs/ircbert/lib/python3.10/site-packages (from requests>=2.26.0->tiktoken) (3.4.7)
Requirement already satisfied: urllib3<3,>=1.26 in /scratch/user/s4901673/conda-envs/ircbert/lib/python3.10/site-packages (from requests>=2.26.0->tiktoken) (2.6.3)
Requirement already satisfied: exceptiongroup>=1.0.2 in /scratch/user/s4901673/conda-envs/ircbert/lib/python3.10/site-packages (from anyio->httpx<1,>=0.23.0->huggingface_hub[cli]) (1.3.1)
Requirement already satisfied: click>=8.2.1 in /scratch/user/s4901673/conda-envs/ircbert/lib/python3.10/site-packages (from typer->huggingface_hub[cli]) (8.3.3)
Requirement already satisfied: shellingham>=1.3.0 in /scratch/user/s4901673/conda-envs/ircbert/lib/python3.10/site-packages (from typer->huggingface_hub[cli]) (1.5.4)
Requirement already satisfied: rich>=13.8.0 in /scratch/user/s4901673/conda-envs/ircbert/lib/python3.10/site-packages (from typer->huggingface_hub[cli]) (15.0.0)
Requirement already satisfied: annotated-doc>=0.0.2 in /scratch/user/s4901673/conda-envs/ircbert/lib/python3.10/site-packages (from typer->huggingface_hub[cli]) (0.0.4)
Requirement already satisfied: markdown-it-py>=2.2.0 in /scratch/user/s4901673/conda-envs/ircbert/lib/python3.10/site-packages (from rich>=13.8.0->typer->huggingface_hub[cli]) (4.0.0)
Requirement already satisfied: pygments<3.0.0,>=2.13.0 in /scratch/user/s4901673/conda-envs/ircbert/lib/python3.10/site-packages (from rich>=13.8.0->typer->huggingface_hub[cli]) (2.20.0)
Requirement already satisfied: mdurl~=0.1 in /scratch/user/s4901673/conda-envs/ircbert/lib/python3.10/site-packages (from markdown-it-py>=2.2.0->rich>=13.8.0->typer->huggingface_hub[cli]) (0.1.2)
Requirement already satisfied: tensorboard in /scratch/user/s4901673/conda-envs/ircbert/lib/python3.10/site-packages (2.20.0)
Requirement already satisfied: absl-py>=0.4 in /scratch/user/s4901673/conda-envs/ircbert/lib/python3.10/site-packages (from tensorboard) (2.4.0)
Requirement already satisfied: grpcio>=1.48.2 in /scratch/user/s4901673/conda-envs/ircbert/lib/python3.10/site-packages (from tensorboard) (1.80.0)
Requirement already satisfied: markdown>=2.6.8 in /scratch/user/s4901673/conda-envs/ircbert/lib/python3.10/site-packages (from tensorboard) (3.10.2)
Requirement already satisfied: numpy>=1.12.0 in /scratch/user/s4901673/conda-envs/ircbert/lib/python3.10/site-packages (from tensorboard) (2.2.6)
Requirement already satisfied: packaging in /scratch/user/s4901673/conda-envs/ircbert/lib/python3.10/site-packages (from tensorboard) (26.0)
Requirement already satisfied: pillow in /scratch/user/s4901673/conda-envs/ircbert/lib/python3.10/site-packages (from tensorboard) (12.2.0)
Requirement already satisfied: protobuf!=4.24.0,>=3.19.6 in /scratch/user/s4901673/conda-envs/ircbert/lib/python3.10/site-packages (from tensorboard) (7.34.1)
Requirement already satisfied: setuptools>=41.0.0 in /scratch/user/s4901673/conda-envs/ircbert/lib/python3.10/site-packages (from tensorboard) (82.0.1)
Requirement already satisfied: tensorboard-data-server<0.8.0,>=0.7.0 in /scratch/user/s4901673/conda-envs/ircbert/lib/python3.10/site-packages (from tensorboard) (0.7.2)
Requirement already satisfied: werkzeug>=1.0.1 in /scratch/user/s4901673/conda-envs/ircbert/lib/python3.10/site-packages (from tensorboard) (3.1.8)
Requirement already satisfied: typing-extensions~=4.12 in /scratch/user/s4901673/conda-envs/ircbert/lib/python3.10/site-packages (from grpcio>=1.48.2->tensorboard) (4.15.0)
Requirement already satisfied: markupsafe>=2.1.1 in /scratch/user/s4901673/conda-envs/ircbert/lib/python3.10/site-packages (from werkzeug>=1.0.1->tensorboard) (3.0.3)
Setup complete.

=== Training on full dataset (max_dist=15, test_end=156) ===

Traceback (most recent call last):
  File "/home/s4901673/workspace/irc-disentanglement-bert-pytorch/src/train.py", line 18, in <module>
    import psutil
ModuleNotFoundError: No module named 'psutil'

=== Evaluating on DEV set ===

ERROR: No checkpoint found in /scratch/user/s4901673/ircbert_runs/checkpoints_maxdist15
