2026-05-18 19:05:09,649 - __main__ - INFO - Using device: cuda
2026-05-18 19:05:09,900 - httpx - INFO - HTTP Request: HEAD https://huggingface.co/microsoft/deberta-v3-base/resolve/main/config.json "HTTP/1.1 307 Temporary Redirect"
2026-05-18 19:05:09,906 - httpx - INFO - HTTP Request: HEAD https://huggingface.co/api/resolve-cache/models/microsoft/deberta-v3-base/8ccc9b6f36199bec6961081d44eb72fb3f7353f3/config.json "HTTP/1.1 200 OK"
2026-05-18 19:05:10,150 - httpx - INFO - HTTP Request: HEAD https://huggingface.co/microsoft/deberta-v3-base/resolve/main/tokenizer_config.json "HTTP/1.1 307 Temporary Redirect"
2026-05-18 19:05:10,150 - huggingface_hub.utils._http - WARNING - Warning: You are sending unauthenticated requests to the HF Hub. Please set a HF_TOKEN to enable higher rate limits and faster downloads.
2026-05-18 19:05:10,156 - httpx - INFO - HTTP Request: HEAD https://huggingface.co/api/resolve-cache/models/microsoft/deberta-v3-base/8ccc9b6f36199bec6961081d44eb72fb3f7353f3/tokenizer_config.json "HTTP/1.1 200 OK"
2026-05-18 19:05:10,396 - httpx - INFO - HTTP Request: GET https://huggingface.co/api/models/microsoft/deberta-v3-base/tree/main/additional_chat_templates?recursive=false&expand=false "HTTP/1.1 404 Not Found"
2026-05-18 19:05:10,643 - httpx - INFO - HTTP Request: GET https://huggingface.co/api/models/microsoft/deberta-v3-base/tree/main?recursive=true&expand=false "HTTP/1.1 200 OK"
2026-05-18 19:05:11,126 - httpx - INFO - HTTP Request: GET https://huggingface.co/api/models/microsoft/deberta-v3-base "HTTP/1.1 200 OK"
2026-05-18 19:05:11,129 - __main__ - INFO - Loaded tokenizer: DebertaV2Tokenizer
2026-05-18 19:05:11,129 - __main__ - INFO - Loading checkpoint from /scratch/user/s4901673/ircbert_runs/checkpoints_maxdist15/checkpoint_epoch_10.pt
2026-05-18 19:05:11,802 - httpx - INFO - HTTP Request: HEAD https://huggingface.co/microsoft/deberta-v3-base/resolve/main/config.json "HTTP/1.1 307 Temporary Redirect"
2026-05-18 19:05:11,808 - httpx - INFO - HTTP Request: HEAD https://huggingface.co/api/resolve-cache/models/microsoft/deberta-v3-base/8ccc9b6f36199bec6961081d44eb72fb3f7353f3/config.json "HTTP/1.1 200 OK"
2026-05-18 19:05:12,436 - httpx - INFO - HTTP Request: HEAD https://huggingface.co/microsoft/deberta-v3-base/resolve/main/model.safetensors "HTTP/1.1 404 Not Found"
2026-05-18 19:05:12,667 - httpx - INFO - HTTP Request: GET https://huggingface.co/api/models/microsoft/deberta-v3-base "HTTP/1.1 200 OK"
2026-05-18 19:05:12,911 - httpx - INFO - HTTP Request: GET https://huggingface.co/api/models/microsoft/deberta-v3-base/commits/main "HTTP/1.1 200 OK"
2026-05-18 19:05:13,159 - httpx - INFO - HTTP Request: GET https://huggingface.co/api/models/microsoft/deberta-v3-base/discussions?p=0 "HTTP/1.1 200 OK"
2026-05-18 19:05:13,412 - httpx - INFO - HTTP Request: GET https://huggingface.co/api/models/microsoft/deberta-v3-base/commits/refs%2Fpr%2F14 "HTTP/1.1 200 OK"
2026-05-18 19:05:13,649 - httpx - INFO - HTTP Request: HEAD https://huggingface.co/microsoft/deberta-v3-base/resolve/refs%2Fpr%2F14/model.safetensors.index.json "HTTP/1.1 404 Not Found"
2026-05-18 19:05:13,876 - httpx - INFO - HTTP Request: HEAD https://huggingface.co/microsoft/deberta-v3-base/resolve/refs%2Fpr%2F14/model.safetensors "HTTP/1.1 302 Found"
2026-05-18 19:05:15,282 - httpx - INFO - HTTP Request: HEAD https://huggingface.co/microsoft/deberta-v3-base/resolve/main/config.json "HTTP/1.1 307 Temporary Redirect"
2026-05-18 19:05:15,288 - httpx - INFO - HTTP Request: HEAD https://huggingface.co/api/resolve-cache/models/microsoft/deberta-v3-base/8ccc9b6f36199bec6961081d44eb72fb3f7353f3/config.json "HTTP/1.1 200 OK"
2026-05-18 19:05:16,070 - __main__ - INFO - Loaded checkpoint from epoch 10 (model=microsoft/deberta-v3-base)
2026-05-18 19:05:16,071 - __main__ - INFO - Loading dev dataset...
2026-05-18 19:05:16,075 - data_loader - INFO - Initializing IRCDisentanglementDataset with 10 files
2026-05-18 19:05:16,075 - data_loader - INFO -   max_dist=15, max_length=128, skip_labels=False
2026-05-18 19:05:16,078 - data_loader - INFO -   test_start=0, test_end=1000000000
2026-05-18 19:05:16,079 - data_loader - INFO - Loading conversation from /home/s4901673/workspace/irc-disentanglement-bert-pytorch/data/dev/2004-11-15_03.ascii.txt
2026-05-18 19:05:16,080 - data_loader - INFO -   Read 1250 lines from ASCII file
2026-05-18 19:05:16,083 - data_loader - INFO -   Parsed 1250 messages, found 76 unique users
2026-05-18 19:05:16,208 - data_loader - INFO -   Loaded 189 gold links from annotation file
2026-05-18 19:05:16,208 - data_loader - INFO -   Conversation '2004-11-15_03' loaded in 0.13s
2026-05-18 19:05:16,208 - data_loader - INFO -   Creating samples for 2004-11-15_03: all 1250 messages
2026-05-18 19:05:16,211 - data_loader - INFO -   Created 0 samples for 2004-11-15_03
2026-05-18 19:05:16,211 - data_loader - INFO -   File 1/10: 2004-11-15_03 - 1250 messages, 0 total samples so far
2026-05-18 19:05:16,211 - data_loader - INFO - Loading conversation from /home/s4901673/workspace/irc-disentanglement-bert-pytorch/data/dev/2005-06-27_12.ascii.txt
2026-05-18 19:05:16,212 - data_loader - INFO -   Read 1250 lines from ASCII file
2026-05-18 19:05:16,355 - data_loader - INFO -   Parsed 1250 messages, found 77 unique users
2026-05-18 19:05:16,478 - data_loader - INFO -   Loaded 182 gold links from annotation file
2026-05-18 19:05:16,478 - data_loader - INFO -   Conversation '2005-06-27_12' loaded in 0.27s
2026-05-18 19:05:16,479 - data_loader - INFO -   Creating samples for 2005-06-27_12: all 1250 messages
2026-05-18 19:05:16,481 - data_loader - INFO -   Created 0 samples for 2005-06-27_12
2026-05-18 19:05:16,481 - data_loader - INFO -   File 2/10: 2005-06-27_12 - 1250 messages, 0 total samples so far
2026-05-18 19:05:16,481 - data_loader - INFO - Loading conversation from /home/s4901673/workspace/irc-disentanglement-bert-pytorch/data/dev/2005-08-08_01.ascii.txt
2026-05-18 19:05:16,483 - data_loader - INFO -   Read 1250 lines from ASCII file
2026-05-18 19:05:16,486 - data_loader - INFO -   Parsed 1250 messages, found 95 unique users
2026-05-18 19:05:16,644 - data_loader - INFO -   Loaded 186 gold links from annotation file
2026-05-18 19:05:16,644 - data_loader - INFO -   Conversation '2005-08-08_01' loaded in 0.16s
2026-05-18 19:05:16,644 - data_loader - INFO -   Creating samples for 2005-08-08_01: all 1250 messages
2026-05-18 19:05:16,647 - data_loader - INFO -   Created 0 samples for 2005-08-08_01
2026-05-18 19:05:16,647 - data_loader - INFO -   File 3/10: 2005-08-08_01 - 1250 messages, 0 total samples so far
2026-05-18 19:05:16,647 - data_loader - INFO - Loading conversation from /home/s4901673/workspace/irc-disentanglement-bert-pytorch/data/dev/2008-12-11_11.ascii.txt
2026-05-18 19:05:16,648 - data_loader - INFO -   Read 1250 lines from ASCII file
2026-05-18 19:05:16,652 - data_loader - INFO -   Parsed 1250 messages, found 142 unique users
2026-05-18 19:05:16,951 - data_loader - INFO -   Loaded 172 gold links from annotation file
2026-05-18 19:05:16,951 - data_loader - INFO -   Conversation '2008-12-11_11' loaded in 0.30s
2026-05-18 19:05:16,951 - data_loader - INFO -   Creating samples for 2008-12-11_11: all 1250 messages
2026-05-18 19:05:16,954 - data_loader - INFO -   Created 0 samples for 2008-12-11_11
2026-05-18 19:05:16,954 - data_loader - INFO -   File 4/10: 2008-12-11_11 - 1250 messages, 0 total samples so far
2026-05-18 19:05:16,954 - data_loader - INFO - Loading conversation from /home/s4901673/workspace/irc-disentanglement-bert-pytorch/data/dev/2009-02-23_10.ascii.txt
2026-05-18 19:05:16,955 - data_loader - INFO -   Read 1250 lines from ASCII file
2026-05-18 19:05:16,959 - data_loader - INFO -   Parsed 1250 messages, found 111 unique users
2026-05-18 19:05:17,186 - data_loader - INFO -   Loaded 186 gold links from annotation file
2026-05-18 19:05:17,186 - data_loader - INFO -   Conversation '2009-02-23_10' loaded in 0.23s
2026-05-18 19:05:17,186 - data_loader - INFO -   Creating samples for 2009-02-23_10: all 1250 messages
2026-05-18 19:05:17,189 - data_loader - INFO -   Created 0 samples for 2009-02-23_10
2026-05-18 19:05:17,189 - data_loader - INFO -   File 5/10: 2009-02-23_10 - 1250 messages, 0 total samples so far
2026-05-18 19:05:17,189 - data_loader - INFO - Loading conversation from /home/s4901673/workspace/irc-disentanglement-bert-pytorch/data/dev/2009-03-03_10.ascii.txt
2026-05-18 19:05:17,190 - data_loader - INFO -   Read 1250 lines from ASCII file
2026-05-18 19:05:17,193 - data_loader - INFO -   Parsed 1250 messages, found 134 unique users
2026-05-18 19:05:17,471 - data_loader - INFO -   Loaded 188 gold links from annotation file
2026-05-18 19:05:17,472 - data_loader - INFO -   Conversation '2009-03-03_10' loaded in 0.28s
2026-05-18 19:05:17,472 - data_loader - INFO -   Creating samples for 2009-03-03_10: all 1250 messages
2026-05-18 19:05:17,475 - data_loader - INFO -   Created 0 samples for 2009-03-03_10
2026-05-18 19:05:17,475 - data_loader - INFO -   File 6/10: 2009-03-03_10 - 1250 messages, 0 total samples so far
2026-05-18 19:05:17,475 - data_loader - INFO - Loading conversation from /home/s4901673/workspace/irc-disentanglement-bert-pytorch/data/dev/2009-10-01_17.ascii.txt
2026-05-18 19:05:17,476 - data_loader - INFO -   Read 1250 lines from ASCII file
2026-05-18 19:05:17,480 - data_loader - INFO -   Parsed 1250 messages, found 166 unique users
2026-05-18 19:05:17,855 - data_loader - INFO -   Loaded 171 gold links from annotation file
2026-05-18 19:05:17,855 - data_loader - INFO -   Conversation '2009-10-01_17' loaded in 0.38s
2026-05-18 19:05:17,855 - data_loader - INFO -   Creating samples for 2009-10-01_17: all 1250 messages
2026-05-18 19:05:17,858 - data_loader - INFO -   Created 0 samples for 2009-10-01_17
2026-05-18 19:05:17,858 - data_loader - INFO -   File 7/10: 2009-10-01_17 - 1250 messages, 0 total samples so far
2026-05-18 19:05:17,858 - data_loader - INFO - Loading conversation from /home/s4901673/workspace/irc-disentanglement-bert-pytorch/data/dev/2011-05-29_19.ascii.txt
2026-05-18 19:05:17,860 - data_loader - INFO -   Read 1250 lines from ASCII file
2026-05-18 19:05:17,863 - data_loader - INFO -   Parsed 1250 messages, found 152 unique users
2026-05-18 19:05:18,208 - data_loader - INFO -   Loaded 181 gold links from annotation file
2026-05-18 19:05:18,208 - data_loader - INFO -   Conversation '2011-05-29_19' loaded in 0.35s
2026-05-18 19:05:18,208 - data_loader - INFO -   Creating samples for 2011-05-29_19: all 1250 messages
2026-05-18 19:05:18,211 - data_loader - INFO -   Created 0 samples for 2011-05-29_19
2026-05-18 19:05:18,211 - data_loader - INFO -   File 8/10: 2011-05-29_19 - 1250 messages, 0 total samples so far
2026-05-18 19:05:18,211 - data_loader - INFO - Loading conversation from /home/s4901673/workspace/irc-disentanglement-bert-pytorch/data/dev/2011-11-13_02.ascii.txt
2026-05-18 19:05:18,212 - data_loader - INFO -   Read 1250 lines from ASCII file
2026-05-18 19:05:18,216 - data_loader - INFO -   Parsed 1250 messages, found 164 unique users
2026-05-18 19:05:18,589 - data_loader - INFO -   Loaded 165 gold links from annotation file
2026-05-18 19:05:18,589 - data_loader - INFO -   Conversation '2011-11-13_02' loaded in 0.38s
2026-05-18 19:05:18,589 - data_loader - INFO -   Creating samples for 2011-11-13_02: all 1250 messages
2026-05-18 19:05:18,592 - data_loader - INFO -   Created 0 samples for 2011-11-13_02
2026-05-18 19:05:18,592 - data_loader - INFO -   File 9/10: 2011-11-13_02 - 1250 messages, 0 total samples so far
2026-05-18 19:05:18,592 - data_loader - INFO - Loading conversation from /home/s4901673/workspace/irc-disentanglement-bert-pytorch/data/dev/2016-12-19_20.ascii.txt
2026-05-18 19:05:18,593 - data_loader - INFO -   Read 1250 lines from ASCII file
2026-05-18 19:05:18,597 - data_loader - INFO -   Parsed 1250 messages, found 165 unique users
2026-05-18 19:05:18,960 - data_loader - INFO -   Loaded 176 gold links from annotation file
2026-05-18 19:05:18,961 - data_loader - INFO -   Conversation '2016-12-19_20' loaded in 0.37s
2026-05-18 19:05:18,961 - data_loader - INFO -   Creating samples for 2016-12-19_20: all 1250 messages
2026-05-18 19:05:18,964 - data_loader - INFO -   Created 0 samples for 2016-12-19_20
2026-05-18 19:05:18,964 - data_loader - INFO -   File 10/10: 2016-12-19_20 - 1250 messages, 0 total samples so far
2026-05-18 19:05:18,964 - data_loader - INFO - Dataset initialization complete: 0 samples from 10 conversations in 2.89s
2026-05-18 19:05:18,964 - __main__ - INFO - dev dataset: 0 samples
2026-05-18 19:05:18,964 - __main__ - INFO - === Pairwise Metrics (Per-Message Accuracy) ===
2026-05-18 19:05:18,965 - train - INFO - Starting evaluation on 0 samples
2026-05-18 19:05:19,129 - train - INFO -   COVERAGE: 0/12500 messages have predictions (0.0%)
2026-05-18 19:05:19,130 - train - INFO -     (Messages without predictions: gold parent is outside max_dist window)
2026-05-18 19:05:19,130 - train - INFO - Evaluation complete in 0.16s
2026-05-18 19:05:19,130 - train - INFO -   Loss: 0.0000, Accuracy: 0.0000, Precision: 0.0000, Recall: 0.0000, F1: 0.0000
2026-05-18 19:05:19,130 - __main__ - INFO - ================================================================================
2026-05-18 19:05:19,130 - __main__ - INFO - Evaluation Results (Multiclass Mode)
2026-05-18 19:05:19,130 - __main__ - INFO - ================================================================================
2026-05-18 19:05:19,130 - __main__ - INFO - Loss: 0.0000
2026-05-18 19:05:19,130 - __main__ - INFO - Accuracy: 0.0000
2026-05-18 19:05:19,130 - __main__ - INFO - Precision: 0.0000
2026-05-18 19:05:19,130 - __main__ - INFO - Recall: 0.0000
2026-05-18 19:05:19,130 - __main__ - INFO - F1: 0.0000
2026-05-18 19:05:19,130 - __main__ - INFO - Predicted position distribution (top 10):
2026-05-18 19:05:19,131 - __main__ - INFO - ================================================================================
2026-05-18 19:05:19,131 - __main__ - INFO - === Clustering Metrics (VI / ARI) ===
2026-05-18 19:05:19,133 - __main__ - INFO -   Loaded 494 clusters across 10 conversations
2026-05-18 19:05:19,133 - __main__ - INFO -   Per-conversation clustering metrics (0 conversations, avg coverage=0.0%):
2026-05-18 19:05:19,133 - __main__ - INFO - ================================================================================
2026-05-18 19:05:19,133 - __main__ - INFO - Clustering Evaluation Results
2026-05-18 19:05:19,133 - __main__ - INFO - ================================================================================
2026-05-18 19:05:19,133 - __main__ - INFO - ARI (Adjusted Rand Index): 0.0000
2026-05-18 19:05:19,133 - __main__ - INFO - VI  (Variation of Information): 0.0000
2026-05-18 19:05:19,133 - __main__ - INFO - Conversations evaluated: 0
2026-05-18 19:05:19,133 - __main__ - INFO - ================================================================================
2026-05-18 19:05:19,134 - __main__ - INFO - 
============================================================
2026-05-18 19:05:19,134 - __main__ - INFO - HUMAN-READABLE VALIDATION (showing 3 random conversations)
2026-05-18 19:05:19,134 - __main__ - INFO - ============================================================
2026-05-18 19:05:19,134 - __main__ - INFO - Results saved to: /home/s4901673/workspace/irc-disentanglement-bert-pytorch/logs/eval_20260518_190509.log
