2026-05-04 15:06:41,209 - __main__ - INFO - ================================================================================
2026-05-04 15:06:41,209 - __main__ - INFO - IRC Conversation Disentanglement Training
2026-05-04 15:06:41,209 - __main__ - INFO - ================================================================================
2026-05-04 15:06:41,209 - __main__ - INFO - --- System Diagnostics ---
2026-05-04 15:06:41,210 - __main__ - INFO - OS: Windows 11
2026-05-04 15:06:41,210 - __main__ - INFO - Python: 3.13.5
2026-05-04 15:06:41,210 - __main__ - INFO - RAM: 15.46 GB total, 1.74 GB available
2026-05-04 15:06:41,213 - __main__ - INFO - GPU: No CUDA-capable device found.
2026-05-04 15:06:41,213 - __main__ - INFO - --------------------------
2026-05-04 15:06:41,213 - __main__ - INFO - Mode: train
2026-05-04 15:06:41,213 - __main__ - INFO - Device: cpu
2026-05-04 15:06:41,213 - __main__ - INFO - Model: microsoft/deberta-v3-base
2026-05-04 15:06:41,213 - __main__ - INFO - Batch size: 16
2026-05-04 15:06:41,213 - __main__ - INFO - Learning rate: 5e-05
2026-05-04 15:06:41,214 - __main__ - INFO - Epochs: 1
2026-05-04 15:06:41,214 - __main__ - INFO - Max dist: 50
2026-05-04 15:06:41,214 - __main__ - INFO - Max length: 128
2026-05-04 15:06:41,214 - __main__ - INFO - Output dir: checkpoints
2026-05-04 15:06:41,214 - __main__ - INFO - Using device: cpu
2026-05-04 15:06:41,214 - __main__ - INFO - Loading tokenizer: microsoft/deberta-v3-base
2026-05-04 15:06:41,753 - httpx - INFO - HTTP Request: HEAD https://huggingface.co/microsoft/deberta-v3-base/resolve/main/config.json "HTTP/1.1 307 Temporary Redirect"
2026-05-04 15:06:41,754 - huggingface_hub.utils._http - WARNING - Warning: You are sending unauthenticated requests to the HF Hub. Please set a HF_TOKEN to enable higher rate limits and faster downloads.
2026-05-04 15:06:41,771 - httpx - INFO - HTTP Request: HEAD https://huggingface.co/api/resolve-cache/models/microsoft/deberta-v3-base/8ccc9b6f36199bec6961081d44eb72fb3f7353f3/config.json "HTTP/1.1 200 OK"
2026-05-04 15:06:42,005 - httpx - INFO - HTTP Request: HEAD https://huggingface.co/microsoft/deberta-v3-base/resolve/main/tokenizer_config.json "HTTP/1.1 307 Temporary Redirect"
2026-05-04 15:06:42,022 - httpx - INFO - HTTP Request: HEAD https://huggingface.co/api/resolve-cache/models/microsoft/deberta-v3-base/8ccc9b6f36199bec6961081d44eb72fb3f7353f3/tokenizer_config.json "HTTP/1.1 200 OK"
2026-05-04 15:06:42,256 - httpx - INFO - HTTP Request: GET https://huggingface.co/api/models/microsoft/deberta-v3-base/tree/main/additional_chat_templates?recursive=false&expand=false "HTTP/1.1 404 Not Found"
2026-05-04 15:06:42,522 - httpx - INFO - HTTP Request: GET https://huggingface.co/api/models/microsoft/deberta-v3-base/tree/main?recursive=true&expand=false "HTTP/1.1 200 OK"
2026-05-04 15:06:43,255 - httpx - INFO - HTTP Request: GET https://huggingface.co/api/models/microsoft/deberta-v3-base "HTTP/1.1 200 OK"
2026-05-04 15:06:43,260 - __main__ - INFO - Tokenizer loaded: DebertaV2Tokenizer
2026-05-04 15:06:43,261 - __main__ - INFO - Creating dataloaders...
2026-05-04 15:06:43,262 - __main__ - INFO - Loading 1 train files...
2026-05-04 15:06:43,262 - data_loader - INFO - Initializing IRCDisentanglementDataset with 1 files
2026-05-04 15:06:43,262 - data_loader - INFO -   max_dist=50, max_length=128, skip_labels=False
2026-05-04 15:06:43,262 - data_loader - INFO -   test_start=0, test_end=100
2026-05-04 15:06:43,264 - data_loader - INFO - Loading conversation from data/tiny\train\tiny.train.ascii.txt
2026-05-04 15:06:43,272 - data_loader - INFO -   Read 300 lines from ASCII file
2026-05-04 15:06:43,273 - data_loader - INFO -   Parsed 300 messages, found 32 unique users
2026-05-04 15:06:43,295 - data_loader - INFO -   Loaded 212 gold links from annotation file
2026-05-04 15:06:43,295 - data_loader - INFO -   Conversation 'tiny.train' loaded in 0.03s
2026-05-04 15:06:43,295 - data_loader - INFO -   Creating samples for tiny.train: messages 0 to 100 (limited)
2026-05-04 15:06:43,306 - data_loader - INFO -   Created 3510 samples for tiny.train
2026-05-04 15:06:43,307 - data_loader - INFO -   File 1/1: tiny.train - 300 messages, 3510 total samples so far
2026-05-04 15:06:43,307 - data_loader - INFO -   Reached test_end limit (100 samples), stopping early
2026-05-04 15:06:43,307 - data_loader - INFO - Truncating samples from 3510 to 100 (test_end limit)
2026-05-04 15:06:43,308 - data_loader - INFO - Dataset initialization complete: 100 samples from 1 conversations in 0.05s
2026-05-04 15:06:43,308 - __main__ - INFO -   Train dataset created: 100 samples
2026-05-04 15:06:43,308 - __main__ - INFO - Loading 1 dev files...
2026-05-04 15:06:43,308 - data_loader - INFO - Initializing IRCDisentanglementDataset with 1 files
2026-05-04 15:06:43,308 - data_loader - INFO -   max_dist=50, max_length=128, skip_labels=False
2026-05-04 15:06:43,308 - data_loader - INFO -   test_start=0, test_end=1000000000
2026-05-04 15:06:43,309 - data_loader - INFO - Loading conversation from data/tiny\dev\tiny.dev.ascii.txt
2026-05-04 15:06:43,320 - data_loader - INFO -   Read 250 lines from ASCII file
2026-05-04 15:06:43,321 - data_loader - INFO -   Parsed 250 messages, found 30 unique users
2026-05-04 15:06:43,339 - data_loader - INFO -   Loaded 188 gold links from annotation file
2026-05-04 15:06:43,339 - data_loader - INFO -   Conversation 'tiny.dev' loaded in 0.03s
2026-05-04 15:06:43,339 - data_loader - INFO -   Creating samples for tiny.dev: all 250 messages
2026-05-04 15:06:43,365 - data_loader - INFO -   Created 9136 samples for tiny.dev
2026-05-04 15:06:43,365 - data_loader - INFO -   File 1/1: tiny.dev - 250 messages, 9136 total samples so far
2026-05-04 15:06:43,366 - data_loader - INFO - Dataset initialization complete: 9136 samples from 1 conversations in 0.06s
2026-05-04 15:06:43,366 - __main__ - INFO -   Dev dataset created: 9136 samples
2026-05-04 15:06:43,367 - __main__ - INFO -   Train dataset: 100 pairs
2026-05-04 15:06:43,367 - __main__ - INFO -   Dev dataset: 9136 pairs
2026-05-04 15:06:43,367 - __main__ - INFO - Creating model...
2026-05-04 15:06:43,595 - httpx - INFO - HTTP Request: HEAD https://huggingface.co/microsoft/deberta-v3-base/resolve/main/config.json "HTTP/1.1 307 Temporary Redirect"
2026-05-04 15:06:43,616 - httpx - INFO - HTTP Request: HEAD https://huggingface.co/api/resolve-cache/models/microsoft/deberta-v3-base/8ccc9b6f36199bec6961081d44eb72fb3f7353f3/config.json "HTTP/1.1 200 OK"
2026-05-04 15:06:44,763 - httpx - INFO - HTTP Request: HEAD https://huggingface.co/microsoft/deberta-v3-base/resolve/main/model.safetensors "HTTP/1.1 404 Not Found"
2026-05-04 15:06:44,997 - httpx - INFO - HTTP Request: HEAD https://huggingface.co/microsoft/deberta-v3-base/resolve/main/model.safetensors.index.json "HTTP/1.1 404 Not Found"
2026-05-04 15:06:45,265 - httpx - INFO - HTTP Request: HEAD https://huggingface.co/microsoft/deberta-v3-base/resolve/main/pytorch_model.bin "HTTP/1.1 302 Found"
2026-05-04 15:06:45,503 - httpx - INFO - HTTP Request: GET https://huggingface.co/api/models/microsoft/deberta-v3-base/xet-read-token/8ccc9b6f36199bec6961081d44eb72fb3f7353f3 "HTTP/1.1 200 OK"
2026-05-04 15:11:09,207 - httpx - INFO - HTTP Request: HEAD https://huggingface.co/microsoft/deberta-v3-base/resolve/main/model.safetensors "HTTP/1.1 404 Not Found"
2026-05-04 15:11:09,438 - httpx - INFO - HTTP Request: GET https://huggingface.co/api/models/microsoft/deberta-v3-base "HTTP/1.1 200 OK"
2026-05-04 15:11:09,616 - httpx - INFO - HTTP Request: HEAD https://huggingface.co/microsoft/deberta-v3-base/resolve/main/config.json "HTTP/1.1 307 Temporary Redirect"
2026-05-04 15:11:09,634 - httpx - INFO - HTTP Request: HEAD https://huggingface.co/api/resolve-cache/models/microsoft/deberta-v3-base/8ccc9b6f36199bec6961081d44eb72fb3f7353f3/config.json "HTTP/1.1 200 OK"
2026-05-04 15:11:09,645 - __main__ - INFO -   Parameters: 183,832,325 trainable, 183,832,325 total
2026-05-04 15:11:09,645 - __main__ - INFO -   BERT hidden size: 768
2026-05-04 15:11:09,645 - __main__ - INFO -   Combined size: 772
2026-05-04 15:11:09,646 - __main__ - INFO - Created AdamW optimizer with lr=5e-05
2026-05-04 15:11:09,646 - __main__ - INFO - Created scheduler with 100 warmup steps, 7 total steps
2026-05-04 15:11:09,646 - __main__ - INFO - Starting training from epoch 1...
2026-05-04 15:11:09,647 - __main__ - INFO - ================================================================================
2026-05-04 15:11:09,647 - __main__ - INFO - Epoch 1/1
2026-05-04 15:11:09,647 - __main__ - INFO - --------------------------------------------------------------------------------
2026-05-04 15:11:09,647 - __main__ - INFO - Starting epoch 1 with 7 batches
2026-05-04 15:11:09,697 - httpx - INFO - HTTP Request: GET https://huggingface.co/api/models/microsoft/deberta-v3-base/commits/main "HTTP/1.1 200 OK"
2026-05-04 15:11:09,704 - __main__ - ERROR - Fatal error during training:
Traceback (most recent call last):
  File "C:\Users\vigyan\Documents\UQ\courses\2026_Sem1\REIT7842_Thesis\irc_dis_pytorch\src\train.py", line 958, in <module>
    main()
    ~~~~^^
  File "C:\Users\vigyan\Documents\UQ\courses\2026_Sem1\REIT7842_Thesis\irc_dis_pytorch\src\train.py", line 841, in main
    train_loss = train_epoch(
        model,
    ...<6 lines>...
        scaler=scaler,
    )
  File "C:\Users\vigyan\Documents\UQ\courses\2026_Sem1\REIT7842_Thesis\irc_dis_pytorch\src\train.py", line 478, in train_epoch
    for batch_idx, batch in enumerate(progress_bar):
                            ~~~~~~~~~^^^^^^^^^^^^^^
  File "C:\Users\vigyan\Documents\UQ\courses\2026_Sem1\REIT7842_Thesis\irc_dis_pytorch\.venv-irc-bert\Lib\site-packages\tqdm\std.py", line 1181, in __iter__
    for obj in iterable:
               ^^^^^^^^
  File "C:\Users\vigyan\Documents\UQ\courses\2026_Sem1\REIT7842_Thesis\irc_dis_pytorch\.venv-irc-bert\Lib\site-packages\torch\utils\data\dataloader.py", line 741, in __next__
    data = self._next_data()
  File "C:\Users\vigyan\Documents\UQ\courses\2026_Sem1\REIT7842_Thesis\irc_dis_pytorch\.venv-irc-bert\Lib\site-packages\torch\utils\data\dataloader.py", line 801, in _next_data
    data = self._dataset_fetcher.fetch(index)  # may raise StopIteration
  File "C:\Users\vigyan\Documents\UQ\courses\2026_Sem1\REIT7842_Thesis\irc_dis_pytorch\.venv-irc-bert\Lib\site-packages\torch\utils\data\_utils\fetch.py", line 57, in fetch
    return self.collate_fn(data)
           ~~~~~~~~~~~~~~~^^^^^^
  File "C:\Users\vigyan\Documents\UQ\courses\2026_Sem1\REIT7842_Thesis\irc_dis_pytorch\.venv-irc-bert\Lib\site-packages\torch\utils\data\_utils\collate.py", line 401, in default_collate
    return collate(batch, collate_fn_map=default_collate_fn_map)
  File "C:\Users\vigyan\Documents\UQ\courses\2026_Sem1\REIT7842_Thesis\irc_dis_pytorch\.venv-irc-bert\Lib\site-packages\torch\utils\data\_utils\collate.py", line 172, in collate
    key: collate(
         ~~~~~~~^
        [d[key] for d in batch], collate_fn_map=collate_fn_map
        ^^^^^^^^^^^^^^^^^^^^^^^^^^^^^^^^^^^^^^^^^^^^^^^^^^^^^^
    )
    ^
  File "C:\Users\vigyan\Documents\UQ\courses\2026_Sem1\REIT7842_Thesis\irc_dis_pytorch\.venv-irc-bert\Lib\site-packages\torch\utils\data\_utils\collate.py", line 155, in collate
    return collate_fn_map[elem_type](batch, collate_fn_map=collate_fn_map)
           ~~~~~~~~~~~~~~~~~~~~~~~~~^^^^^^^^^^^^^^^^^^^^^^^^^^^^^^^^^^^^^^
  File "C:\Users\vigyan\Documents\UQ\courses\2026_Sem1\REIT7842_Thesis\irc_dis_pytorch\.venv-irc-bert\Lib\site-packages\torch\utils\data\_utils\collate.py", line 275, in collate_tensor_fn
    return torch.stack(batch, 0, out=out)
           ~~~~~~~~~~~^^^^^^^^^^^^^^^^^^^
RuntimeError: stack expects each tensor to be equal size, but got [11, 128] at entry 0 and [9, 128] at entry 1
2026-05-04 15:11:09,939 - httpx - INFO - HTTP Request: GET https://huggingface.co/api/models/microsoft/deberta-v3-base/discussions?p=0 "HTTP/1.1 200 OK"
2026-05-04 15:11:10,179 - httpx - INFO - HTTP Request: GET https://huggingface.co/api/models/microsoft/deberta-v3-base/commits/refs%2Fpr%2F14 "HTTP/1.1 200 OK"
2026-05-04 15:11:10,410 - httpx - INFO - HTTP Request: HEAD https://huggingface.co/microsoft/deberta-v3-base/resolve/refs%2Fpr%2F14/model.safetensors.index.json "HTTP/1.1 404 Not Found"
2026-05-04 15:11:10,637 - httpx - INFO - HTTP Request: HEAD https://huggingface.co/microsoft/deberta-v3-base/resolve/refs%2Fpr%2F14/model.safetensors "HTTP/1.1 302 Found"
2026-05-04 15:11:10,867 - httpx - INFO - HTTP Request: GET https://huggingface.co/api/models/microsoft/deberta-v3-base/xet-read-token/de19fe7db5162df5f3d8f0b41321c0267288fd74 "HTTP/1.1 200 OK"
