2026-05-10 20:23:35,583 - __main__ - INFO - Using device: cuda
2026-05-10 20:23:35,827 - httpx - INFO - HTTP Request: HEAD https://huggingface.co/microsoft/deberta-v3-base/resolve/main/config.json "HTTP/1.1 307 Temporary Redirect"
2026-05-10 20:23:35,834 - httpx - INFO - HTTP Request: HEAD https://huggingface.co/api/resolve-cache/models/microsoft/deberta-v3-base/8ccc9b6f36199bec6961081d44eb72fb3f7353f3/config.json "HTTP/1.1 200 OK"
2026-05-10 20:23:36,076 - httpx - INFO - HTTP Request: HEAD https://huggingface.co/microsoft/deberta-v3-base/resolve/main/tokenizer_config.json "HTTP/1.1 307 Temporary Redirect"
2026-05-10 20:23:36,076 - huggingface_hub.utils._http - WARNING - Warning: You are sending unauthenticated requests to the HF Hub. Please set a HF_TOKEN to enable higher rate limits and faster downloads.
2026-05-10 20:23:36,082 - httpx - INFO - HTTP Request: HEAD https://huggingface.co/api/resolve-cache/models/microsoft/deberta-v3-base/8ccc9b6f36199bec6961081d44eb72fb3f7353f3/tokenizer_config.json "HTTP/1.1 200 OK"
2026-05-10 20:23:36,317 - httpx - INFO - HTTP Request: GET https://huggingface.co/api/models/microsoft/deberta-v3-base/tree/main/additional_chat_templates?recursive=false&expand=false "HTTP/1.1 404 Not Found"
2026-05-10 20:23:36,553 - httpx - INFO - HTTP Request: GET https://huggingface.co/api/models/microsoft/deberta-v3-base/tree/main?recursive=true&expand=false "HTTP/1.1 200 OK"
2026-05-10 20:23:37,049 - httpx - INFO - HTTP Request: GET https://huggingface.co/api/models/microsoft/deberta-v3-base "HTTP/1.1 200 OK"
2026-05-10 20:23:37,051 - __main__ - INFO - Loaded tokenizer: DebertaV2Tokenizer
2026-05-10 20:23:37,051 - __main__ - INFO - Loading checkpoint from /scratch/user/s4901673/ircbert_runs/debug_checkpoints/checkpoint_epoch_5.pt
2026-05-10 20:23:38,153 - httpx - INFO - HTTP Request: HEAD https://huggingface.co/microsoft/deberta-v3-base/resolve/main/config.json "HTTP/1.1 307 Temporary Redirect"
2026-05-10 20:23:38,161 - httpx - INFO - HTTP Request: HEAD https://huggingface.co/api/resolve-cache/models/microsoft/deberta-v3-base/8ccc9b6f36199bec6961081d44eb72fb3f7353f3/config.json "HTTP/1.1 200 OK"
2026-05-10 20:23:38,798 - httpx - INFO - HTTP Request: HEAD https://huggingface.co/microsoft/deberta-v3-base/resolve/main/model.safetensors "HTTP/1.1 404 Not Found"
2026-05-10 20:23:39,027 - httpx - INFO - HTTP Request: GET https://huggingface.co/api/models/microsoft/deberta-v3-base "HTTP/1.1 200 OK"
2026-05-10 20:23:39,298 - httpx - INFO - HTTP Request: GET https://huggingface.co/api/models/microsoft/deberta-v3-base/commits/main "HTTP/1.1 200 OK"
2026-05-10 20:23:39,575 - httpx - INFO - HTTP Request: GET https://huggingface.co/api/models/microsoft/deberta-v3-base/discussions?p=0 "HTTP/1.1 200 OK"
2026-05-10 20:23:39,815 - httpx - INFO - HTTP Request: GET https://huggingface.co/api/models/microsoft/deberta-v3-base/commits/refs%2Fpr%2F14 "HTTP/1.1 200 OK"
2026-05-10 20:23:40,059 - httpx - INFO - HTTP Request: HEAD https://huggingface.co/microsoft/deberta-v3-base/resolve/refs%2Fpr%2F14/model.safetensors.index.json "HTTP/1.1 404 Not Found"
2026-05-10 20:23:40,298 - httpx - INFO - HTTP Request: HEAD https://huggingface.co/microsoft/deberta-v3-base/resolve/refs%2Fpr%2F14/model.safetensors "HTTP/1.1 302 Found"
2026-05-10 20:23:40,763 - httpx - INFO - HTTP Request: HEAD https://huggingface.co/microsoft/deberta-v3-base/resolve/main/config.json "HTTP/1.1 307 Temporary Redirect"
2026-05-10 20:23:40,770 - httpx - INFO - HTTP Request: HEAD https://huggingface.co/api/resolve-cache/models/microsoft/deberta-v3-base/8ccc9b6f36199bec6961081d44eb72fb3f7353f3/config.json "HTTP/1.1 200 OK"
2026-05-10 20:23:41,528 - __main__ - INFO - Loaded checkpoint from epoch 5 (model=microsoft/deberta-v3-base)
2026-05-10 20:23:41,536 - __main__ - INFO - Loading test dataset...
2026-05-10 20:23:41,541 - data_loader - INFO - Initializing IRCDisentanglementDataset with 10 files
2026-05-10 20:23:41,541 - data_loader - INFO -   max_dist=15, max_length=128, skip_labels=False
2026-05-10 20:23:41,542 - data_loader - INFO -   test_start=0, test_end=1000000000
2026-05-10 20:23:41,543 - data_loader - INFO - Loading conversation from data/test/2005-07-06_14.ascii.txt
2026-05-10 20:23:41,545 - data_loader - INFO -   Read 1500 lines from ASCII file
2026-05-10 20:23:41,550 - data_loader - INFO -   Parsed 1500 messages, found 107 unique users
2026-05-10 20:23:41,771 - data_loader - INFO -   Loaded 406 gold links from annotation file
2026-05-10 20:23:41,772 - data_loader - INFO -   Conversation '2005-07-06_14' loaded in 0.23s
2026-05-10 20:23:41,772 - data_loader - INFO -   Creating samples for 2005-07-06_14: all 1500 messages
2026-05-10 20:23:41,777 - data_loader - INFO -   LABEL CHECK [2005-07-06_14 sample #0]: gold_parent_idx=12, gold_msg_idx=1001, C=13, msg_i_idx=1001, candidate_range=[987, 1001]
2026-05-10 20:23:41,777 - data_loader - INFO -   LABEL CHECK [2005-07-06_14 sample #1]: gold_parent_idx=12, gold_msg_idx=1004, C=13, msg_i_idx=1004, candidate_range=[990, 1004]
2026-05-10 20:23:41,777 - data_loader - INFO -   LABEL CHECK [2005-07-06_14 sample #2]: gold_parent_idx=11, gold_msg_idx=1005, C=12, msg_i_idx=1005, candidate_range=[992, 1005]
2026-05-10 20:23:41,787 - data_loader - INFO -   Created 153 samples for 2005-07-06_14
2026-05-10 20:23:41,787 - data_loader - INFO -   File 1/10: 2005-07-06_14 - 1500 messages, 153 total samples so far
2026-05-10 20:23:41,787 - data_loader - INFO - Loading conversation from data/test/2007-01-11_12.ascii.txt
2026-05-10 20:23:41,788 - data_loader - INFO -   Read 1500 lines from ASCII file
2026-05-10 20:23:41,792 - data_loader - INFO -   Parsed 1500 messages, found 79 unique users
2026-05-10 20:23:41,948 - data_loader - INFO -   Loaded 425 gold links from annotation file
2026-05-10 20:23:41,948 - data_loader - INFO -   Conversation '2007-01-11_12' loaded in 0.16s
2026-05-10 20:23:41,948 - data_loader - INFO -   Creating samples for 2007-01-11_12: all 1500 messages
2026-05-10 20:23:41,951 - data_loader - INFO -   LABEL CHECK [2007-01-11_12 sample #153]: gold_parent_idx=8, gold_msg_idx=1000, C=9, msg_i_idx=1000, candidate_range=[987, 1000]
2026-05-10 20:23:41,951 - data_loader - INFO -   LABEL CHECK [2007-01-11_12 sample #154]: gold_parent_idx=9, gold_msg_idx=1001, C=10, msg_i_idx=1001, candidate_range=[987, 1001]
2026-05-10 20:23:41,951 - data_loader - INFO -   LABEL CHECK [2007-01-11_12 sample #155]: gold_parent_idx=8, gold_msg_idx=1004, C=9, msg_i_idx=1004, candidate_range=[990, 1004]
2026-05-10 20:23:41,961 - data_loader - INFO -   Created 178 samples for 2007-01-11_12
2026-05-10 20:23:41,961 - data_loader - INFO -   File 2/10: 2007-01-11_12 - 1500 messages, 331 total samples so far
2026-05-10 20:23:41,961 - data_loader - INFO - Loading conversation from data/test/2007-12-01_03.ascii.txt
2026-05-10 20:23:41,962 - data_loader - INFO -   Read 1500 lines from ASCII file
2026-05-10 20:23:41,967 - data_loader - INFO -   Parsed 1500 messages, found 131 unique users
2026-05-10 20:23:42,339 - data_loader - INFO -   Loaded 399 gold links from annotation file
2026-05-10 20:23:42,340 - data_loader - INFO -   Conversation '2007-12-01_03' loaded in 0.38s
2026-05-10 20:23:42,340 - data_loader - INFO -   Creating samples for 2007-12-01_03: all 1500 messages
2026-05-10 20:23:42,343 - data_loader - INFO -   LABEL CHECK [2007-12-01_03 sample #331]: gold_parent_idx=13, gold_msg_idx=1000, C=14, msg_i_idx=1000, candidate_range=[986, 1000]
2026-05-10 20:23:42,343 - data_loader - INFO -   LABEL CHECK [2007-12-01_03 sample #332]: gold_parent_idx=13, gold_msg_idx=1003, C=14, msg_i_idx=1003, candidate_range=[989, 1003]
2026-05-10 20:23:42,343 - data_loader - INFO -   LABEL CHECK [2007-12-01_03 sample #333]: gold_parent_idx=13, gold_msg_idx=1014, C=14, msg_i_idx=1014, candidate_range=[1000, 1014]
2026-05-10 20:23:42,350 - data_loader - INFO -   Created 59 samples for 2007-12-01_03
2026-05-10 20:23:42,350 - data_loader - INFO -   File 3/10: 2007-12-01_03 - 1500 messages, 390 total samples so far
2026-05-10 20:23:42,350 - data_loader - INFO - Loading conversation from data/test/2008-07-14_18.ascii.txt
2026-05-10 20:23:42,351 - data_loader - INFO -   Read 1500 lines from ASCII file
2026-05-10 20:23:42,356 - data_loader - INFO -   Parsed 1500 messages, found 201 unique users
2026-05-10 20:23:42,891 - data_loader - INFO -   Loaded 371 gold links from annotation file
2026-05-10 20:23:42,891 - data_loader - INFO -   Conversation '2008-07-14_18' loaded in 0.54s
2026-05-10 20:23:42,891 - data_loader - INFO -   Creating samples for 2008-07-14_18: all 1500 messages
2026-05-10 20:23:42,894 - data_loader - INFO -   LABEL CHECK [2008-07-14_18 sample #390]: gold_parent_idx=14, gold_msg_idx=1000, C=15, msg_i_idx=1000, candidate_range=[986, 1000]
2026-05-10 20:23:42,894 - data_loader - INFO -   LABEL CHECK [2008-07-14_18 sample #391]: gold_parent_idx=14, gold_msg_idx=1003, C=15, msg_i_idx=1003, candidate_range=[989, 1003]
2026-05-10 20:23:42,894 - data_loader - INFO -   LABEL CHECK [2008-07-14_18 sample #392]: gold_parent_idx=13, gold_msg_idx=1005, C=14, msg_i_idx=1005, candidate_range=[991, 1005]
2026-05-10 20:23:42,902 - data_loader - INFO -   Created 76 samples for 2008-07-14_18
2026-05-10 20:23:42,902 - data_loader - INFO -   File 4/10: 2008-07-14_18 - 1500 messages, 466 total samples so far
2026-05-10 20:23:42,902 - data_loader - INFO - Loading conversation from data/test/2010-08-17_18.ascii.txt
2026-05-10 20:23:42,903 - data_loader - INFO -   Read 1500 lines from ASCII file
2026-05-10 20:23:42,907 - data_loader - INFO -   Parsed 1500 messages, found 220 unique users
2026-05-10 20:23:43,579 - data_loader - INFO -   Loaded 363 gold links from annotation file
2026-05-10 20:23:43,579 - data_loader - INFO -   Conversation '2010-08-17_18' loaded in 0.68s
2026-05-10 20:23:43,579 - data_loader - INFO -   Creating samples for 2010-08-17_18: all 1500 messages
2026-05-10 20:23:43,582 - data_loader - INFO -   LABEL CHECK [2010-08-17_18 sample #466]: gold_parent_idx=14, gold_msg_idx=1010, C=15, msg_i_idx=1010, candidate_range=[996, 1010]
2026-05-10 20:23:43,582 - data_loader - INFO -   LABEL CHECK [2010-08-17_18 sample #467]: gold_parent_idx=14, gold_msg_idx=1017, C=15, msg_i_idx=1017, candidate_range=[1003, 1017]
2026-05-10 20:23:43,583 - data_loader - INFO -   LABEL CHECK [2010-08-17_18 sample #468]: gold_parent_idx=14, gold_msg_idx=1019, C=15, msg_i_idx=1019, candidate_range=[1005, 1019]
2026-05-10 20:23:43,590 - data_loader - INFO -   Created 86 samples for 2010-08-17_18
2026-05-10 20:23:43,590 - data_loader - INFO -   File 5/10: 2010-08-17_18 - 1500 messages, 552 total samples so far
2026-05-10 20:23:43,590 - data_loader - INFO - Loading conversation from data/test/2013-09-01_02.ascii.txt
2026-05-10 20:23:43,592 - data_loader - INFO -   Read 1500 lines from ASCII file
2026-05-10 20:23:43,597 - data_loader - INFO -   Parsed 1500 messages, found 154 unique users
2026-05-10 20:23:44,006 - data_loader - INFO -   Loaded 357 gold links from annotation file
2026-05-10 20:23:44,006 - data_loader - INFO -   Conversation '2013-09-01_02' loaded in 0.42s
2026-05-10 20:23:44,006 - data_loader - INFO -   Creating samples for 2013-09-01_02: all 1500 messages
2026-05-10 20:23:44,009 - data_loader - INFO -   LABEL CHECK [2013-09-01_02 sample #552]: gold_parent_idx=14, gold_msg_idx=1011, C=15, msg_i_idx=1011, candidate_range=[997, 1011]
2026-05-10 20:23:44,009 - data_loader - INFO -   LABEL CHECK [2013-09-01_02 sample #553]: gold_parent_idx=13, gold_msg_idx=1018, C=14, msg_i_idx=1018, candidate_range=[1004, 1018]
2026-05-10 20:23:44,009 - data_loader - INFO -   LABEL CHECK [2013-09-01_02 sample #554]: gold_parent_idx=13, gold_msg_idx=1023, C=14, msg_i_idx=1023, candidate_range=[1009, 1023]
2026-05-10 20:23:44,015 - data_loader - INFO -   Created 57 samples for 2013-09-01_02
2026-05-10 20:23:44,015 - data_loader - INFO -   File 6/10: 2013-09-01_02 - 1500 messages, 609 total samples so far
2026-05-10 20:23:44,015 - data_loader - INFO - Loading conversation from data/test/2014-06-18_13.ascii.txt
2026-05-10 20:23:44,017 - data_loader - INFO -   Read 1500 lines from ASCII file
2026-05-10 20:23:44,021 - data_loader - INFO -   Parsed 1500 messages, found 176 unique users
2026-05-10 20:23:44,514 - data_loader - INFO -   Loaded 365 gold links from annotation file
2026-05-10 20:23:44,514 - data_loader - INFO -   Conversation '2014-06-18_13' loaded in 0.50s
2026-05-10 20:23:44,514 - data_loader - INFO -   Creating samples for 2014-06-18_13: all 1500 messages
2026-05-10 20:23:44,516 - data_loader - INFO -   LABEL CHECK [2014-06-18_13 sample #609]: gold_parent_idx=6, gold_msg_idx=1000, C=7, msg_i_idx=1000, candidate_range=[988, 1000]
2026-05-10 20:23:44,517 - data_loader - INFO -   LABEL CHECK [2014-06-18_13 sample #610]: gold_parent_idx=7, gold_msg_idx=1001, C=8, msg_i_idx=1001, candidate_range=[988, 1001]
2026-05-10 20:23:44,517 - data_loader - INFO -   LABEL CHECK [2014-06-18_13 sample #611]: gold_parent_idx=8, gold_msg_idx=1002, C=9, msg_i_idx=1002, candidate_range=[988, 1002]
2026-05-10 20:23:44,523 - data_loader - INFO -   Created 76 samples for 2014-06-18_13
2026-05-10 20:23:44,523 - data_loader - INFO -   File 7/10: 2014-06-18_13 - 1500 messages, 685 total samples so far
2026-05-10 20:23:44,523 - data_loader - INFO - Loading conversation from data/test/2015-03-18_05.ascii.txt
2026-05-10 20:23:44,524 - data_loader - INFO -   Read 1500 lines from ASCII file
2026-05-10 20:23:44,529 - data_loader - INFO -   Parsed 1500 messages, found 172 unique users
2026-05-10 20:23:45,000 - data_loader - INFO -   Loaded 380 gold links from annotation file
2026-05-10 20:23:45,000 - data_loader - INFO -   Conversation '2015-03-18_05' loaded in 0.48s
2026-05-10 20:23:45,000 - data_loader - INFO -   Creating samples for 2015-03-18_05: all 1500 messages
2026-05-10 20:23:45,003 - data_loader - INFO -   LABEL CHECK [2015-03-18_05 sample #685]: gold_parent_idx=13, gold_msg_idx=1009, C=14, msg_i_idx=1009, candidate_range=[995, 1009]
2026-05-10 20:23:45,003 - data_loader - INFO -   LABEL CHECK [2015-03-18_05 sample #686]: gold_parent_idx=14, gold_msg_idx=1047, C=15, msg_i_idx=1047, candidate_range=[1033, 1047]
2026-05-10 20:23:45,003 - data_loader - INFO -   LABEL CHECK [2015-03-18_05 sample #687]: gold_parent_idx=14, gold_msg_idx=1053, C=15, msg_i_idx=1053, candidate_range=[1039, 1053]
2026-05-10 20:23:45,011 - data_loader - INFO -   Created 82 samples for 2015-03-18_05
2026-05-10 20:23:45,011 - data_loader - INFO -   File 8/10: 2015-03-18_05 - 1500 messages, 767 total samples so far
2026-05-10 20:23:45,011 - data_loader - INFO - Loading conversation from data/test/2016-02-22_17.ascii.txt
2026-05-10 20:23:45,012 - data_loader - INFO -   Read 1500 lines from ASCII file
2026-05-10 20:23:45,016 - data_loader - INFO -   Parsed 1500 messages, found 158 unique users
2026-05-10 20:23:45,438 - data_loader - INFO -   Loaded 369 gold links from annotation file
2026-05-10 20:23:45,438 - data_loader - INFO -   Conversation '2016-02-22_17' loaded in 0.43s
2026-05-10 20:23:45,439 - data_loader - INFO -   Creating samples for 2016-02-22_17: all 1500 messages
2026-05-10 20:23:45,441 - data_loader - INFO -   LABEL CHECK [2016-02-22_17 sample #767]: gold_parent_idx=13, gold_msg_idx=1002, C=14, msg_i_idx=1002, candidate_range=[988, 1002]
2026-05-10 20:23:45,441 - data_loader - INFO -   LABEL CHECK [2016-02-22_17 sample #768]: gold_parent_idx=12, gold_msg_idx=1003, C=13, msg_i_idx=1003, candidate_range=[989, 1003]
2026-05-10 20:23:45,442 - data_loader - INFO -   LABEL CHECK [2016-02-22_17 sample #769]: gold_parent_idx=14, gold_msg_idx=1023, C=15, msg_i_idx=1023, candidate_range=[1009, 1023]
2026-05-10 20:23:45,447 - data_loader - INFO -   Created 53 samples for 2016-02-22_17
2026-05-10 20:23:45,447 - data_loader - INFO -   File 9/10: 2016-02-22_17 - 1500 messages, 820 total samples so far
2026-05-10 20:23:45,447 - data_loader - INFO - Loading conversation from data/test/2016-06-08_07.ascii.txt
2026-05-10 20:23:45,449 - data_loader - INFO -   Read 1500 lines from ASCII file
2026-05-10 20:23:45,453 - data_loader - INFO -   Parsed 1500 messages, found 176 unique users
2026-05-10 20:23:45,952 - data_loader - INFO -   Loaded 378 gold links from annotation file
2026-05-10 20:23:45,952 - data_loader - INFO -   Conversation '2016-06-08_07' loaded in 0.50s
2026-05-10 20:23:45,952 - data_loader - INFO -   Creating samples for 2016-06-08_07: all 1500 messages
2026-05-10 20:23:45,955 - data_loader - INFO -   LABEL CHECK [2016-06-08_07 sample #820]: gold_parent_idx=14, gold_msg_idx=1011, C=15, msg_i_idx=1011, candidate_range=[997, 1011]
2026-05-10 20:23:45,955 - data_loader - INFO -   LABEL CHECK [2016-06-08_07 sample #821]: gold_parent_idx=14, gold_msg_idx=1014, C=15, msg_i_idx=1014, candidate_range=[1000, 1014]
2026-05-10 20:23:45,955 - data_loader - INFO -   LABEL CHECK [2016-06-08_07 sample #822]: gold_parent_idx=14, gold_msg_idx=1015, C=15, msg_i_idx=1015, candidate_range=[1001, 1015]
2026-05-10 20:23:45,964 - data_loader - INFO -   Created 102 samples for 2016-06-08_07
2026-05-10 20:23:45,964 - data_loader - INFO -   File 10/10: 2016-06-08_07 - 1500 messages, 922 total samples so far
2026-05-10 20:23:45,964 - data_loader - INFO - Dataset initialization complete: 922 samples from 10 conversations in 4.42s
2026-05-10 20:23:45,965 - __main__ - INFO - test dataset: 922 samples
2026-05-10 20:23:45,966 - train - INFO - Starting evaluation on 922 samples
2026-05-10 20:23:47,405 - train - INFO -   Evaluation progress: 10/231 batches (6.95 batches/s)
2026-05-10 20:23:47,647 - train - INFO -   Evaluation progress: 20/231 batches (11.89 batches/s)
2026-05-10 20:23:47,887 - train - INFO -   Evaluation progress: 30/231 batches (15.61 batches/s)
2026-05-10 20:23:48,129 - train - INFO -   Evaluation progress: 40/231 batches (18.50 batches/s)
2026-05-10 20:23:48,377 - train - INFO -   Evaluation progress: 50/231 batches (20.73 batches/s)
2026-05-10 20:23:48,649 - train - INFO -   Evaluation progress: 60/231 batches (22.36 batches/s)
2026-05-10 20:23:48,917 - train - INFO -   Evaluation progress: 70/231 batches (23.72 batches/s)
2026-05-10 20:23:49,190 - train - INFO -   Evaluation progress: 80/231 batches (24.82 batches/s)
2026-05-10 20:23:49,481 - train - INFO -   Evaluation progress: 90/231 batches (25.61 batches/s)
2026-05-10 20:23:49,770 - train - INFO -   Evaluation progress: 100/231 batches (26.29 batches/s)
2026-05-10 20:23:50,057 - train - INFO -   Evaluation progress: 110/231 batches (26.89 batches/s)
2026-05-10 20:23:50,345 - train - INFO -   Evaluation progress: 120/231 batches (27.40 batches/s)
2026-05-10 20:23:50,631 - train - INFO -   Evaluation progress: 130/231 batches (27.87 batches/s)
2026-05-10 20:23:50,919 - train - INFO -   Evaluation progress: 140/231 batches (28.27 batches/s)
2026-05-10 20:23:51,200 - train - INFO -   Evaluation progress: 150/231 batches (28.66 batches/s)
2026-05-10 20:23:51,483 - train - INFO -   Evaluation progress: 160/231 batches (29.00 batches/s)
2026-05-10 20:23:51,769 - train - INFO -   Evaluation progress: 170/231 batches (29.29 batches/s)
2026-05-10 20:23:52,057 - train - INFO -   Evaluation progress: 180/231 batches (29.55 batches/s)
2026-05-10 20:23:52,341 - train - INFO -   Evaluation progress: 190/231 batches (29.80 batches/s)
2026-05-10 20:23:52,631 - train - INFO -   Evaluation progress: 200/231 batches (30.01 batches/s)
2026-05-10 20:23:52,912 - train - INFO -   Evaluation progress: 210/231 batches (30.23 batches/s)
2026-05-10 20:23:53,194 - train - INFO -   Evaluation progress: 220/231 batches (30.44 batches/s)
2026-05-10 20:23:53,427 - train - INFO -   Evaluation progress: 230/231 batches (30.83 batches/s)
2026-05-10 20:23:53,549 - train - INFO -   Prediction sample (first 20):
2026-05-10 20:23:53,549 - train - INFO -     Predicted: [12, 12, 11, 13, 13, 12, 12, 11, 11, 10, 9, 9, 9, 8, 8, 9, 9, 8, 12, 12]
2026-05-10 20:23:53,549 - train - INFO -     Gold:      [12, 12, 11, 13, 13, 12, 12, 11, 11, 10, 9, 9, 9, 8, 8, 9, 9, 8, 12, 12]
2026-05-10 20:23:53,549 - train - INFO -     Abs error: [0, 0, 0, 0, 0, 0, 0, 0, 0, 0, 0, 0, 0, 0, 0, 0, 0, 0, 0, 0] (mean=0.00)
2026-05-10 20:23:53,549 - train - INFO -   Per-position accuracy (top 10 classes):
2026-05-10 20:23:53,549 - train - INFO -     Position  4: 1.000 accuracy (3 samples)
2026-05-10 20:23:53,550 - train - INFO -     Position  5: 1.000 accuracy (6 samples)
2026-05-10 20:23:53,550 - train - INFO -     Position  6: 1.000 accuracy (8 samples)
2026-05-10 20:23:53,550 - train - INFO -     Position  7: 1.000 accuracy (19 samples)
2026-05-10 20:23:53,550 - train - INFO -     Position  8: 1.000 accuracy (37 samples)
2026-05-10 20:23:53,550 - train - INFO -     Position  9: 1.000 accuracy (55 samples)
2026-05-10 20:23:53,550 - train - INFO - Evaluation complete in 7.58s
2026-05-10 20:23:53,550 - train - INFO -   Loss: 1.4961, Accuracy: 1.0000, Precision: 0.7333, Recall: 0.7333, F1: 0.7333
2026-05-10 20:23:53,550 - __main__ - INFO - ================================================================================
2026-05-10 20:23:53,550 - __main__ - INFO - Evaluation Results (Multiclass Mode)
2026-05-10 20:23:53,550 - __main__ - INFO - ================================================================================
2026-05-10 20:23:53,551 - __main__ - INFO - Loss: 1.4961
2026-05-10 20:23:53,551 - __main__ - INFO - Accuracy: 1.0000
2026-05-10 20:23:53,551 - __main__ - INFO - Precision: 0.7333
2026-05-10 20:23:53,551 - __main__ - INFO - Recall: 0.7333
2026-05-10 20:23:53,551 - __main__ - INFO - F1: 0.7333
2026-05-10 20:23:53,551 - __main__ - INFO - ================================================================================
2026-05-10 20:23:53,551 - __main__ - INFO - Results saved to: /home/s4901673/workspace/irc-disentanglement-bert-pytorch/logs/eval_20260510_202335.log
