2026-05-17 21:32:29,428 - __main__ - INFO - ================================================================================
2026-05-17 21:32:29,428 - __main__ - INFO - IRC Conversation Disentanglement Training
2026-05-17 21:32:29,428 - __main__ - INFO - ================================================================================
2026-05-17 21:32:29,428 - __main__ - INFO - --- System Diagnostics ---
2026-05-17 21:32:29,428 - __main__ - INFO - OS: Windows 11
2026-05-17 21:32:29,428 - __main__ - INFO - Python: 3.13.5
2026-05-17 21:32:29,429 - __main__ - INFO - RAM: 15.46 GB total, 2.25 GB available
2026-05-17 21:32:29,436 - __main__ - INFO - GPU: No CUDA-capable device found.
2026-05-17 21:32:29,436 - __main__ - INFO - --------------------------
2026-05-17 21:32:29,436 - __main__ - INFO - Mode: train
2026-05-17 21:32:29,436 - __main__ - INFO - Device: cpu
2026-05-17 21:32:29,436 - __main__ - INFO - Model: microsoft/deberta-v3-base
2026-05-17 21:32:29,436 - __main__ - INFO - Batch size: 4
2026-05-17 21:32:29,436 - __main__ - INFO - Learning rate: 5e-05
2026-05-17 21:32:29,436 - __main__ - INFO - Epochs: 2
2026-05-17 21:32:29,436 - __main__ - INFO - Max dist: 10
2026-05-17 21:32:29,436 - __main__ - INFO - Max length: 128
2026-05-17 21:32:29,436 - __main__ - INFO - Output dir: checkpoints_synthetic
2026-05-17 21:32:29,437 - __main__ - INFO - Using device: cpu
2026-05-17 21:32:29,437 - __main__ - INFO - Loading tokenizer: microsoft/deberta-v3-base
2026-05-17 21:32:30,055 - httpx - INFO - HTTP Request: HEAD https://huggingface.co/microsoft/deberta-v3-base/resolve/main/config.json "HTTP/1.1 307 Temporary Redirect"
2026-05-17 21:32:30,077 - httpx - INFO - HTTP Request: HEAD https://huggingface.co/api/resolve-cache/models/microsoft/deberta-v3-base/8ccc9b6f36199bec6961081d44eb72fb3f7353f3/config.json "HTTP/1.1 200 OK"
2026-05-17 21:32:30,357 - httpx - INFO - HTTP Request: HEAD https://huggingface.co/microsoft/deberta-v3-base/resolve/main/tokenizer_config.json "HTTP/1.1 307 Temporary Redirect"
2026-05-17 21:32:30,432 - httpx - INFO - HTTP Request: HEAD https://huggingface.co/api/resolve-cache/models/microsoft/deberta-v3-base/8ccc9b6f36199bec6961081d44eb72fb3f7353f3/tokenizer_config.json "HTTP/1.1 200 OK"
2026-05-17 21:32:30,718 - httpx - INFO - HTTP Request: GET https://huggingface.co/api/models/microsoft/deberta-v3-base/tree/main/additional_chat_templates?recursive=false&expand=false "HTTP/1.1 404 Not Found"
2026-05-17 21:32:30,958 - httpx - INFO - HTTP Request: GET https://huggingface.co/api/models/microsoft/deberta-v3-base/tree/main?recursive=true&expand=false "HTTP/1.1 200 OK"
2026-05-17 21:32:31,938 - httpx - INFO - HTTP Request: GET https://huggingface.co/api/models/microsoft/deberta-v3-base "HTTP/1.1 200 OK"
2026-05-17 21:32:31,939 - __main__ - INFO - Tokenizer loaded: DebertaV2Tokenizer
2026-05-17 21:32:31,939 - __main__ - INFO - Creating dataloaders...
2026-05-17 21:32:31,942 - __main__ - ERROR - Fatal error during training:
Traceback (most recent call last):
  File "C:\Users\vigyan\Documents\UQ\courses\2026_Sem1\REIT7842_Thesis\irc_dis_pytorch\src\train.py", line 1367, in <module>
    main()
    ~~~~^^
  File "C:\Users\vigyan\Documents\UQ\courses\2026_Sem1\REIT7842_Thesis\irc_dis_pytorch\src\train.py", line 1125, in main
    train_loader, dev_loader = create_dataloaders(args, tokenizer)
                               ~~~~~~~~~~~~~~~~~~^^^^^^^^^^^^^^^^^
  File "C:\Users\vigyan\Documents\UQ\courses\2026_Sem1\REIT7842_Thesis\irc_dis_pytorch\src\train.py", line 372, in create_dataloaders
    raise ValueError(f"No train files found in {args.data_dir}")
ValueError: No train files found in data/synthetic
