2026-05-10 18:41:20,799 - __main__ - INFO - ================================================================================
2026-05-10 18:41:20,799 - __main__ - INFO - IRC Conversation Disentanglement Training
2026-05-10 18:41:20,799 - __main__ - INFO - ================================================================================
2026-05-10 18:41:20,799 - __main__ - INFO - --- System Diagnostics ---
2026-05-10 18:41:20,799 - __main__ - INFO - OS: Linux 5.14.0-611.24.1.el9_7.x86_64
2026-05-10 18:41:20,799 - __main__ - INFO - Python: 3.10.20
2026-05-10 18:41:20,799 - __main__ - INFO - RAM: 2003.13 GB total, 1949.67 GB available
2026-05-10 18:41:20,816 - __main__ - INFO - GPU 0: NVIDIA H100 PCIe
2026-05-10 18:41:20,816 - __main__ - INFO -   Total Memory: 81081 MB
2026-05-10 18:41:20,816 - __main__ - INFO -   Compute Capability: 9.0
2026-05-10 18:41:20,816 - __main__ - INFO - --------------------------
2026-05-10 18:41:20,817 - __main__ - INFO - Mode: train
2026-05-10 18:41:20,817 - __main__ - INFO - Device: cuda
2026-05-10 18:41:20,817 - __main__ - INFO - Model: microsoft/deberta-v3-base
2026-05-10 18:41:20,817 - __main__ - INFO - Batch size: 4
2026-05-10 18:41:20,817 - __main__ - INFO - Learning rate: 5e-05
2026-05-10 18:41:20,817 - __main__ - INFO - Epochs: 5
2026-05-10 18:41:20,817 - __main__ - INFO - Max dist: 15
2026-05-10 18:41:20,817 - __main__ - INFO - Max length: 128
2026-05-10 18:41:20,817 - __main__ - INFO - Output dir: /scratch/user/s4901673/ircbert_runs/debug_checkpoints
2026-05-10 18:41:20,817 - __main__ - INFO - Using device: cuda
2026-05-10 18:41:20,817 - __main__ - INFO - Loading tokenizer: microsoft/deberta-v3-base
2026-05-10 18:41:21,066 - httpx - INFO - HTTP Request: HEAD https://huggingface.co/microsoft/deberta-v3-base/resolve/main/config.json "HTTP/1.1 307 Temporary Redirect"
2026-05-10 18:41:21,072 - httpx - INFO - HTTP Request: HEAD https://huggingface.co/api/resolve-cache/models/microsoft/deberta-v3-base/8ccc9b6f36199bec6961081d44eb72fb3f7353f3/config.json "HTTP/1.1 200 OK"
2026-05-10 18:41:21,312 - httpx - INFO - HTTP Request: HEAD https://huggingface.co/microsoft/deberta-v3-base/resolve/main/tokenizer_config.json "HTTP/1.1 307 Temporary Redirect"
2026-05-10 18:41:21,312 - huggingface_hub.utils._http - WARNING - Warning: You are sending unauthenticated requests to the HF Hub. Please set a HF_TOKEN to enable higher rate limits and faster downloads.
2026-05-10 18:41:21,318 - httpx - INFO - HTTP Request: HEAD https://huggingface.co/api/resolve-cache/models/microsoft/deberta-v3-base/8ccc9b6f36199bec6961081d44eb72fb3f7353f3/tokenizer_config.json "HTTP/1.1 200 OK"
2026-05-10 18:41:21,551 - httpx - INFO - HTTP Request: GET https://huggingface.co/api/models/microsoft/deberta-v3-base/tree/main/additional_chat_templates?recursive=false&expand=false "HTTP/1.1 404 Not Found"
2026-05-10 18:41:21,786 - httpx - INFO - HTTP Request: GET https://huggingface.co/api/models/microsoft/deberta-v3-base/tree/main?recursive=true&expand=false "HTTP/1.1 200 OK"
2026-05-10 18:41:22,319 - httpx - INFO - HTTP Request: GET https://huggingface.co/api/models/microsoft/deberta-v3-base "HTTP/1.1 200 OK"
2026-05-10 18:41:22,321 - __main__ - INFO - Tokenizer loaded: DebertaV2Tokenizer
2026-05-10 18:41:22,321 - __main__ - INFO - Creating dataloaders...
2026-05-10 18:41:22,324 - __main__ - INFO - Loading 1 train files...
2026-05-10 18:41:22,324 - data_loader - INFO - Initializing IRCDisentanglementDataset with 1 files
2026-05-10 18:41:22,324 - data_loader - INFO -   max_dist=15, max_length=128, skip_labels=False
2026-05-10 18:41:22,324 - data_loader - INFO -   test_start=0, test_end=1000000
2026-05-10 18:41:22,325 - data_loader - INFO - Loading conversation from data/train_small/train/2004-12-25.train-c.ascii.txt
2026-05-10 18:41:22,326 - data_loader - INFO -   Read 1500 lines from ASCII file
2026-05-10 18:41:22,330 - data_loader - INFO -   Parsed 1500 messages, found 94 unique users
2026-05-10 18:41:22,506 - data_loader - INFO -   Loaded 382 gold links from annotation file
2026-05-10 18:41:22,509 - data_loader - INFO -   Conversation '2004-12-25.train-c' loaded in 0.18s
2026-05-10 18:41:22,510 - data_loader - INFO -   Creating samples for 2004-12-25.train-c: messages 0 to 1500 (limited)
2026-05-10 18:41:22,512 - data_loader - INFO -   LABEL CHECK [2004-12-25.train-c sample #0]: gold_parent_idx=9, gold_msg_idx=1000, C=10, msg_i_idx=1000, candidate_range=[986, 1000]
2026-05-10 18:41:22,513 - data_loader - INFO -   LABEL CHECK [2004-12-25.train-c sample #1]: gold_parent_idx=9, gold_msg_idx=1001, C=10, msg_i_idx=1001, candidate_range=[988, 1001]
2026-05-10 18:41:22,513 - data_loader - INFO -   LABEL CHECK [2004-12-25.train-c sample #2]: gold_parent_idx=9, gold_msg_idx=1002, C=10, msg_i_idx=1002, candidate_range=[988, 1002]
2026-05-10 18:41:22,522 - data_loader - INFO -   Created 174 samples for 2004-12-25.train-c
2026-05-10 18:41:22,522 - data_loader - INFO -   File 1/1: 2004-12-25.train-c - 1500 messages, 174 total samples so far
2026-05-10 18:41:22,522 - data_loader - INFO - Dataset initialization complete: 174 samples from 1 conversations in 0.20s
2026-05-10 18:41:22,522 - __main__ - INFO -   Train dataset created: 174 samples
2026-05-10 18:41:22,522 - __main__ - INFO - Loading 1 dev files...
2026-05-10 18:41:22,522 - data_loader - INFO - Initializing IRCDisentanglementDataset with 1 files
2026-05-10 18:41:22,522 - data_loader - INFO -   max_dist=15, max_length=128, skip_labels=False
2026-05-10 18:41:22,523 - data_loader - INFO -   test_start=0, test_end=1000000000
2026-05-10 18:41:22,523 - data_loader - INFO - Loading conversation from data/train_small/dev/2004-11-15_03.ascii.txt
2026-05-10 18:41:22,524 - data_loader - INFO -   Read 1250 lines from ASCII file
2026-05-10 18:41:22,527 - data_loader - INFO -   Parsed 1250 messages, found 76 unique users
2026-05-10 18:41:22,654 - data_loader - INFO -   Loaded 189 gold links from annotation file
2026-05-10 18:41:22,654 - data_loader - INFO -   Conversation '2004-11-15_03' loaded in 0.13s
2026-05-10 18:41:22,654 - data_loader - INFO -   Creating samples for 2004-11-15_03: all 1250 messages
2026-05-10 18:41:22,657 - data_loader - INFO -   LABEL CHECK [2004-11-15_03 sample #0]: gold_parent_idx=3, gold_msg_idx=1000, C=4, msg_i_idx=1000, candidate_range=[993, 1000]
2026-05-10 18:41:22,657 - data_loader - INFO -   LABEL CHECK [2004-11-15_03 sample #1]: gold_parent_idx=4, gold_msg_idx=1001, C=5, msg_i_idx=1001, candidate_range=[993, 1001]
2026-05-10 18:41:22,657 - data_loader - INFO -   LABEL CHECK [2004-11-15_03 sample #2]: gold_parent_idx=4, gold_msg_idx=1002, C=5, msg_i_idx=1002, candidate_range=[993, 1002]
2026-05-10 18:41:22,661 - data_loader - INFO -   Created 65 samples for 2004-11-15_03
2026-05-10 18:41:22,661 - data_loader - INFO -   File 1/1: 2004-11-15_03 - 1250 messages, 65 total samples so far
2026-05-10 18:41:22,661 - data_loader - INFO - Dataset initialization complete: 65 samples from 1 conversations in 0.14s
2026-05-10 18:41:22,661 - __main__ - INFO -   Dev dataset created: 65 samples
2026-05-10 18:41:22,661 - __main__ - INFO -   Train dataset: 174 samples
2026-05-10 18:41:22,661 - __main__ - INFO - Training: 174 samples | 44 batches/epoch | batch_size=4 | max_dist=15 | max_length=128
2026-05-10 18:41:22,662 - __main__ - INFO -   Dev dataset: 65 samples
2026-05-10 18:41:22,662 - __main__ - INFO - Validation: 65 samples | 17 batches
2026-05-10 18:41:22,662 - __main__ - INFO - Creating model...
2026-05-10 18:41:22,890 - httpx - INFO - HTTP Request: HEAD https://huggingface.co/microsoft/deberta-v3-base/resolve/main/config.json "HTTP/1.1 307 Temporary Redirect"
2026-05-10 18:41:22,896 - httpx - INFO - HTTP Request: HEAD https://huggingface.co/api/resolve-cache/models/microsoft/deberta-v3-base/8ccc9b6f36199bec6961081d44eb72fb3f7353f3/config.json "HTTP/1.1 200 OK"
2026-05-10 18:41:23,542 - httpx - INFO - HTTP Request: HEAD https://huggingface.co/microsoft/deberta-v3-base/resolve/main/model.safetensors "HTTP/1.1 404 Not Found"
2026-05-10 18:41:23,772 - httpx - INFO - HTTP Request: GET https://huggingface.co/api/models/microsoft/deberta-v3-base "HTTP/1.1 200 OK"
2026-05-10 18:41:24,072 - httpx - INFO - HTTP Request: GET https://huggingface.co/api/models/microsoft/deberta-v3-base/commits/main "HTTP/1.1 200 OK"
2026-05-10 18:41:24,320 - httpx - INFO - HTTP Request: GET https://huggingface.co/api/models/microsoft/deberta-v3-base/discussions?p=0 "HTTP/1.1 200 OK"
2026-05-10 18:41:24,567 - httpx - INFO - HTTP Request: GET https://huggingface.co/api/models/microsoft/deberta-v3-base/commits/refs%2Fpr%2F14 "HTTP/1.1 200 OK"
2026-05-10 18:41:24,807 - httpx - INFO - HTTP Request: HEAD https://huggingface.co/microsoft/deberta-v3-base/resolve/refs%2Fpr%2F14/model.safetensors.index.json "HTTP/1.1 404 Not Found"
2026-05-10 18:41:25,040 - httpx - INFO - HTTP Request: HEAD https://huggingface.co/microsoft/deberta-v3-base/resolve/refs%2Fpr%2F14/model.safetensors "HTTP/1.1 302 Found"
2026-05-10 18:41:25,378 - httpx - INFO - HTTP Request: HEAD https://huggingface.co/microsoft/deberta-v3-base/resolve/main/config.json "HTTP/1.1 307 Temporary Redirect"
2026-05-10 18:41:25,384 - httpx - INFO - HTTP Request: HEAD https://huggingface.co/api/resolve-cache/models/microsoft/deberta-v3-base/8ccc9b6f36199bec6961081d44eb72fb3f7353f3/config.json "HTTP/1.1 200 OK"
2026-05-10 18:41:25,960 - __main__ - INFO -   Parameters: 183,832,326 trainable, 183,832,326 total
2026-05-10 18:41:25,961 - __main__ - INFO -   BERT hidden size: 768
2026-05-10 18:41:25,961 - __main__ - INFO -   Combined size: 773
2026-05-10 18:41:25,963 - __main__ - INFO - Created AdamW optimizer with lr=5e-05
2026-05-10 18:41:25,963 - __main__ - INFO - Scheduler config: total_steps=220, warmup_steps=22, warmup_ratio=0.1
2026-05-10 18:41:25,963 - __main__ - INFO - Created scheduler with 22 warmup steps (10% of 220 total steps)
2026-05-10 18:41:25,963 - __main__ - INFO - Starting training from epoch 1...
2026-05-10 18:41:25,963 - __main__ - INFO - ================================================================================
2026-05-10 18:41:25,963 - __main__ - INFO - Epoch 1/5
2026-05-10 18:41:25,963 - __main__ - INFO - --------------------------------------------------------------------------------
2026-05-10 18:41:25,964 - __main__ - INFO - Epoch 1: Peak memory stats reset.
2026-05-10 18:41:25,965 - __main__ - INFO - Starting epoch 1 with 44 batches
2026-05-10 18:41:26,071 - __main__ - INFO -   [Epoch 1 Batch 0 SANITY CHECK]
2026-05-10 18:41:26,071 - __main__ - INFO -     input_ids shape : [4, 14, 128]  (batch x max_C x seq_len)
2026-05-10 18:41:26,071 - __main__ - INFO -     features shape  : [4, 14, 5]
2026-05-10 18:41:26,071 - __main__ - INFO -     labels shape    : [4]
2026-05-10 18:41:26,072 - __main__ - INFO -     Candidate counts per sample: min=7 max=14 mean=10.8
2026-05-10 18:41:26,072 - __main__ - INFO -     Label values: [11, 13, 6, 9]
2026-05-10 18:41:26,072 - __main__ - INFO -     Label distribution (this batch): {6: 1, 9: 1, 11: 1, 13: 1}
2026-05-10 18:41:26,925 - __main__ - INFO -   [Epoch 1 Batch 0 DIAGNOSTIC] C=14 | logits: min=-100.0000 max=-0.4745 mean=-24.0664 has_nan=False | labels=[11, 13, 6, 9] max_label=13
2026-05-10 18:41:27,084 - __main__ - INFO -   Batch 0 pre-clip grad norm: 4.481301
2026-05-10 18:41:27,107 - __main__ - INFO -   Batch 0 LR before optimizer.step(): [0.0]
2026-05-10 18:41:27,168 - __main__ - INFO -   Batch 0 LR after scheduler.step(): [2.2727272727272728e-06]
2026-05-10 18:41:27,382 - __main__ - INFO -   [Epoch 1 Batch 1 DIAGNOSTIC] C=14 | logits: min=-100.0000 max=-0.5564 mean=-20.5229 has_nan=False | labels=[5, 12, 13, 11] max_label=13
2026-05-10 18:41:27,444 - __main__ - INFO -   Batch 1 pre-clip grad norm: 5.388711
2026-05-10 18:41:27,449 - __main__ - INFO -   Batch 1 LR before optimizer.step(): [2.2727272727272728e-06]
2026-05-10 18:41:27,474 - __main__ - INFO -   Batch 1 LR after scheduler.step(): [4.5454545454545455e-06]
2026-05-10 18:41:27,505 - __main__ - INFO -   [Epoch 1 Batch 2 DIAGNOSTIC] C=12 | logits: min=-100.0000 max=-0.6903 mean=-9.7415 has_nan=False | labels=[8, 11, 10, 11] max_label=11
2026-05-10 18:41:27,566 - __main__ - INFO -   Batch 2 pre-clip grad norm: 5.831234
2026-05-10 18:41:27,571 - __main__ - INFO -   Batch 2 LR before optimizer.step(): [4.5454545454545455e-06]
2026-05-10 18:41:27,596 - __main__ - INFO -   Batch 2 LR after scheduler.step(): [6.818181818181818e-06]
2026-05-10 18:41:27,687 - __main__ - INFO -   Batch 3 pre-clip grad norm: 12.660826
2026-05-10 18:41:27,692 - __main__ - INFO -   Batch 3 LR before optimizer.step(): [6.818181818181818e-06]
2026-05-10 18:41:27,717 - __main__ - INFO -   Batch 3 LR after scheduler.step(): [9.090909090909091e-06]
2026-05-10 18:41:27,809 - __main__ - INFO -   Batch 4 pre-clip grad norm: 12.086479
2026-05-10 18:41:27,820 - __main__ - INFO -   Batch 4 LR before optimizer.step(): [9.090909090909091e-06]
2026-05-10 18:41:27,846 - __main__ - INFO -   Batch 4 LR after scheduler.step(): [1.1363636363636365e-05]
2026-05-10 18:41:27,951 - __main__ - INFO -   Batch 5 pre-clip grad norm: 300.432002
2026-05-10 18:41:27,955 - __main__ - INFO -   Batch 5 LR before optimizer.step(): [1.1363636363636365e-05]
2026-05-10 18:41:27,981 - __main__ - INFO -   Batch 5 LR after scheduler.step(): [1.3636363636363637e-05]
2026-05-10 18:41:28,073 - __main__ - INFO -   Batch 6 pre-clip grad norm: 14.397963
2026-05-10 18:41:28,078 - __main__ - INFO -   Batch 6 LR before optimizer.step(): [1.3636363636363637e-05]
2026-05-10 18:41:28,103 - __main__ - INFO -   Batch 6 LR after scheduler.step(): [1.590909090909091e-05]
2026-05-10 18:41:28,196 - __main__ - INFO -   Batch 7 pre-clip grad norm: 12.320848
2026-05-10 18:41:28,201 - __main__ - INFO -   Batch 7 LR before optimizer.step(): [1.590909090909091e-05]
2026-05-10 18:41:28,226 - __main__ - INFO -   Batch 7 LR after scheduler.step(): [1.8181818181818182e-05]
2026-05-10 18:41:28,318 - __main__ - INFO -   Batch 8 pre-clip grad norm: 225.460985
2026-05-10 18:41:28,324 - __main__ - INFO -   Batch 8 LR before optimizer.step(): [1.8181818181818182e-05]
2026-05-10 18:41:28,349 - __main__ - INFO -   Batch 8 LR after scheduler.step(): [2.0454545454545457e-05]
2026-05-10 18:41:28,447 - __main__ - INFO -   Batch 9 pre-clip grad norm: 13.520897
2026-05-10 18:41:28,452 - __main__ - INFO -   Batch 9 LR before optimizer.step(): [2.0454545454545457e-05]
2026-05-10 18:41:28,476 - __main__ - INFO -   Batch 9 LR after scheduler.step(): [2.272727272727273e-05]
2026-05-10 18:41:28,477 - __main__ - INFO -   Epoch 1 progress: 10/44 batches (3.98 batches/s, avg_loss=2.3738, max_C=12, GPU Mem: 1509/11632MB (max: 8001MB))
2026-05-10 18:41:28,564 - __main__ - INFO -   Batch 10 pre-clip grad norm: 11.587339
2026-05-10 18:41:28,569 - __main__ - INFO -   Batch 10 LR before optimizer.step(): [2.272727272727273e-05]
2026-05-10 18:41:28,594 - __main__ - INFO -   Batch 10 LR after scheduler.step(): [2.5e-05]
2026-05-10 18:41:28,685 - __main__ - INFO -   Batch 11 pre-clip grad norm: 14.245880
2026-05-10 18:41:28,690 - __main__ - INFO -   Batch 11 LR before optimizer.step(): [2.5e-05]
2026-05-10 18:41:28,716 - __main__ - INFO -   Batch 11 LR after scheduler.step(): [2.7272727272727273e-05]
2026-05-10 18:41:28,809 - __main__ - INFO -   Batch 12 pre-clip grad norm: 9.328088
2026-05-10 18:41:28,814 - __main__ - INFO -   Batch 12 LR before optimizer.step(): [2.7272727272727273e-05]
2026-05-10 18:41:28,839 - __main__ - INFO -   Batch 12 LR after scheduler.step(): [2.954545454545455e-05]
2026-05-10 18:41:28,930 - __main__ - INFO -   Batch 13 pre-clip grad norm: 7.964763
2026-05-10 18:41:28,934 - __main__ - INFO -   Batch 13 LR before optimizer.step(): [2.954545454545455e-05]
2026-05-10 18:41:28,957 - __main__ - INFO -   Batch 13 LR after scheduler.step(): [3.181818181818182e-05]
2026-05-10 18:41:29,044 - __main__ - INFO -   Batch 14 pre-clip grad norm: 8.709810
2026-05-10 18:41:29,050 - __main__ - INFO -   Batch 14 LR before optimizer.step(): [3.181818181818182e-05]
2026-05-10 18:41:29,075 - __main__ - INFO -   Batch 14 LR after scheduler.step(): [3.409090909090909e-05]
2026-05-10 18:41:29,164 - __main__ - INFO -   Batch 15 pre-clip grad norm: 10.212365
2026-05-10 18:41:29,169 - __main__ - INFO -   Batch 15 LR before optimizer.step(): [3.409090909090909e-05]
2026-05-10 18:41:29,194 - __main__ - INFO -   Batch 15 LR after scheduler.step(): [3.6363636363636364e-05]
2026-05-10 18:41:29,288 - __main__ - INFO -   Batch 16 pre-clip grad norm: 9.874692
2026-05-10 18:41:29,292 - __main__ - INFO -   Batch 16 LR before optimizer.step(): [3.6363636363636364e-05]
2026-05-10 18:41:29,315 - __main__ - INFO -   Batch 16 LR after scheduler.step(): [3.8636363636363636e-05]
2026-05-10 18:41:29,402 - __main__ - INFO -   Batch 17 pre-clip grad norm: 10.491275
2026-05-10 18:41:29,407 - __main__ - INFO -   Batch 17 LR before optimizer.step(): [3.8636363636363636e-05]
2026-05-10 18:41:29,430 - __main__ - INFO -   Batch 17 LR after scheduler.step(): [4.0909090909090915e-05]
2026-05-10 18:41:29,516 - __main__ - INFO -   Batch 18 pre-clip grad norm: 12.701883
2026-05-10 18:41:29,521 - __main__ - INFO -   Batch 18 LR before optimizer.step(): [4.0909090909090915e-05]
2026-05-10 18:41:29,546 - __main__ - INFO -   Batch 18 LR after scheduler.step(): [4.318181818181819e-05]
2026-05-10 18:41:29,636 - __main__ - INFO -   Batch 19 pre-clip grad norm: 10.176089
2026-05-10 18:41:29,641 - __main__ - INFO -   Batch 19 LR before optimizer.step(): [4.318181818181819e-05]
2026-05-10 18:41:29,666 - __main__ - INFO -   Batch 19 LR after scheduler.step(): [4.545454545454546e-05]
2026-05-10 18:41:29,667 - __main__ - INFO -   Epoch 1 progress: 20/44 batches (5.40 batches/s, avg_loss=2.4314, max_C=13, GPU Mem: 1509/11632MB (max: 8001MB))
2026-05-10 18:41:29,761 - __main__ - INFO -   Batch 20 pre-clip grad norm: 13.686274
2026-05-10 18:41:29,767 - __main__ - INFO -   Batch 20 LR before optimizer.step(): [4.545454545454546e-05]
2026-05-10 18:41:29,792 - __main__ - INFO -   Batch 20 LR after scheduler.step(): [4.772727272727273e-05]
2026-05-10 18:41:29,879 - __main__ - INFO -   Batch 21 pre-clip grad norm: 11.037288
2026-05-10 18:41:29,884 - __main__ - INFO -   Batch 21 LR before optimizer.step(): [4.772727272727273e-05]
2026-05-10 18:41:29,907 - __main__ - INFO -   Batch 21 LR after scheduler.step(): [5e-05]
2026-05-10 18:41:29,990 - __main__ - INFO -   Batch 22 pre-clip grad norm: 11.078417
2026-05-10 18:41:29,994 - __main__ - INFO -   Batch 22 LR before optimizer.step(): [5e-05]
2026-05-10 18:41:30,017 - __main__ - INFO -   Batch 22 LR after scheduler.step(): [4.974747474747475e-05]
2026-05-10 18:41:30,107 - __main__ - INFO -   Batch 23 pre-clip grad norm: 12.285542
2026-05-10 18:41:30,112 - __main__ - INFO -   Batch 23 LR before optimizer.step(): [4.974747474747475e-05]
2026-05-10 18:41:30,137 - __main__ - INFO -   Batch 23 LR after scheduler.step(): [4.94949494949495e-05]
2026-05-10 18:41:30,225 - __main__ - INFO -   Batch 24 pre-clip grad norm: 9.852761
2026-05-10 18:41:30,230 - __main__ - INFO -   Batch 24 LR before optimizer.step(): [4.94949494949495e-05]
2026-05-10 18:41:30,255 - __main__ - INFO -   Batch 24 LR after scheduler.step(): [4.9242424242424245e-05]
2026-05-10 18:41:30,347 - __main__ - INFO -   Batch 25 pre-clip grad norm: 13.275628
2026-05-10 18:41:30,351 - __main__ - INFO -   Batch 25 LR before optimizer.step(): [4.9242424242424245e-05]
2026-05-10 18:41:30,374 - __main__ - INFO -   Batch 25 LR after scheduler.step(): [4.898989898989899e-05]
2026-05-10 18:41:30,461 - __main__ - INFO -   Batch 26 pre-clip grad norm: 11.125858
2026-05-10 18:41:30,466 - __main__ - INFO -   Batch 26 LR before optimizer.step(): [4.898989898989899e-05]
2026-05-10 18:41:30,491 - __main__ - INFO -   Batch 26 LR after scheduler.step(): [4.8737373737373736e-05]
2026-05-10 18:41:30,573 - __main__ - INFO -   Batch 27 pre-clip grad norm: 6.526473
2026-05-10 18:41:30,578 - __main__ - INFO -   Batch 27 LR before optimizer.step(): [4.8737373737373736e-05]
2026-05-10 18:41:30,604 - __main__ - INFO -   Batch 27 LR after scheduler.step(): [4.848484848484849e-05]
2026-05-10 18:41:30,700 - __main__ - INFO -   Batch 28 pre-clip grad norm: 7.865976
2026-05-10 18:41:30,705 - __main__ - INFO -   Batch 28 LR before optimizer.step(): [4.848484848484849e-05]
2026-05-10 18:41:30,730 - __main__ - INFO -   Batch 28 LR after scheduler.step(): [4.823232323232323e-05]
2026-05-10 18:41:30,815 - __main__ - INFO -   Batch 29 pre-clip grad norm: 11.199818
2026-05-10 18:41:30,820 - __main__ - INFO -   Batch 29 LR before optimizer.step(): [4.823232323232323e-05]
2026-05-10 18:41:30,843 - __main__ - INFO -   Batch 29 LR after scheduler.step(): [4.797979797979798e-05]
2026-05-10 18:41:30,844 - __main__ - INFO -   Epoch 1 progress: 30/44 batches (6.15 batches/s, avg_loss=2.4386, max_C=11, GPU Mem: 1509/11632MB (max: 8009MB))
2026-05-10 18:41:30,935 - __main__ - INFO -   Batch 30 pre-clip grad norm: 8.320724
2026-05-10 18:41:30,939 - __main__ - INFO -   Batch 30 LR before optimizer.step(): [4.797979797979798e-05]
2026-05-10 18:41:30,962 - __main__ - INFO -   Batch 30 LR after scheduler.step(): [4.772727272727273e-05]
2026-05-10 18:41:31,053 - __main__ - INFO -   Batch 31 pre-clip grad norm: 10.522300
2026-05-10 18:41:31,059 - __main__ - INFO -   Batch 31 LR before optimizer.step(): [4.772727272727273e-05]
2026-05-10 18:41:31,084 - __main__ - INFO -   Batch 31 LR after scheduler.step(): [4.7474747474747476e-05]
2026-05-10 18:41:31,175 - __main__ - INFO -   Batch 32 pre-clip grad norm: 11.288494
2026-05-10 18:41:31,181 - __main__ - INFO -   Batch 32 LR before optimizer.step(): [4.7474747474747476e-05]
2026-05-10 18:41:31,206 - __main__ - INFO -   Batch 32 LR after scheduler.step(): [4.722222222222222e-05]
2026-05-10 18:41:31,293 - __main__ - INFO -   Batch 33 pre-clip grad norm: 9.484558
2026-05-10 18:41:31,298 - __main__ - INFO -   Batch 33 LR before optimizer.step(): [4.722222222222222e-05]
2026-05-10 18:41:31,321 - __main__ - INFO -   Batch 33 LR after scheduler.step(): [4.696969696969697e-05]
2026-05-10 18:41:31,408 - __main__ - INFO -   Batch 34 pre-clip grad norm: 12.020217
2026-05-10 18:41:31,412 - __main__ - INFO -   Batch 34 LR before optimizer.step(): [4.696969696969697e-05]
2026-05-10 18:41:31,435 - __main__ - INFO -   Batch 34 LR after scheduler.step(): [4.671717171717172e-05]
2026-05-10 18:41:31,526 - __main__ - INFO -   Batch 35 pre-clip grad norm: 8.586514
2026-05-10 18:41:31,531 - __main__ - INFO -   Batch 35 LR before optimizer.step(): [4.671717171717172e-05]
2026-05-10 18:41:31,556 - __main__ - INFO -   Batch 35 LR after scheduler.step(): [4.6464646464646464e-05]
2026-05-10 18:41:31,647 - __main__ - INFO -   Batch 36 pre-clip grad norm: 13.333825
2026-05-10 18:41:31,653 - __main__ - INFO -   Batch 36 LR before optimizer.step(): [4.6464646464646464e-05]
2026-05-10 18:41:31,678 - __main__ - INFO -   Batch 36 LR after scheduler.step(): [4.621212121212121e-05]
2026-05-10 18:41:31,763 - __main__ - INFO -   Batch 37 pre-clip grad norm: 12.553198
2026-05-10 18:41:31,768 - __main__ - INFO -   Batch 37 LR before optimizer.step(): [4.621212121212121e-05]
2026-05-10 18:41:31,792 - __main__ - INFO -   Batch 37 LR after scheduler.step(): [4.595959595959596e-05]
2026-05-10 18:41:31,880 - __main__ - INFO -   Batch 38 pre-clip grad norm: 9.905182
2026-05-10 18:41:31,884 - __main__ - INFO -   Batch 38 LR before optimizer.step(): [4.595959595959596e-05]
2026-05-10 18:41:31,908 - __main__ - INFO -   Batch 38 LR after scheduler.step(): [4.5707070707070706e-05]
2026-05-10 18:41:31,997 - __main__ - INFO -   Batch 39 pre-clip grad norm: 7.830181
2026-05-10 18:41:32,002 - __main__ - INFO -   Batch 39 LR before optimizer.step(): [4.5707070707070706e-05]
2026-05-10 18:41:32,027 - __main__ - INFO -   Batch 39 LR after scheduler.step(): [4.545454545454546e-05]
2026-05-10 18:41:32,029 - __main__ - INFO -   Epoch 1 progress: 40/44 batches (6.60 batches/s, avg_loss=2.4387, max_C=13, GPU Mem: 1506/12082MB (max: 8009MB))
2026-05-10 18:41:32,119 - __main__ - INFO -   Batch 40 pre-clip grad norm: 13.118529
2026-05-10 18:41:32,124 - __main__ - INFO -   Batch 40 LR before optimizer.step(): [4.545454545454546e-05]
2026-05-10 18:41:32,149 - __main__ - INFO -   Batch 40 LR after scheduler.step(): [4.5202020202020204e-05]
2026-05-10 18:41:32,239 - __main__ - INFO -   Batch 41 pre-clip grad norm: 12.632862
2026-05-10 18:41:32,243 - __main__ - INFO -   Batch 41 LR before optimizer.step(): [4.5202020202020204e-05]
2026-05-10 18:41:32,267 - __main__ - INFO -   Batch 41 LR after scheduler.step(): [4.494949494949495e-05]
2026-05-10 18:41:32,353 - __main__ - INFO -   Batch 42 pre-clip grad norm: 11.190660
2026-05-10 18:41:32,357 - __main__ - INFO -   Batch 42 LR before optimizer.step(): [4.494949494949495e-05]
2026-05-10 18:41:32,380 - __main__ - INFO -   Batch 42 LR after scheduler.step(): [4.46969696969697e-05]
2026-05-10 18:41:32,462 - __main__ - INFO -   Batch 43 pre-clip grad norm: 12.504206
2026-05-10 18:41:32,467 - __main__ - INFO -   Batch 43 LR before optimizer.step(): [4.46969696969697e-05]
2026-05-10 18:41:32,492 - __main__ - INFO -   Batch 43 LR after scheduler.step(): [4.4444444444444447e-05]
2026-05-10 18:41:32,536 - __main__ - INFO - Epoch 1 complete in 6.57s | avg_loss=2.4413 | batches: 44 succeeded, 0 skipped (OOM/NaN)
2026-05-10 18:41:32,539 - __main__ - INFO - Train Loss: 2.4413
2026-05-10 18:41:32,540 - __main__ - INFO - Evaluating on dev set...
2026-05-10 18:41:32,541 - __main__ - INFO - Starting evaluation on 65 samples
2026-05-10 18:41:32,938 - __main__ - INFO -   Evaluation progress: 10/17 batches (25.21 batches/s)
2026-05-10 18:41:33,160 - __main__ - INFO -   Prediction sample (first 20):
2026-05-10 18:41:33,160 - __main__ - INFO -     Predicted: [0, 0, 0, 0, 0, 0, 0, 0, 0, 0, 0, 0, 0, 0, 0, 0, 0, 0, 0, 0]
2026-05-10 18:41:33,160 - __main__ - INFO -     Gold:      [3, 4, 4, 13, 12, 12, 11, 10, 10, 9, 8, 10, 11, 11, 12, 11, 10, 9, 10, 10]
2026-05-10 18:41:33,160 - __main__ - INFO -     Abs error: [3, 4, 4, 13, 12, 12, 11, 10, 10, 9, 8, 10, 11, 11, 12, 11, 10, 9, 10, 10] (mean=9.50)
2026-05-10 18:41:33,160 - __main__ - INFO -   Per-position accuracy (top 10 classes):
2026-05-10 18:41:33,161 - __main__ - INFO -     Position  3: 0.000 accuracy (1 samples)
2026-05-10 18:41:33,161 - __main__ - INFO -     Position  4: 0.000 accuracy (2 samples)
2026-05-10 18:41:33,162 - __main__ - INFO -     Position  7: 0.000 accuracy (1 samples)
2026-05-10 18:41:33,162 - __main__ - INFO -     Position  8: 0.000 accuracy (2 samples)
2026-05-10 18:41:33,162 - __main__ - INFO -     Position  9: 0.000 accuracy (8 samples)
2026-05-10 18:41:33,162 - __main__ - INFO - Evaluation complete in 0.62s
2026-05-10 18:41:33,162 - __main__ - INFO -   Loss: 2.4587, Accuracy: 0.0000, Precision: 0.0000, Recall: 0.0000, F1: 0.0000
2026-05-10 18:41:33,162 - __main__ - INFO - Dev Loss: 2.4587
2026-05-10 18:41:33,162 - __main__ - INFO - Dev Accuracy: 0.0000
2026-05-10 18:41:33,162 - __main__ - INFO -   No improvement for 1 epochs
2026-05-10 18:41:35,175 - __main__ - INFO - Saved checkpoint to /scratch/user/s4901673/ircbert_runs/debug_checkpoints/checkpoint_epoch_1.pt
2026-05-10 18:41:35,176 - __main__ - INFO - Epoch 2/5
2026-05-10 18:41:35,176 - __main__ - INFO - --------------------------------------------------------------------------------
2026-05-10 18:41:35,177 - __main__ - INFO - Epoch 2: Peak memory stats reset.
2026-05-10 18:41:35,177 - __main__ - INFO - Starting epoch 2 with 44 batches
2026-05-10 18:41:35,312 - __main__ - INFO -   [Epoch 2 Batch 0 SANITY CHECK]
2026-05-10 18:41:35,313 - __main__ - INFO -     input_ids shape : [4, 13, 128]  (batch x max_C x seq_len)
2026-05-10 18:41:35,313 - __main__ - INFO -     features shape  : [4, 13, 5]
2026-05-10 18:41:35,313 - __main__ - INFO -     labels shape    : [4]
2026-05-10 18:41:35,313 - __main__ - INFO -     Candidate counts per sample: min=10 max=13 mean=12.0
2026-05-10 18:41:35,313 - __main__ - INFO -     Label values: [9, 12, 12, 11]
2026-05-10 18:41:35,313 - __main__ - INFO -     Label distribution (this batch): {9: 1, 11: 1, 12: 2}
2026-05-10 18:41:35,356 - __main__ - INFO -   [Epoch 2 Batch 0 DIAGNOSTIC] C=13 | logits: min=-100.0000 max=2.7835 mean=-6.2239 has_nan=False | labels=[9, 12, 12, 11] max_label=12
2026-05-10 18:41:35,416 - __main__ - INFO -   Batch 0 pre-clip grad norm: 15.006344
2026-05-10 18:41:35,422 - __main__ - INFO -   Batch 0 LR before optimizer.step(): [4.4444444444444447e-05]
2026-05-10 18:41:35,447 - __main__ - INFO -   Batch 0 LR after scheduler.step(): [4.41919191919192e-05]
2026-05-10 18:41:35,531 - __main__ - INFO -   [Epoch 2 Batch 1 DIAGNOSTIC] C=14 | logits: min=-100.0000 max=2.8639 mean=-9.1543 has_nan=False | labels=[13, 10, 11, 12] max_label=13
2026-05-10 18:41:35,591 - __main__ - INFO -   Batch 1 pre-clip grad norm: 6.611914
2026-05-10 18:41:35,596 - __main__ - INFO -   Batch 1 LR before optimizer.step(): [4.41919191919192e-05]
2026-05-10 18:41:35,619 - __main__ - INFO -   Batch 1 LR after scheduler.step(): [4.3939393939393944e-05]
2026-05-10 18:41:35,654 - __main__ - INFO -   [Epoch 2 Batch 2 DIAGNOSTIC] C=14 | logits: min=-100.0000 max=3.0157 mean=-9.1609 has_nan=False | labels=[13, 12, 13, 8] max_label=13
2026-05-10 18:41:35,715 - __main__ - INFO -   Batch 2 pre-clip grad norm: 10.924471
2026-05-10 18:41:35,721 - __main__ - INFO -   Batch 2 LR before optimizer.step(): [4.3939393939393944e-05]
2026-05-10 18:41:35,746 - __main__ - INFO -   Batch 2 LR after scheduler.step(): [4.368686868686869e-05]
2026-05-10 18:41:35,842 - __main__ - INFO -   Batch 3 pre-clip grad norm: 7.508380
2026-05-10 18:41:35,847 - __main__ - INFO -   Batch 3 LR before optimizer.step(): [4.368686868686869e-05]
2026-05-10 18:41:35,871 - __main__ - INFO -   Batch 3 LR after scheduler.step(): [4.343434343434344e-05]
2026-05-10 18:41:35,962 - __main__ - INFO -   Batch 4 pre-clip grad norm: 8.053815
2026-05-10 18:41:35,968 - __main__ - INFO -   Batch 4 LR before optimizer.step(): [4.343434343434344e-05]
2026-05-10 18:41:35,992 - __main__ - INFO -   Batch 4 LR after scheduler.step(): [4.318181818181819e-05]
2026-05-10 18:41:36,075 - __main__ - INFO -   Batch 5 pre-clip grad norm: 7.926410
2026-05-10 18:41:36,079 - __main__ - INFO -   Batch 5 LR before optimizer.step(): [4.318181818181819e-05]
2026-05-10 18:41:36,105 - __main__ - INFO -   Batch 5 LR after scheduler.step(): [4.292929292929293e-05]
2026-05-10 18:41:36,203 - __main__ - INFO -   Batch 6 pre-clip grad norm: 7.569459
2026-05-10 18:41:36,209 - __main__ - INFO -   Batch 6 LR before optimizer.step(): [4.292929292929293e-05]
2026-05-10 18:41:36,234 - __main__ - INFO -   Batch 6 LR after scheduler.step(): [4.267676767676768e-05]
2026-05-10 18:41:36,334 - __main__ - INFO -   Batch 7 pre-clip grad norm: 10.151236
2026-05-10 18:41:36,340 - __main__ - INFO -   Batch 7 LR before optimizer.step(): [4.267676767676768e-05]
2026-05-10 18:41:36,365 - __main__ - INFO -   Batch 7 LR after scheduler.step(): [4.242424242424243e-05]
2026-05-10 18:41:36,464 - __main__ - INFO -   Batch 8 pre-clip grad norm: 8.089468
2026-05-10 18:41:36,470 - __main__ - INFO -   Batch 8 LR before optimizer.step(): [4.242424242424243e-05]
2026-05-10 18:41:36,495 - __main__ - INFO -   Batch 8 LR after scheduler.step(): [4.2171717171717175e-05]
2026-05-10 18:41:36,584 - __main__ - INFO -   Batch 9 pre-clip grad norm: 9.840659
2026-05-10 18:41:36,589 - __main__ - INFO -   Batch 9 LR before optimizer.step(): [4.2171717171717175e-05]
2026-05-10 18:41:36,612 - __main__ - INFO -   Batch 9 LR after scheduler.step(): [4.191919191919192e-05]
2026-05-10 18:41:36,613 - __main__ - INFO -   Epoch 2 progress: 10/44 batches (6.96 batches/s, avg_loss=2.5049, max_C=15, GPU Mem: 1514/10410MB (max: 7973MB))
2026-05-10 18:41:36,710 - __main__ - INFO -   Batch 10 pre-clip grad norm: 9.437657
2026-05-10 18:41:36,716 - __main__ - INFO -   Batch 10 LR before optimizer.step(): [4.191919191919192e-05]
2026-05-10 18:41:36,741 - __main__ - INFO -   Batch 10 LR after scheduler.step(): [4.166666666666667e-05]
2026-05-10 18:41:36,835 - __main__ - INFO -   Batch 11 pre-clip grad norm: 8.692889
2026-05-10 18:41:36,840 - __main__ - INFO -   Batch 11 LR before optimizer.step(): [4.166666666666667e-05]
2026-05-10 18:41:36,864 - __main__ - INFO -   Batch 11 LR after scheduler.step(): [4.141414141414142e-05]
2026-05-10 18:41:36,955 - __main__ - INFO -   Batch 12 pre-clip grad norm: 7.929282
2026-05-10 18:41:36,960 - __main__ - INFO -   Batch 12 LR before optimizer.step(): [4.141414141414142e-05]
2026-05-10 18:41:36,985 - __main__ - INFO -   Batch 12 LR after scheduler.step(): [4.116161616161616e-05]
2026-05-10 18:41:37,069 - __main__ - INFO -   Batch 13 pre-clip grad norm: 19.313851
2026-05-10 18:41:37,074 - __main__ - INFO -   Batch 13 LR before optimizer.step(): [4.116161616161616e-05]
2026-05-10 18:41:37,098 - __main__ - INFO -   Batch 13 LR after scheduler.step(): [4.0909090909090915e-05]
2026-05-10 18:41:37,196 - __main__ - INFO -   Batch 14 pre-clip grad norm: 11.331046
2026-05-10 18:41:37,201 - __main__ - INFO -   Batch 14 LR before optimizer.step(): [4.0909090909090915e-05]
2026-05-10 18:41:37,226 - __main__ - INFO -   Batch 14 LR after scheduler.step(): [4.065656565656566e-05]
2026-05-10 18:41:37,314 - __main__ - INFO -   Batch 15 pre-clip grad norm: 9.193954
2026-05-10 18:41:37,318 - __main__ - INFO -   Batch 15 LR before optimizer.step(): [4.065656565656566e-05]
2026-05-10 18:41:37,341 - __main__ - INFO -   Batch 15 LR after scheduler.step(): [4.0404040404040405e-05]
2026-05-10 18:41:37,434 - __main__ - INFO -   Batch 16 pre-clip grad norm: 7.901055
2026-05-10 18:41:37,438 - __main__ - INFO -   Batch 16 LR before optimizer.step(): [4.0404040404040405e-05]
2026-05-10 18:41:37,461 - __main__ - INFO -   Batch 16 LR after scheduler.step(): [4.015151515151515e-05]
2026-05-10 18:41:37,549 - __main__ - INFO -   Batch 17 pre-clip grad norm: 9.850165
2026-05-10 18:41:37,554 - __main__ - INFO -   Batch 17 LR before optimizer.step(): [4.015151515151515e-05]
2026-05-10 18:41:37,579 - __main__ - INFO -   Batch 17 LR after scheduler.step(): [3.98989898989899e-05]
2026-05-10 18:41:37,682 - __main__ - INFO -   Batch 18 pre-clip grad norm: 11.260399
2026-05-10 18:41:37,687 - __main__ - INFO -   Batch 18 LR before optimizer.step(): [3.98989898989899e-05]
2026-05-10 18:41:37,713 - __main__ - INFO -   Batch 18 LR after scheduler.step(): [3.964646464646465e-05]
2026-05-10 18:41:37,803 - __main__ - INFO -   Batch 19 pre-clip grad norm: 14.865313
2026-05-10 18:41:37,808 - __main__ - INFO -   Batch 19 LR before optimizer.step(): [3.964646464646465e-05]
2026-05-10 18:41:37,831 - __main__ - INFO -   Batch 19 LR after scheduler.step(): [3.939393939393939e-05]
2026-05-10 18:41:37,832 - __main__ - INFO -   Epoch 2 progress: 20/44 batches (7.53 batches/s, avg_loss=2.5324, max_C=15, GPU Mem: 1514/10410MB (max: 7981MB))
2026-05-10 18:41:37,926 - __main__ - INFO -   Batch 20 pre-clip grad norm: 6.988945
2026-05-10 18:41:37,930 - __main__ - INFO -   Batch 20 LR before optimizer.step(): [3.939393939393939e-05]
2026-05-10 18:41:37,953 - __main__ - INFO -   Batch 20 LR after scheduler.step(): [3.9141414141414145e-05]
2026-05-10 18:41:38,042 - __main__ - INFO -   Batch 21 pre-clip grad norm: 9.146260
2026-05-10 18:41:38,048 - __main__ - INFO -   Batch 21 LR before optimizer.step(): [3.9141414141414145e-05]
2026-05-10 18:41:38,072 - __main__ - INFO -   Batch 21 LR after scheduler.step(): [3.888888888888889e-05]
2026-05-10 18:41:38,170 - __main__ - INFO -   Batch 22 pre-clip grad norm: 7.203909
2026-05-10 18:41:38,176 - __main__ - INFO -   Batch 22 LR before optimizer.step(): [3.888888888888889e-05]
2026-05-10 18:41:38,201 - __main__ - INFO -   Batch 22 LR after scheduler.step(): [3.8636363636363636e-05]
2026-05-10 18:41:38,284 - __main__ - INFO -   Batch 23 pre-clip grad norm: 8.839003
2026-05-10 18:41:38,288 - __main__ - INFO -   Batch 23 LR before optimizer.step(): [3.8636363636363636e-05]
2026-05-10 18:41:38,314 - __main__ - INFO -   Batch 23 LR after scheduler.step(): [3.838383838383838e-05]
2026-05-10 18:41:38,406 - __main__ - INFO -   Batch 24 pre-clip grad norm: 8.840911
2026-05-10 18:41:38,410 - __main__ - INFO -   Batch 24 LR before optimizer.step(): [3.838383838383838e-05]
2026-05-10 18:41:38,434 - __main__ - INFO -   Batch 24 LR after scheduler.step(): [3.8131313131313133e-05]
2026-05-10 18:41:38,523 - __main__ - INFO -   Batch 25 pre-clip grad norm: 7.528834
2026-05-10 18:41:38,529 - __main__ - INFO -   Batch 25 LR before optimizer.step(): [3.8131313131313133e-05]
2026-05-10 18:41:38,554 - __main__ - INFO -   Batch 25 LR after scheduler.step(): [3.787878787878788e-05]
2026-05-10 18:41:38,650 - __main__ - INFO -   Batch 26 pre-clip grad norm: 6.621456
2026-05-10 18:41:38,655 - __main__ - INFO -   Batch 26 LR before optimizer.step(): [3.787878787878788e-05]
2026-05-10 18:41:38,679 - __main__ - INFO -   Batch 26 LR after scheduler.step(): [3.7626262626262624e-05]
2026-05-10 18:41:38,762 - __main__ - INFO -   Batch 27 pre-clip grad norm: 8.291957
2026-05-10 18:41:38,767 - __main__ - INFO -   Batch 27 LR before optimizer.step(): [3.7626262626262624e-05]
2026-05-10 18:41:38,792 - __main__ - INFO -   Batch 27 LR after scheduler.step(): [3.7373737373737376e-05]
2026-05-10 18:41:38,887 - __main__ - INFO -   Batch 28 pre-clip grad norm: 6.556329
2026-05-10 18:41:38,891 - __main__ - INFO -   Batch 28 LR before optimizer.step(): [3.7373737373737376e-05]
2026-05-10 18:41:38,916 - __main__ - INFO -   Batch 28 LR after scheduler.step(): [3.712121212121212e-05]
2026-05-10 18:41:39,007 - __main__ - INFO -   Batch 29 pre-clip grad norm: 7.163944
2026-05-10 18:41:39,013 - __main__ - INFO -   Batch 29 LR before optimizer.step(): [3.712121212121212e-05]
2026-05-10 18:41:39,038 - __main__ - INFO -   Batch 29 LR after scheduler.step(): [3.686868686868687e-05]
2026-05-10 18:41:39,039 - __main__ - INFO -   Epoch 2 progress: 30/44 batches (7.77 batches/s, avg_loss=2.5173, max_C=13, GPU Mem: 1507/10410MB (max: 7981MB))
2026-05-10 18:41:39,135 - __main__ - INFO -   Batch 30 pre-clip grad norm: 6.686273
2026-05-10 18:41:39,139 - __main__ - INFO -   Batch 30 LR before optimizer.step(): [3.686868686868687e-05]
2026-05-10 18:41:39,162 - __main__ - INFO -   Batch 30 LR after scheduler.step(): [3.661616161616162e-05]
2026-05-10 18:41:39,248 - __main__ - INFO -   Batch 31 pre-clip grad norm: 6.781094
2026-05-10 18:41:39,253 - __main__ - INFO -   Batch 31 LR before optimizer.step(): [3.661616161616162e-05]
2026-05-10 18:41:39,276 - __main__ - INFO -   Batch 31 LR after scheduler.step(): [3.6363636363636364e-05]
2026-05-10 18:41:39,369 - __main__ - INFO -   Batch 32 pre-clip grad norm: 9.277888
2026-05-10 18:41:39,374 - __main__ - INFO -   Batch 32 LR before optimizer.step(): [3.6363636363636364e-05]
2026-05-10 18:41:39,399 - __main__ - INFO -   Batch 32 LR after scheduler.step(): [3.611111111111111e-05]
2026-05-10 18:41:39,488 - __main__ - INFO -   Batch 33 pre-clip grad norm: 7.111215
2026-05-10 18:41:39,494 - __main__ - INFO -   Batch 33 LR before optimizer.step(): [3.611111111111111e-05]
2026-05-10 18:41:39,518 - __main__ - INFO -   Batch 33 LR after scheduler.step(): [3.5858585858585855e-05]
2026-05-10 18:41:39,617 - __main__ - INFO -   Batch 34 pre-clip grad norm: 8.756595
2026-05-10 18:41:39,621 - __main__ - INFO -   Batch 34 LR before optimizer.step(): [3.5858585858585855e-05]
2026-05-10 18:41:39,644 - __main__ - INFO -   Batch 34 LR after scheduler.step(): [3.560606060606061e-05]
2026-05-10 18:41:39,729 - __main__ - INFO -   Batch 35 pre-clip grad norm: 8.132287
2026-05-10 18:41:39,734 - __main__ - INFO -   Batch 35 LR before optimizer.step(): [3.560606060606061e-05]
2026-05-10 18:41:39,757 - __main__ - INFO -   Batch 35 LR after scheduler.step(): [3.535353535353535e-05]
2026-05-10 18:41:39,850 - __main__ - INFO -   Batch 36 pre-clip grad norm: 8.190735
2026-05-10 18:41:39,855 - __main__ - INFO -   Batch 36 LR before optimizer.step(): [3.535353535353535e-05]
2026-05-10 18:41:39,878 - __main__ - INFO -   Batch 36 LR after scheduler.step(): [3.5101010101010104e-05]
2026-05-10 18:41:39,958 - __main__ - INFO -   Batch 37 pre-clip grad norm: 7.554070
2026-05-10 18:41:39,964 - __main__ - INFO -   Batch 37 LR before optimizer.step(): [3.5101010101010104e-05]
2026-05-10 18:41:39,987 - __main__ - INFO -   Batch 37 LR after scheduler.step(): [3.484848484848485e-05]
2026-05-10 18:41:40,079 - __main__ - INFO -   Batch 38 pre-clip grad norm: 7.643684
2026-05-10 18:41:40,084 - __main__ - INFO -   Batch 38 LR before optimizer.step(): [3.484848484848485e-05]
2026-05-10 18:41:40,108 - __main__ - INFO -   Batch 38 LR after scheduler.step(): [3.45959595959596e-05]
2026-05-10 18:41:40,195 - __main__ - INFO -   Batch 39 pre-clip grad norm: 17.372242
2026-05-10 18:41:40,201 - __main__ - INFO -   Batch 39 LR before optimizer.step(): [3.45959595959596e-05]
2026-05-10 18:41:40,224 - __main__ - INFO -   Batch 39 LR after scheduler.step(): [3.434343434343435e-05]
2026-05-10 18:41:40,225 - __main__ - INFO -   Epoch 2 progress: 40/44 batches (7.92 batches/s, avg_loss=2.4920, max_C=14, GPU Mem: 1516/10410MB (max: 7981MB))
2026-05-10 18:41:40,311 - __main__ - INFO -   Batch 40 pre-clip grad norm: 7.828246
2026-05-10 18:41:40,317 - __main__ - INFO -   Batch 40 LR before optimizer.step(): [3.434343434343435e-05]
2026-05-10 18:41:40,341 - __main__ - INFO -   Batch 40 LR after scheduler.step(): [3.409090909090909e-05]
2026-05-10 18:41:40,423 - __main__ - INFO -   Batch 41 pre-clip grad norm: 7.501543
2026-05-10 18:41:40,429 - __main__ - INFO -   Batch 41 LR before optimizer.step(): [3.409090909090909e-05]
2026-05-10 18:41:40,453 - __main__ - INFO -   Batch 41 LR after scheduler.step(): [3.3838383838383844e-05]
2026-05-10 18:41:40,535 - __main__ - INFO -   Batch 42 pre-clip grad norm: 8.197202
2026-05-10 18:41:40,539 - __main__ - INFO -   Batch 42 LR before optimizer.step(): [3.3838383838383844e-05]
2026-05-10 18:41:40,563 - __main__ - INFO -   Batch 42 LR after scheduler.step(): [3.358585858585859e-05]
2026-05-10 18:41:40,646 - __main__ - INFO -   Batch 43 pre-clip grad norm: 8.850251
2026-05-10 18:41:40,650 - __main__ - INFO -   Batch 43 LR before optimizer.step(): [3.358585858585859e-05]
2026-05-10 18:41:40,675 - __main__ - INFO -   Batch 43 LR after scheduler.step(): [3.3333333333333335e-05]
2026-05-10 18:41:40,735 - __main__ - INFO - Epoch 2 complete in 5.56s | avg_loss=2.4802 | batches: 44 succeeded, 0 skipped (OOM/NaN)
2026-05-10 18:41:40,737 - __main__ - INFO -   Loss trend: 2.4413 → 2.4802 (+0.0389) ↑ diverging
2026-05-10 18:41:40,738 - __main__ - INFO - Train Loss: 2.4802
2026-05-10 18:41:40,738 - __main__ - INFO - Evaluating on dev set...
2026-05-10 18:41:40,739 - __main__ - INFO - Starting evaluation on 65 samples
2026-05-10 18:41:41,150 - __main__ - INFO -   Evaluation progress: 10/17 batches (24.34 batches/s)
2026-05-10 18:41:41,358 - __main__ - INFO -   Prediction sample (first 20):
2026-05-10 18:41:41,359 - __main__ - INFO -     Predicted: [0, 0, 3, 0, 0, 0, 0, 0, 0, 0, 0, 0, 0, 0, 0, 0, 0, 4, 0, 0]
2026-05-10 18:41:41,359 - __main__ - INFO -     Gold:      [3, 4, 4, 13, 12, 12, 11, 10, 10, 9, 8, 10, 11, 11, 12, 11, 10, 9, 10, 10]
2026-05-10 18:41:41,359 - __main__ - INFO -     Abs error: [3, 4, 1, 13, 12, 12, 11, 10, 10, 9, 8, 10, 11, 11, 12, 11, 10, 5, 10, 10] (mean=9.15)
2026-05-10 18:41:41,359 - __main__ - INFO -   Per-position accuracy (top 10 classes):
2026-05-10 18:41:41,359 - __main__ - INFO -     Position  3: 0.000 accuracy (1 samples)
2026-05-10 18:41:41,359 - __main__ - INFO -     Position  4: 0.000 accuracy (2 samples)
2026-05-10 18:41:41,360 - __main__ - INFO -     Position  7: 0.000 accuracy (1 samples)
2026-05-10 18:41:41,360 - __main__ - INFO -     Position  8: 0.000 accuracy (2 samples)
2026-05-10 18:41:41,360 - __main__ - INFO -     Position  9: 0.000 accuracy (8 samples)
2026-05-10 18:41:41,360 - __main__ - INFO - Evaluation complete in 0.62s
2026-05-10 18:41:41,360 - __main__ - INFO -   Loss: 2.4547, Accuracy: 0.0000, Precision: 0.0000, Recall: 0.0000, F1: 0.0000
2026-05-10 18:41:41,360 - __main__ - INFO - Dev Loss: 2.4547
2026-05-10 18:41:41,360 - __main__ - INFO - Dev Accuracy: 0.0000
2026-05-10 18:41:41,360 - __main__ - INFO -   No improvement for 2 epochs
2026-05-10 18:41:43,363 - __main__ - INFO - Saved checkpoint to /scratch/user/s4901673/ircbert_runs/debug_checkpoints/checkpoint_epoch_2.pt
2026-05-10 18:41:43,363 - __main__ - INFO - Epoch 3/5
2026-05-10 18:41:43,364 - __main__ - INFO - --------------------------------------------------------------------------------
2026-05-10 18:41:43,365 - __main__ - INFO - Epoch 3: Peak memory stats reset.
2026-05-10 18:41:43,365 - __main__ - INFO - Starting epoch 3 with 44 batches
2026-05-10 18:41:43,467 - __main__ - INFO -   [Epoch 3 Batch 0 SANITY CHECK]
2026-05-10 18:41:43,468 - __main__ - INFO -     input_ids shape : [4, 13, 128]  (batch x max_C x seq_len)
2026-05-10 18:41:43,468 - __main__ - INFO -     features shape  : [4, 13, 5]
2026-05-10 18:41:43,468 - __main__ - INFO -     labels shape    : [4]
2026-05-10 18:41:43,468 - __main__ - INFO -     Candidate counts per sample: min=11 max=13 mean=11.8
2026-05-10 18:41:43,468 - __main__ - INFO -     Label values: [10, 10, 12, 11]
2026-05-10 18:41:43,468 - __main__ - INFO -     Label distribution (this batch): {10: 2, 11: 1, 12: 1}
2026-05-10 18:41:43,514 - __main__ - INFO -   [Epoch 3 Batch 0 DIAGNOSTIC] C=13 | logits: min=-100.0000 max=4.5778 mean=-6.0481 has_nan=False | labels=[10, 10, 12, 11] max_label=12
2026-05-10 18:41:43,574 - __main__ - INFO -   Batch 0 pre-clip grad norm: 8.812492
2026-05-10 18:41:43,579 - __main__ - INFO -   Batch 0 LR before optimizer.step(): [3.3333333333333335e-05]
2026-05-10 18:41:43,602 - __main__ - INFO -   Batch 0 LR after scheduler.step(): [3.308080808080809e-05]
2026-05-10 18:41:43,679 - __main__ - INFO -   [Epoch 3 Batch 1 DIAGNOSTIC] C=14 | logits: min=-100.0000 max=4.7333 mean=-20.2012 has_nan=False | labels=[6, 12, 8, 13] max_label=13
2026-05-10 18:41:43,738 - __main__ - INFO -   Batch 1 pre-clip grad norm: 9.342406
2026-05-10 18:41:43,742 - __main__ - INFO -   Batch 1 LR before optimizer.step(): [3.308080808080809e-05]
2026-05-10 18:41:43,766 - __main__ - INFO -   Batch 1 LR after scheduler.step(): [3.282828282828283e-05]
2026-05-10 18:41:43,800 - __main__ - INFO -   [Epoch 3 Batch 2 DIAGNOSTIC] C=13 | logits: min=-100.0000 max=4.6927 mean=-20.0134 has_nan=False | labels=[12, 5, 8, 11] max_label=12
2026-05-10 18:41:43,859 - __main__ - INFO -   Batch 2 pre-clip grad norm: 8.776149
2026-05-10 18:41:43,864 - __main__ - INFO -   Batch 2 LR before optimizer.step(): [3.282828282828283e-05]
2026-05-10 18:41:43,889 - __main__ - INFO -   Batch 2 LR after scheduler.step(): [3.257575757575758e-05]
2026-05-10 18:41:43,969 - __main__ - INFO -   Batch 3 pre-clip grad norm: 6.377067
2026-05-10 18:41:43,973 - __main__ - INFO -   Batch 3 LR before optimizer.step(): [3.257575757575758e-05]
2026-05-10 18:41:43,998 - __main__ - INFO -   Batch 3 LR after scheduler.step(): [3.232323232323233e-05]
2026-05-10 18:41:44,100 - __main__ - INFO -   Batch 4 pre-clip grad norm: 7.446633
2026-05-10 18:41:44,104 - __main__ - INFO -   Batch 4 LR before optimizer.step(): [3.232323232323233e-05]
2026-05-10 18:41:44,128 - __main__ - INFO -   Batch 4 LR after scheduler.step(): [3.2070707070707075e-05]
2026-05-10 18:41:44,218 - __main__ - INFO -   Batch 5 pre-clip grad norm: 8.084563
2026-05-10 18:41:44,222 - __main__ - INFO -   Batch 5 LR before optimizer.step(): [3.2070707070707075e-05]
2026-05-10 18:41:44,245 - __main__ - INFO -   Batch 5 LR after scheduler.step(): [3.181818181818182e-05]
2026-05-10 18:41:44,340 - __main__ - INFO -   Batch 6 pre-clip grad norm: 8.630804
2026-05-10 18:41:44,344 - __main__ - INFO -   Batch 6 LR before optimizer.step(): [3.181818181818182e-05]
2026-05-10 18:41:44,367 - __main__ - INFO -   Batch 6 LR after scheduler.step(): [3.1565656565656566e-05]
2026-05-10 18:41:44,457 - __main__ - INFO -   Batch 7 pre-clip grad norm: 6.947287
2026-05-10 18:41:44,461 - __main__ - INFO -   Batch 7 LR before optimizer.step(): [3.1565656565656566e-05]
2026-05-10 18:41:44,484 - __main__ - INFO -   Batch 7 LR after scheduler.step(): [3.131313131313132e-05]
2026-05-10 18:41:44,575 - __main__ - INFO -   Batch 8 pre-clip grad norm: 9.204791
2026-05-10 18:41:44,580 - __main__ - INFO -   Batch 8 LR before optimizer.step(): [3.131313131313132e-05]
2026-05-10 18:41:44,605 - __main__ - INFO -   Batch 8 LR after scheduler.step(): [3.106060606060606e-05]
2026-05-10 18:41:44,689 - __main__ - INFO -   Batch 9 pre-clip grad norm: 6.932594
2026-05-10 18:41:44,693 - __main__ - INFO -   Batch 9 LR before optimizer.step(): [3.106060606060606e-05]
2026-05-10 18:41:44,716 - __main__ - INFO -   Batch 9 LR after scheduler.step(): [3.080808080808081e-05]
2026-05-10 18:41:44,717 - __main__ - INFO -   Epoch 3 progress: 10/44 batches (7.40 batches/s, avg_loss=2.3436, max_C=12, GPU Mem: 1509/10438MB (max: 7966MB))
2026-05-10 18:41:44,813 - __main__ - INFO -   Batch 10 pre-clip grad norm: 7.398236
2026-05-10 18:41:44,818 - __main__ - INFO -   Batch 10 LR before optimizer.step(): [3.080808080808081e-05]
2026-05-10 18:41:44,843 - __main__ - INFO -   Batch 10 LR after scheduler.step(): [3.055555555555556e-05]
2026-05-10 18:41:44,936 - __main__ - INFO -   Batch 11 pre-clip grad norm: 11.272807
2026-05-10 18:41:44,940 - __main__ - INFO -   Batch 11 LR before optimizer.step(): [3.055555555555556e-05]
2026-05-10 18:41:44,963 - __main__ - INFO -   Batch 11 LR after scheduler.step(): [3.0303030303030306e-05]
2026-05-10 18:41:45,056 - __main__ - INFO -   Batch 12 pre-clip grad norm: 7.712299
2026-05-10 18:41:45,061 - __main__ - INFO -   Batch 12 LR before optimizer.step(): [3.0303030303030306e-05]
2026-05-10 18:41:45,086 - __main__ - INFO -   Batch 12 LR after scheduler.step(): [3.005050505050505e-05]
2026-05-10 18:41:45,179 - __main__ - INFO -   Batch 13 pre-clip grad norm: 9.715268
2026-05-10 18:41:45,185 - __main__ - INFO -   Batch 13 LR before optimizer.step(): [3.005050505050505e-05]
2026-05-10 18:41:45,209 - __main__ - INFO -   Batch 13 LR after scheduler.step(): [2.9797979797979796e-05]
2026-05-10 18:41:45,296 - __main__ - INFO -   Batch 14 pre-clip grad norm: 8.366512
2026-05-10 18:41:45,302 - __main__ - INFO -   Batch 14 LR before optimizer.step(): [2.9797979797979796e-05]
2026-05-10 18:41:45,327 - __main__ - INFO -   Batch 14 LR after scheduler.step(): [2.954545454545455e-05]
2026-05-10 18:41:45,414 - __main__ - INFO -   Batch 15 pre-clip grad norm: 9.182354
2026-05-10 18:41:45,419 - __main__ - INFO -   Batch 15 LR before optimizer.step(): [2.954545454545455e-05]
2026-05-10 18:41:45,444 - __main__ - INFO -   Batch 15 LR after scheduler.step(): [2.9292929292929294e-05]
2026-05-10 18:41:45,544 - __main__ - INFO -   Batch 16 pre-clip grad norm: 8.177670
2026-05-10 18:41:45,550 - __main__ - INFO -   Batch 16 LR before optimizer.step(): [2.9292929292929294e-05]
2026-05-10 18:41:45,575 - __main__ - INFO -   Batch 16 LR after scheduler.step(): [2.904040404040404e-05]
2026-05-10 18:41:45,670 - __main__ - INFO -   Batch 17 pre-clip grad norm: 6.539320
2026-05-10 18:41:45,674 - __main__ - INFO -   Batch 17 LR before optimizer.step(): [2.904040404040404e-05]
2026-05-10 18:41:45,697 - __main__ - INFO -   Batch 17 LR after scheduler.step(): [2.878787878787879e-05]
2026-05-10 18:41:45,789 - __main__ - INFO -   Batch 18 pre-clip grad norm: 7.042326
2026-05-10 18:41:45,794 - __main__ - INFO -   Batch 18 LR before optimizer.step(): [2.878787878787879e-05]
2026-05-10 18:41:45,817 - __main__ - INFO -   Batch 18 LR after scheduler.step(): [2.8535353535353536e-05]
2026-05-10 18:41:45,908 - __main__ - INFO -   Batch 19 pre-clip grad norm: 6.960949
2026-05-10 18:41:45,914 - __main__ - INFO -   Batch 19 LR before optimizer.step(): [2.8535353535353536e-05]
2026-05-10 18:41:45,939 - __main__ - INFO -   Batch 19 LR after scheduler.step(): [2.8282828282828282e-05]
2026-05-10 18:41:45,941 - __main__ - INFO -   Epoch 3 progress: 20/44 batches (7.77 batches/s, avg_loss=2.3710, max_C=14, GPU Mem: 1511/10438MB (max: 7966MB))
2026-05-10 18:41:46,038 - __main__ - INFO -   Batch 20 pre-clip grad norm: 7.795604
2026-05-10 18:41:46,044 - __main__ - INFO -   Batch 20 LR before optimizer.step(): [2.8282828282828282e-05]
2026-05-10 18:41:46,069 - __main__ - INFO -   Batch 20 LR after scheduler.step(): [2.803030303030303e-05]
2026-05-10 18:41:46,162 - __main__ - INFO -   Batch 21 pre-clip grad norm: 7.604900
2026-05-10 18:41:46,167 - __main__ - INFO -   Batch 21 LR before optimizer.step(): [2.803030303030303e-05]
2026-05-10 18:41:46,190 - __main__ - INFO -   Batch 21 LR after scheduler.step(): [2.777777777777778e-05]
2026-05-10 18:41:46,282 - __main__ - INFO -   Batch 22 pre-clip grad norm: 8.096826
2026-05-10 18:41:46,286 - __main__ - INFO -   Batch 22 LR before optimizer.step(): [2.777777777777778e-05]
2026-05-10 18:41:46,309 - __main__ - INFO -   Batch 22 LR after scheduler.step(): [2.7525252525252528e-05]
2026-05-10 18:41:46,402 - __main__ - INFO -   Batch 23 pre-clip grad norm: 7.587347
2026-05-10 18:41:46,410 - __main__ - INFO -   Batch 23 LR before optimizer.step(): [2.7525252525252528e-05]
2026-05-10 18:41:46,436 - __main__ - INFO -   Batch 23 LR after scheduler.step(): [2.7272727272727273e-05]
2026-05-10 18:41:46,536 - __main__ - INFO -   Batch 24 pre-clip grad norm: 8.347029
2026-05-10 18:41:46,541 - __main__ - INFO -   Batch 24 LR before optimizer.step(): [2.7272727272727273e-05]
2026-05-10 18:41:46,566 - __main__ - INFO -   Batch 24 LR after scheduler.step(): [2.7020202020202022e-05]
2026-05-10 18:41:46,657 - __main__ - INFO -   Batch 25 pre-clip grad norm: 8.599643
2026-05-10 18:41:46,661 - __main__ - INFO -   Batch 25 LR before optimizer.step(): [2.7020202020202022e-05]
2026-05-10 18:41:46,684 - __main__ - INFO -   Batch 25 LR after scheduler.step(): [2.676767676767677e-05]
2026-05-10 18:41:46,778 - __main__ - INFO -   Batch 26 pre-clip grad norm: 9.032196
2026-05-10 18:41:46,782 - __main__ - INFO -   Batch 26 LR before optimizer.step(): [2.676767676767677e-05]
2026-05-10 18:41:46,805 - __main__ - INFO -   Batch 26 LR after scheduler.step(): [2.6515151515151516e-05]
2026-05-10 18:41:46,896 - __main__ - INFO -   Batch 27 pre-clip grad norm: 9.081667
2026-05-10 18:41:46,901 - __main__ - INFO -   Batch 27 LR before optimizer.step(): [2.6515151515151516e-05]
2026-05-10 18:41:46,926 - __main__ - INFO -   Batch 27 LR after scheduler.step(): [2.6262626262626268e-05]
2026-05-10 18:41:47,026 - __main__ - INFO -   Batch 28 pre-clip grad norm: 7.464168
2026-05-10 18:41:47,032 - __main__ - INFO -   Batch 28 LR before optimizer.step(): [2.6262626262626268e-05]
2026-05-10 18:41:47,057 - __main__ - INFO -   Batch 28 LR after scheduler.step(): [2.6010101010101013e-05]
2026-05-10 18:41:47,150 - __main__ - INFO -   Batch 29 pre-clip grad norm: 7.841575
2026-05-10 18:41:47,154 - __main__ - INFO -   Batch 29 LR before optimizer.step(): [2.6010101010101013e-05]
2026-05-10 18:41:47,177 - __main__ - INFO -   Batch 29 LR after scheduler.step(): [2.575757575757576e-05]
2026-05-10 18:41:47,178 - __main__ - INFO -   Epoch 3 progress: 30/44 batches (7.87 batches/s, avg_loss=2.3940, max_C=14, GPU Mem: 1511/10438MB (max: 7966MB))
2026-05-10 18:41:47,272 - __main__ - INFO -   Batch 30 pre-clip grad norm: 7.714020
2026-05-10 18:41:47,277 - __main__ - INFO -   Batch 30 LR before optimizer.step(): [2.575757575757576e-05]
2026-05-10 18:41:47,300 - __main__ - INFO -   Batch 30 LR after scheduler.step(): [2.5505050505050504e-05]
2026-05-10 18:41:47,392 - __main__ - INFO -   Batch 31 pre-clip grad norm: 8.110256
2026-05-10 18:41:47,396 - __main__ - INFO -   Batch 31 LR before optimizer.step(): [2.5505050505050504e-05]
2026-05-10 18:41:47,420 - __main__ - INFO -   Batch 31 LR after scheduler.step(): [2.5252525252525256e-05]
2026-05-10 18:41:47,509 - __main__ - INFO -   Batch 32 pre-clip grad norm: 7.807313
2026-05-10 18:41:47,513 - __main__ - INFO -   Batch 32 LR before optimizer.step(): [2.5252525252525256e-05]
2026-05-10 18:41:47,537 - __main__ - INFO -   Batch 32 LR after scheduler.step(): [2.5e-05]
2026-05-10 18:41:47,627 - __main__ - INFO -   Batch 33 pre-clip grad norm: 7.820300
2026-05-10 18:41:47,631 - __main__ - INFO -   Batch 33 LR before optimizer.step(): [2.5e-05]
2026-05-10 18:41:47,655 - __main__ - INFO -   Batch 33 LR after scheduler.step(): [2.474747474747475e-05]
2026-05-10 18:41:47,749 - __main__ - INFO -   Batch 34 pre-clip grad norm: 7.011210
2026-05-10 18:41:47,754 - __main__ - INFO -   Batch 34 LR before optimizer.step(): [2.474747474747475e-05]
2026-05-10 18:41:47,777 - __main__ - INFO -   Batch 34 LR after scheduler.step(): [2.4494949494949495e-05]
2026-05-10 18:41:47,862 - __main__ - INFO -   Batch 35 pre-clip grad norm: 8.912899
2026-05-10 18:41:47,867 - __main__ - INFO -   Batch 35 LR before optimizer.step(): [2.4494949494949495e-05]
2026-05-10 18:41:47,891 - __main__ - INFO -   Batch 35 LR after scheduler.step(): [2.4242424242424244e-05]
2026-05-10 18:41:47,982 - __main__ - INFO -   Batch 36 pre-clip grad norm: 8.591129
2026-05-10 18:41:47,988 - __main__ - INFO -   Batch 36 LR before optimizer.step(): [2.4242424242424244e-05]
2026-05-10 18:41:48,013 - __main__ - INFO -   Batch 36 LR after scheduler.step(): [2.398989898989899e-05]
2026-05-10 18:41:48,095 - __main__ - INFO -   Batch 37 pre-clip grad norm: 5.998209
2026-05-10 18:41:48,099 - __main__ - INFO -   Batch 37 LR before optimizer.step(): [2.398989898989899e-05]
2026-05-10 18:41:48,123 - __main__ - INFO -   Batch 37 LR after scheduler.step(): [2.3737373737373738e-05]
2026-05-10 18:41:48,214 - __main__ - INFO -   Batch 38 pre-clip grad norm: 7.856019
2026-05-10 18:41:48,219 - __main__ - INFO -   Batch 38 LR before optimizer.step(): [2.3737373737373738e-05]
2026-05-10 18:41:48,243 - __main__ - INFO -   Batch 38 LR after scheduler.step(): [2.3484848484848487e-05]
2026-05-10 18:41:48,332 - __main__ - INFO -   Batch 39 pre-clip grad norm: 11.526261
2026-05-10 18:41:48,336 - __main__ - INFO -   Batch 39 LR before optimizer.step(): [2.3484848484848487e-05]
2026-05-10 18:41:48,361 - __main__ - INFO -   Batch 39 LR after scheduler.step(): [2.3232323232323232e-05]
2026-05-10 18:41:48,362 - __main__ - INFO -   Epoch 3 progress: 40/44 batches (8.01 batches/s, avg_loss=2.4017, max_C=13, GPU Mem: 1505/10438MB (max: 7966MB))
2026-05-10 18:41:48,447 - __main__ - INFO -   Batch 40 pre-clip grad norm: 7.002663
2026-05-10 18:41:48,452 - __main__ - INFO -   Batch 40 LR before optimizer.step(): [2.3232323232323232e-05]
2026-05-10 18:41:48,475 - __main__ - INFO -   Batch 40 LR after scheduler.step(): [2.297979797979798e-05]
2026-05-10 18:41:48,563 - __main__ - INFO -   Batch 41 pre-clip grad norm: 8.332822
2026-05-10 18:41:48,568 - __main__ - INFO -   Batch 41 LR before optimizer.step(): [2.297979797979798e-05]
2026-05-10 18:41:48,591 - __main__ - INFO -   Batch 41 LR after scheduler.step(): [2.272727272727273e-05]
2026-05-10 18:41:48,678 - __main__ - INFO -   Batch 42 pre-clip grad norm: 8.692556
2026-05-10 18:41:48,683 - __main__ - INFO -   Batch 42 LR before optimizer.step(): [2.272727272727273e-05]
2026-05-10 18:41:48,707 - __main__ - INFO -   Batch 42 LR after scheduler.step(): [2.2474747474747475e-05]
2026-05-10 18:41:48,797 - __main__ - INFO -   Batch 43 pre-clip grad norm: 8.844011
2026-05-10 18:41:48,803 - __main__ - INFO -   Batch 43 LR before optimizer.step(): [2.2474747474747475e-05]
2026-05-10 18:41:48,828 - __main__ - INFO -   Batch 43 LR after scheduler.step(): [2.2222222222222223e-05]
2026-05-10 18:41:48,893 - __main__ - INFO - Epoch 3 complete in 5.53s | avg_loss=2.3392 | batches: 44 succeeded, 0 skipped (OOM/NaN)
2026-05-10 18:41:48,897 - __main__ - INFO -   Loss trend: 2.4802 → 2.3392 (-0.1410) ↓ improving
2026-05-10 18:41:48,898 - __main__ - INFO - Train Loss: 2.3392
2026-05-10 18:41:48,898 - __main__ - INFO - Evaluating on dev set...
2026-05-10 18:41:48,899 - __main__ - INFO - Starting evaluation on 65 samples
2026-05-10 18:41:49,268 - __main__ - INFO -   Evaluation progress: 10/17 batches (27.12 batches/s)
2026-05-10 18:41:49,491 - __main__ - INFO -   Prediction sample (first 20):
2026-05-10 18:41:49,492 - __main__ - INFO -     Predicted: [0, 0, 3, 0, 0, 0, 0, 0, 0, 0, 0, 0, 0, 0, 0, 0, 0, 4, 0, 0]
2026-05-10 18:41:49,492 - __main__ - INFO -     Gold:      [3, 4, 4, 13, 12, 12, 11, 10, 10, 9, 8, 10, 11, 11, 12, 11, 10, 9, 10, 10]
2026-05-10 18:41:49,492 - __main__ - INFO -     Abs error: [3, 4, 1, 13, 12, 12, 11, 10, 10, 9, 8, 10, 11, 11, 12, 11, 10, 5, 10, 10] (mean=9.15)
2026-05-10 18:41:49,492 - __main__ - INFO -   Per-position accuracy (top 10 classes):
2026-05-10 18:41:49,492 - __main__ - INFO -     Position  3: 0.000 accuracy (1 samples)
2026-05-10 18:41:49,492 - __main__ - INFO -     Position  4: 0.000 accuracy (2 samples)
2026-05-10 18:41:49,493 - __main__ - INFO -     Position  7: 0.000 accuracy (1 samples)
2026-05-10 18:41:49,493 - __main__ - INFO -     Position  8: 0.000 accuracy (2 samples)
2026-05-10 18:41:49,493 - __main__ - INFO -     Position  9: 0.000 accuracy (8 samples)
2026-05-10 18:41:49,493 - __main__ - INFO - Evaluation complete in 0.59s
2026-05-10 18:41:49,493 - __main__ - INFO -   Loss: 2.4516, Accuracy: 0.0000, Precision: 0.0000, Recall: 0.0000, F1: 0.0000
2026-05-10 18:41:49,493 - __main__ - INFO - Dev Loss: 2.4516
2026-05-10 18:41:49,493 - __main__ - INFO - Dev Accuracy: 0.0000
2026-05-10 18:41:49,493 - __main__ - INFO -   No improvement for 3 epochs
2026-05-10 18:41:51,572 - __main__ - INFO - Saved checkpoint to /scratch/user/s4901673/ircbert_runs/debug_checkpoints/checkpoint_epoch_3.pt
2026-05-10 18:41:51,573 - __main__ - INFO - Epoch 4/5
2026-05-10 18:41:51,573 - __main__ - INFO - --------------------------------------------------------------------------------
2026-05-10 18:41:51,574 - __main__ - INFO - Epoch 4: Peak memory stats reset.
2026-05-10 18:41:51,574 - __main__ - INFO - Starting epoch 4 with 44 batches
2026-05-10 18:41:51,724 - __main__ - INFO -   [Epoch 4 Batch 0 SANITY CHECK]
2026-05-10 18:41:51,724 - __main__ - INFO -     input_ids shape : [4, 13, 128]  (batch x max_C x seq_len)
2026-05-10 18:41:51,724 - __main__ - INFO -     features shape  : [4, 13, 5]
2026-05-10 18:41:51,724 - __main__ - INFO -     labels shape    : [4]
2026-05-10 18:41:51,724 - __main__ - INFO -     Candidate counts per sample: min=12 max=13 mean=12.2
2026-05-10 18:41:51,725 - __main__ - INFO -     Label values: [11, 11, 11, 12]
2026-05-10 18:41:51,725 - __main__ - INFO -     Label distribution (this batch): {11: 3, 12: 1}
2026-05-10 18:41:51,764 - __main__ - INFO -   [Epoch 4 Batch 0 DIAGNOSTIC] C=13 | logits: min=-100.0000 max=7.5040 mean=-0.8274 has_nan=False | labels=[11, 11, 11, 12] max_label=12
2026-05-10 18:41:51,824 - __main__ - INFO -   Batch 0 pre-clip grad norm: 10.077550
2026-05-10 18:41:51,830 - __main__ - INFO -   Batch 0 LR before optimizer.step(): [2.2222222222222223e-05]
2026-05-10 18:41:51,854 - __main__ - INFO -   Batch 0 LR after scheduler.step(): [2.1969696969696972e-05]
2026-05-10 18:41:51,926 - __main__ - INFO -   [Epoch 4 Batch 1 DIAGNOSTIC] C=15 | logits: min=-100.0000 max=8.3465 mean=-15.9443 has_nan=False | labels=[12, 8, 14, 10] max_label=14
2026-05-10 18:41:51,991 - __main__ - INFO -   Batch 1 pre-clip grad norm: 9.330889
2026-05-10 18:41:51,997 - __main__ - INFO -   Batch 1 LR before optimizer.step(): [2.1969696969696972e-05]
2026-05-10 18:41:52,022 - __main__ - INFO -   Batch 1 LR after scheduler.step(): [2.171717171717172e-05]
2026-05-10 18:41:52,051 - __main__ - INFO -   [Epoch 4 Batch 2 DIAGNOSTIC] C=14 | logits: min=-100.0000 max=8.7367 mean=-26.9998 has_nan=False | labels=[13, 8, 9, 5] max_label=13
2026-05-10 18:41:52,115 - __main__ - INFO -   Batch 2 pre-clip grad norm: 25.230515
2026-05-10 18:41:52,119 - __main__ - INFO -   Batch 2 LR before optimizer.step(): [2.171717171717172e-05]
2026-05-10 18:41:52,142 - __main__ - INFO -   Batch 2 LR after scheduler.step(): [2.1464646464646466e-05]
2026-05-10 18:41:52,228 - __main__ - INFO -   Batch 3 pre-clip grad norm: 7.851749
2026-05-10 18:41:52,233 - __main__ - INFO -   Batch 3 LR before optimizer.step(): [2.1464646464646466e-05]
2026-05-10 18:41:52,257 - __main__ - INFO -   Batch 3 LR after scheduler.step(): [2.1212121212121215e-05]
2026-05-10 18:41:52,340 - __main__ - INFO -   Batch 4 pre-clip grad norm: 18.239844
2026-05-10 18:41:52,345 - __main__ - INFO -   Batch 4 LR before optimizer.step(): [2.1212121212121215e-05]
2026-05-10 18:41:52,371 - __main__ - INFO -   Batch 4 LR after scheduler.step(): [2.095959595959596e-05]
2026-05-10 18:41:52,465 - __main__ - INFO -   Batch 5 pre-clip grad norm: 10.492272
2026-05-10 18:41:52,470 - __main__ - INFO -   Batch 5 LR before optimizer.step(): [2.095959595959596e-05]
2026-05-10 18:41:52,495 - __main__ - INFO -   Batch 5 LR after scheduler.step(): [2.070707070707071e-05]
2026-05-10 18:41:52,586 - __main__ - INFO -   Batch 6 pre-clip grad norm: 8.478599
2026-05-10 18:41:52,590 - __main__ - INFO -   Batch 6 LR before optimizer.step(): [2.070707070707071e-05]
2026-05-10 18:41:52,614 - __main__ - INFO -   Batch 6 LR after scheduler.step(): [2.0454545454545457e-05]
2026-05-10 18:41:52,699 - __main__ - INFO -   Batch 7 pre-clip grad norm: 8.886721
2026-05-10 18:41:52,704 - __main__ - INFO -   Batch 7 LR before optimizer.step(): [2.0454545454545457e-05]
2026-05-10 18:41:52,728 - __main__ - INFO -   Batch 7 LR after scheduler.step(): [2.0202020202020203e-05]
2026-05-10 18:41:52,811 - __main__ - INFO -   Batch 8 pre-clip grad norm: 9.656690
2026-05-10 18:41:52,817 - __main__ - INFO -   Batch 8 LR before optimizer.step(): [2.0202020202020203e-05]
2026-05-10 18:41:52,842 - __main__ - INFO -   Batch 8 LR after scheduler.step(): [1.994949494949495e-05]
2026-05-10 18:41:52,935 - __main__ - INFO -   Batch 9 pre-clip grad norm: 6.969658
2026-05-10 18:41:52,941 - __main__ - INFO -   Batch 9 LR before optimizer.step(): [1.994949494949495e-05]
2026-05-10 18:41:52,966 - __main__ - INFO -   Batch 9 LR after scheduler.step(): [1.9696969696969697e-05]
2026-05-10 18:41:52,967 - __main__ - INFO -   Epoch 4 progress: 10/44 batches (7.18 batches/s, avg_loss=2.2519, max_C=14, GPU Mem: 1512/8468MB (max: 7986MB))
2026-05-10 18:41:53,055 - __main__ - INFO -   Batch 10 pre-clip grad norm: 10.814050
2026-05-10 18:41:53,060 - __main__ - INFO -   Batch 10 LR before optimizer.step(): [1.9696969696969697e-05]
2026-05-10 18:41:53,083 - __main__ - INFO -   Batch 10 LR after scheduler.step(): [1.9444444444444445e-05]
2026-05-10 18:41:53,169 - __main__ - INFO -   Batch 11 pre-clip grad norm: 7.658799
2026-05-10 18:41:53,174 - __main__ - INFO -   Batch 11 LR before optimizer.step(): [1.9444444444444445e-05]
2026-05-10 18:41:53,197 - __main__ - INFO -   Batch 11 LR after scheduler.step(): [1.919191919191919e-05]
2026-05-10 18:41:53,280 - __main__ - INFO -   Batch 12 pre-clip grad norm: 8.699752
2026-05-10 18:41:53,286 - __main__ - INFO -   Batch 12 LR before optimizer.step(): [1.919191919191919e-05]
2026-05-10 18:41:53,310 - __main__ - INFO -   Batch 12 LR after scheduler.step(): [1.893939393939394e-05]
2026-05-10 18:41:53,404 - __main__ - INFO -   Batch 13 pre-clip grad norm: 5.931136
2026-05-10 18:41:53,409 - __main__ - INFO -   Batch 13 LR before optimizer.step(): [1.893939393939394e-05]
2026-05-10 18:41:53,436 - __main__ - INFO -   Batch 13 LR after scheduler.step(): [1.8686868686868688e-05]
2026-05-10 18:41:53,527 - __main__ - INFO -   Batch 14 pre-clip grad norm: 6.566699
2026-05-10 18:41:53,532 - __main__ - INFO -   Batch 14 LR before optimizer.step(): [1.8686868686868688e-05]
2026-05-10 18:41:53,555 - __main__ - INFO -   Batch 14 LR after scheduler.step(): [1.8434343434343433e-05]
2026-05-10 18:41:53,641 - __main__ - INFO -   Batch 15 pre-clip grad norm: 7.348840
2026-05-10 18:41:53,645 - __main__ - INFO -   Batch 15 LR before optimizer.step(): [1.8434343434343433e-05]
2026-05-10 18:41:53,669 - __main__ - INFO -   Batch 15 LR after scheduler.step(): [1.8181818181818182e-05]
2026-05-10 18:41:53,755 - __main__ - INFO -   Batch 16 pre-clip grad norm: 7.972184
2026-05-10 18:41:53,760 - __main__ - INFO -   Batch 16 LR before optimizer.step(): [1.8181818181818182e-05]
2026-05-10 18:41:53,784 - __main__ - INFO -   Batch 16 LR after scheduler.step(): [1.7929292929292927e-05]
2026-05-10 18:41:53,878 - __main__ - INFO -   Batch 17 pre-clip grad norm: 7.291791
2026-05-10 18:41:53,884 - __main__ - INFO -   Batch 17 LR before optimizer.step(): [1.7929292929292927e-05]
2026-05-10 18:41:53,909 - __main__ - INFO -   Batch 17 LR after scheduler.step(): [1.7676767676767676e-05]
2026-05-10 18:41:54,003 - __main__ - INFO -   Batch 18 pre-clip grad norm: 7.068644
2026-05-10 18:41:54,007 - __main__ - INFO -   Batch 18 LR before optimizer.step(): [1.7676767676767676e-05]
2026-05-10 18:41:54,030 - __main__ - INFO -   Batch 18 LR after scheduler.step(): [1.7424242424242425e-05]
2026-05-10 18:41:54,116 - __main__ - INFO -   Batch 19 pre-clip grad norm: 8.119704
2026-05-10 18:41:54,120 - __main__ - INFO -   Batch 19 LR before optimizer.step(): [1.7424242424242425e-05]
2026-05-10 18:41:54,143 - __main__ - INFO -   Batch 19 LR after scheduler.step(): [1.7171717171717173e-05]
2026-05-10 18:41:54,144 - __main__ - INFO -   Epoch 4 progress: 20/44 batches (7.78 batches/s, avg_loss=2.3303, max_C=13, GPU Mem: 1505/9050MB (max: 7986MB))
2026-05-10 18:41:54,233 - __main__ - INFO -   Batch 20 pre-clip grad norm: 9.269348
2026-05-10 18:41:54,239 - __main__ - INFO -   Batch 20 LR before optimizer.step(): [1.7171717171717173e-05]
2026-05-10 18:41:54,264 - __main__ - INFO -   Batch 20 LR after scheduler.step(): [1.6919191919191922e-05]
2026-05-10 18:41:54,360 - __main__ - INFO -   Batch 21 pre-clip grad norm: 7.764388
2026-05-10 18:41:54,365 - __main__ - INFO -   Batch 21 LR before optimizer.step(): [1.6919191919191922e-05]
2026-05-10 18:41:54,390 - __main__ - INFO -   Batch 21 LR after scheduler.step(): [1.6666666666666667e-05]
2026-05-10 18:41:54,477 - __main__ - INFO -   Batch 22 pre-clip grad norm: 6.897168
2026-05-10 18:41:54,481 - __main__ - INFO -   Batch 22 LR before optimizer.step(): [1.6666666666666667e-05]
2026-05-10 18:41:54,504 - __main__ - INFO -   Batch 22 LR after scheduler.step(): [1.6414141414141416e-05]
2026-05-10 18:41:54,592 - __main__ - INFO -   Batch 23 pre-clip grad norm: 7.375669
2026-05-10 18:41:54,596 - __main__ - INFO -   Batch 23 LR before optimizer.step(): [1.6414141414141416e-05]
2026-05-10 18:41:54,619 - __main__ - INFO -   Batch 23 LR after scheduler.step(): [1.6161616161616165e-05]
2026-05-10 18:41:54,712 - __main__ - INFO -   Batch 24 pre-clip grad norm: 8.950691
2026-05-10 18:41:54,718 - __main__ - INFO -   Batch 24 LR before optimizer.step(): [1.6161616161616165e-05]
2026-05-10 18:41:54,743 - __main__ - INFO -   Batch 24 LR after scheduler.step(): [1.590909090909091e-05]
2026-05-10 18:41:54,833 - __main__ - INFO -   Batch 25 pre-clip grad norm: 6.681024
2026-05-10 18:41:54,838 - __main__ - INFO -   Batch 25 LR before optimizer.step(): [1.590909090909091e-05]
2026-05-10 18:41:54,863 - __main__ - INFO -   Batch 25 LR after scheduler.step(): [1.565656565656566e-05]
2026-05-10 18:41:54,952 - __main__ - INFO -   Batch 26 pre-clip grad norm: 10.935378
2026-05-10 18:41:54,956 - __main__ - INFO -   Batch 26 LR before optimizer.step(): [1.565656565656566e-05]
2026-05-10 18:41:54,981 - __main__ - INFO -   Batch 26 LR after scheduler.step(): [1.5404040404040404e-05]
2026-05-10 18:41:55,072 - __main__ - INFO -   Batch 27 pre-clip grad norm: 9.338759
2026-05-10 18:41:55,076 - __main__ - INFO -   Batch 27 LR before optimizer.step(): [1.5404040404040404e-05]
2026-05-10 18:41:55,100 - __main__ - INFO -   Batch 27 LR after scheduler.step(): [1.5151515151515153e-05]
2026-05-10 18:41:55,193 - __main__ - INFO -   Batch 28 pre-clip grad norm: 7.977941
2026-05-10 18:41:55,199 - __main__ - INFO -   Batch 28 LR before optimizer.step(): [1.5151515151515153e-05]
2026-05-10 18:41:55,224 - __main__ - INFO -   Batch 28 LR after scheduler.step(): [1.4898989898989898e-05]
2026-05-10 18:41:55,315 - __main__ - INFO -   Batch 29 pre-clip grad norm: 9.092383
2026-05-10 18:41:55,321 - __main__ - INFO -   Batch 29 LR before optimizer.step(): [1.4898989898989898e-05]
2026-05-10 18:41:55,344 - __main__ - INFO -   Batch 29 LR after scheduler.step(): [1.4646464646464647e-05]
2026-05-10 18:41:55,345 - __main__ - INFO -   Epoch 4 progress: 30/44 batches (7.96 batches/s, avg_loss=2.4105, max_C=14, GPU Mem: 1513/9050MB (max: 7986MB))
2026-05-10 18:41:55,436 - __main__ - INFO -   Batch 30 pre-clip grad norm: 8.645286
2026-05-10 18:41:55,442 - __main__ - INFO -   Batch 30 LR before optimizer.step(): [1.4646464646464647e-05]
2026-05-10 18:41:55,466 - __main__ - INFO -   Batch 30 LR after scheduler.step(): [1.4393939393939396e-05]
2026-05-10 18:41:55,552 - __main__ - INFO -   Batch 31 pre-clip grad norm: 6.938549
2026-05-10 18:41:55,558 - __main__ - INFO -   Batch 31 LR before optimizer.step(): [1.4393939393939396e-05]
2026-05-10 18:41:55,583 - __main__ - INFO -   Batch 31 LR after scheduler.step(): [1.4141414141414141e-05]
2026-05-10 18:41:55,674 - __main__ - INFO -   Batch 32 pre-clip grad norm: 5.890743
2026-05-10 18:41:55,679 - __main__ - INFO -   Batch 32 LR before optimizer.step(): [1.4141414141414141e-05]
2026-05-10 18:41:55,704 - __main__ - INFO -   Batch 32 LR after scheduler.step(): [1.388888888888889e-05]
2026-05-10 18:41:55,794 - __main__ - INFO -   Batch 33 pre-clip grad norm: 6.138381
2026-05-10 18:41:55,799 - __main__ - INFO -   Batch 33 LR before optimizer.step(): [1.388888888888889e-05]
2026-05-10 18:41:55,822 - __main__ - INFO -   Batch 33 LR after scheduler.step(): [1.3636363636363637e-05]
2026-05-10 18:41:55,907 - __main__ - INFO -   Batch 34 pre-clip grad norm: 7.311478
2026-05-10 18:41:55,913 - __main__ - INFO -   Batch 34 LR before optimizer.step(): [1.3636363636363637e-05]
2026-05-10 18:41:55,936 - __main__ - INFO -   Batch 34 LR after scheduler.step(): [1.3383838383838385e-05]
2026-05-10 18:41:56,023 - __main__ - INFO -   Batch 35 pre-clip grad norm: 8.323864
2026-05-10 18:41:56,029 - __main__ - INFO -   Batch 35 LR before optimizer.step(): [1.3383838383838385e-05]
2026-05-10 18:41:56,055 - __main__ - INFO -   Batch 35 LR after scheduler.step(): [1.3131313131313134e-05]
2026-05-10 18:41:56,146 - __main__ - INFO -   Batch 36 pre-clip grad norm: 8.237124
2026-05-10 18:41:56,151 - __main__ - INFO -   Batch 36 LR before optimizer.step(): [1.3131313131313134e-05]
2026-05-10 18:41:56,176 - __main__ - INFO -   Batch 36 LR after scheduler.step(): [1.287878787878788e-05]
2026-05-10 18:41:56,267 - __main__ - INFO -   Batch 37 pre-clip grad norm: 6.442808
2026-05-10 18:41:56,272 - __main__ - INFO -   Batch 37 LR before optimizer.step(): [1.287878787878788e-05]
2026-05-10 18:41:56,296 - __main__ - INFO -   Batch 37 LR after scheduler.step(): [1.2626262626262628e-05]
2026-05-10 18:41:56,387 - __main__ - INFO -   Batch 38 pre-clip grad norm: 8.145991
2026-05-10 18:41:56,392 - __main__ - INFO -   Batch 38 LR before optimizer.step(): [1.2626262626262628e-05]
2026-05-10 18:41:56,416 - __main__ - INFO -   Batch 38 LR after scheduler.step(): [1.2373737373737375e-05]
2026-05-10 18:41:56,503 - __main__ - INFO -   Batch 39 pre-clip grad norm: 8.182824
2026-05-10 18:41:56,507 - __main__ - INFO -   Batch 39 LR before optimizer.step(): [1.2373737373737375e-05]
2026-05-10 18:41:56,531 - __main__ - INFO -   Batch 39 LR after scheduler.step(): [1.2121212121212122e-05]
2026-05-10 18:41:56,532 - __main__ - INFO -   Epoch 4 progress: 40/44 batches (8.07 batches/s, avg_loss=2.3994, max_C=13, GPU Mem: 1505/9050MB (max: 7986MB))
2026-05-10 18:41:56,619 - __main__ - INFO -   Batch 40 pre-clip grad norm: 10.905170
2026-05-10 18:41:56,623 - __main__ - INFO -   Batch 40 LR before optimizer.step(): [1.2121212121212122e-05]
2026-05-10 18:41:56,648 - __main__ - INFO -   Batch 40 LR after scheduler.step(): [1.1868686868686869e-05]
2026-05-10 18:41:56,731 - __main__ - INFO -   Batch 41 pre-clip grad norm: 9.780032
2026-05-10 18:41:56,735 - __main__ - INFO -   Batch 41 LR before optimizer.step(): [1.1868686868686869e-05]
2026-05-10 18:41:56,760 - __main__ - INFO -   Batch 41 LR after scheduler.step(): [1.1616161616161616e-05]
2026-05-10 18:41:56,843 - __main__ - INFO -   Batch 42 pre-clip grad norm: 8.240035
2026-05-10 18:41:56,848 - __main__ - INFO -   Batch 42 LR before optimizer.step(): [1.1616161616161616e-05]
2026-05-10 18:41:56,871 - __main__ - INFO -   Batch 42 LR after scheduler.step(): [1.1363636363636365e-05]
2026-05-10 18:41:56,958 - __main__ - INFO -   Batch 43 pre-clip grad norm: 11.595462
2026-05-10 18:41:56,961 - __main__ - INFO -   Batch 43 LR before optimizer.step(): [1.1363636363636365e-05]
2026-05-10 18:41:56,984 - __main__ - INFO -   Batch 43 LR after scheduler.step(): [1.1111111111111112e-05]
2026-05-10 18:41:57,055 - __main__ - INFO - Epoch 4 complete in 5.48s | avg_loss=2.4049 | batches: 44 succeeded, 0 skipped (OOM/NaN)
2026-05-10 18:41:57,058 - __main__ - INFO -   Loss trend: 2.3392 → 2.4049 (+0.0657) ↑ diverging
2026-05-10 18:41:57,058 - __main__ - INFO - Train Loss: 2.4049
2026-05-10 18:41:57,059 - __main__ - INFO - Evaluating on dev set...
2026-05-10 18:41:57,060 - __main__ - INFO - Starting evaluation on 65 samples
2026-05-10 18:41:57,490 - __main__ - INFO -   Evaluation progress: 10/17 batches (23.26 batches/s)
2026-05-10 18:41:57,716 - __main__ - INFO -   Prediction sample (first 20):
2026-05-10 18:41:57,717 - __main__ - INFO -     Predicted: [0, 0, 3, 0, 0, 0, 0, 0, 0, 0, 0, 0, 0, 0, 0, 0, 0, 4, 0, 0]
2026-05-10 18:41:57,717 - __main__ - INFO -     Gold:      [3, 4, 4, 13, 12, 12, 11, 10, 10, 9, 8, 10, 11, 11, 12, 11, 10, 9, 10, 10]
2026-05-10 18:41:57,717 - __main__ - INFO -     Abs error: [3, 4, 1, 13, 12, 12, 11, 10, 10, 9, 8, 10, 11, 11, 12, 11, 10, 5, 10, 10] (mean=9.15)
2026-05-10 18:41:57,717 - __main__ - INFO -   Per-position accuracy (top 10 classes):
2026-05-10 18:41:57,717 - __main__ - INFO -     Position  3: 0.000 accuracy (1 samples)
2026-05-10 18:41:57,717 - __main__ - INFO -     Position  4: 0.000 accuracy (2 samples)
2026-05-10 18:41:57,718 - __main__ - INFO -     Position  7: 0.000 accuracy (1 samples)
2026-05-10 18:41:57,718 - __main__ - INFO -     Position  8: 0.000 accuracy (2 samples)
2026-05-10 18:41:57,718 - __main__ - INFO -     Position  9: 0.000 accuracy (8 samples)
2026-05-10 18:41:57,718 - __main__ - INFO - Evaluation complete in 0.66s
2026-05-10 18:41:57,718 - __main__ - INFO -   Loss: 2.4499, Accuracy: 0.0000, Precision: 0.0000, Recall: 0.0000, F1: 0.0000
2026-05-10 18:41:57,718 - __main__ - INFO - Dev Loss: 2.4499
2026-05-10 18:41:57,718 - __main__ - INFO - Dev Accuracy: 0.0000
2026-05-10 18:41:57,718 - __main__ - INFO -   No improvement for 4 epochs
2026-05-10 18:41:59,803 - __main__ - INFO - Saved checkpoint to /scratch/user/s4901673/ircbert_runs/debug_checkpoints/checkpoint_epoch_4.pt
2026-05-10 18:41:59,803 - __main__ - INFO - Epoch 5/5
2026-05-10 18:41:59,803 - __main__ - INFO - --------------------------------------------------------------------------------
2026-05-10 18:41:59,804 - __main__ - INFO - Epoch 5: Peak memory stats reset.
2026-05-10 18:41:59,804 - __main__ - INFO - Starting epoch 5 with 44 batches
2026-05-10 18:41:59,970 - __main__ - INFO -   [Epoch 5 Batch 0 SANITY CHECK]
2026-05-10 18:41:59,971 - __main__ - INFO -     input_ids shape : [4, 15, 128]  (batch x max_C x seq_len)
2026-05-10 18:41:59,971 - __main__ - INFO -     features shape  : [4, 15, 5]
2026-05-10 18:41:59,971 - __main__ - INFO -     labels shape    : [4]
2026-05-10 18:41:59,972 - __main__ - INFO -     Candidate counts per sample: min=11 max=15 mean=13.0
2026-05-10 18:41:59,972 - __main__ - INFO -     Label values: [13, 11, 10, 14]
2026-05-10 18:41:59,972 - __main__ - INFO -     Label distribution (this batch): {10: 1, 11: 1, 13: 1, 14: 1}
2026-05-10 18:42:00,010 - __main__ - INFO -   [Epoch 5 Batch 0 DIAGNOSTIC] C=15 | logits: min=-100.0000 max=2.9737 mean=-11.5194 has_nan=False | labels=[13, 11, 10, 14] max_label=14
2026-05-10 18:42:00,069 - __main__ - INFO -   Batch 0 pre-clip grad norm: 7.350140
2026-05-10 18:42:00,073 - __main__ - INFO -   Batch 0 LR before optimizer.step(): [1.1111111111111112e-05]
2026-05-10 18:42:00,099 - __main__ - INFO -   Batch 0 LR after scheduler.step(): [1.085858585858586e-05]
2026-05-10 18:42:00,181 - __main__ - INFO -   [Epoch 5 Batch 1 DIAGNOSTIC] C=14 | logits: min=-100.0000 max=2.7161 mean=-14.2855 has_nan=False | labels=[10, 13, 11, 9] max_label=13
2026-05-10 18:42:00,237 - __main__ - INFO -   Batch 1 pre-clip grad norm: 7.691450
2026-05-10 18:42:00,241 - __main__ - INFO -   Batch 1 LR before optimizer.step(): [1.085858585858586e-05]
2026-05-10 18:42:00,263 - __main__ - INFO -   Batch 1 LR after scheduler.step(): [1.0606060606060607e-05]
2026-05-10 18:42:00,288 - __main__ - INFO -   [Epoch 5 Batch 2 DIAGNOSTIC] C=12 | logits: min=-100.0000 max=2.7463 mean=-36.2160 has_nan=False | labels=[2, 8, 5, 11] max_label=11
2026-05-10 18:42:00,341 - __main__ - INFO -   Batch 2 pre-clip grad norm: 6.801316
2026-05-10 18:42:00,344 - __main__ - INFO -   Batch 2 LR before optimizer.step(): [1.0606060606060607e-05]
2026-05-10 18:42:00,367 - __main__ - INFO -   Batch 2 LR after scheduler.step(): [1.0353535353535354e-05]
2026-05-10 18:42:00,450 - __main__ - INFO -   Batch 3 pre-clip grad norm: 6.891937
2026-05-10 18:42:00,453 - __main__ - INFO -   Batch 3 LR before optimizer.step(): [1.0353535353535354e-05]
2026-05-10 18:42:00,476 - __main__ - INFO -   Batch 3 LR after scheduler.step(): [1.0101010101010101e-05]
2026-05-10 18:42:00,554 - __main__ - INFO -   Batch 4 pre-clip grad norm: 6.101491
2026-05-10 18:42:00,559 - __main__ - INFO -   Batch 4 LR before optimizer.step(): [1.0101010101010101e-05]
2026-05-10 18:42:00,584 - __main__ - INFO -   Batch 4 LR after scheduler.step(): [9.848484848484848e-06]
2026-05-10 18:42:00,666 - __main__ - INFO -   Batch 5 pre-clip grad norm: 7.295955
2026-05-10 18:42:00,669 - __main__ - INFO -   Batch 5 LR before optimizer.step(): [9.848484848484848e-06]
2026-05-10 18:42:00,691 - __main__ - INFO -   Batch 5 LR after scheduler.step(): [9.595959595959595e-06]
2026-05-10 18:42:00,772 - __main__ - INFO -   Batch 6 pre-clip grad norm: 5.818418
2026-05-10 18:42:00,775 - __main__ - INFO -   Batch 6 LR before optimizer.step(): [9.595959595959595e-06]
2026-05-10 18:42:00,797 - __main__ - INFO -   Batch 6 LR after scheduler.step(): [9.343434343434344e-06]
2026-05-10 18:42:00,875 - __main__ - INFO -   Batch 7 pre-clip grad norm: 6.944926
2026-05-10 18:42:00,878 - __main__ - INFO -   Batch 7 LR before optimizer.step(): [9.343434343434344e-06]
2026-05-10 18:42:00,902 - __main__ - INFO -   Batch 7 LR after scheduler.step(): [9.090909090909091e-06]
2026-05-10 18:42:00,982 - __main__ - INFO -   Batch 8 pre-clip grad norm: 9.827183
2026-05-10 18:42:00,986 - __main__ - INFO -   Batch 8 LR before optimizer.step(): [9.090909090909091e-06]
2026-05-10 18:42:01,008 - __main__ - INFO -   Batch 8 LR after scheduler.step(): [8.838383838383838e-06]
2026-05-10 18:42:01,086 - __main__ - INFO -   Batch 9 pre-clip grad norm: 11.362917
2026-05-10 18:42:01,090 - __main__ - INFO -   Batch 9 LR before optimizer.step(): [8.838383838383838e-06]
2026-05-10 18:42:01,113 - __main__ - INFO -   Batch 9 LR after scheduler.step(): [8.585858585858587e-06]
2026-05-10 18:42:01,114 - __main__ - INFO -   Epoch 5 progress: 10/44 batches (7.64 batches/s, avg_loss=2.4171, max_C=14, GPU Mem: 1509/9384MB (max: 7983MB))
2026-05-10 18:42:01,193 - __main__ - INFO -   Batch 10 pre-clip grad norm: 7.779050
2026-05-10 18:42:01,196 - __main__ - INFO -   Batch 10 LR before optimizer.step(): [8.585858585858587e-06]
2026-05-10 18:42:01,218 - __main__ - INFO -   Batch 10 LR after scheduler.step(): [8.333333333333334e-06]
2026-05-10 18:42:01,297 - __main__ - INFO -   Batch 11 pre-clip grad norm: 7.198337
2026-05-10 18:42:01,300 - __main__ - INFO -   Batch 11 LR before optimizer.step(): [8.333333333333334e-06]
2026-05-10 18:42:01,323 - __main__ - INFO -   Batch 11 LR after scheduler.step(): [8.080808080808082e-06]
2026-05-10 18:42:01,398 - __main__ - INFO -   Batch 12 pre-clip grad norm: 7.415429
2026-05-10 18:42:01,401 - __main__ - INFO -   Batch 12 LR before optimizer.step(): [8.080808080808082e-06]
2026-05-10 18:42:01,424 - __main__ - INFO -   Batch 12 LR after scheduler.step(): [7.82828282828283e-06]
2026-05-10 18:42:01,508 - __main__ - INFO -   Batch 13 pre-clip grad norm: 7.925676
2026-05-10 18:42:01,511 - __main__ - INFO -   Batch 13 LR before optimizer.step(): [7.82828282828283e-06]
2026-05-10 18:42:01,533 - __main__ - INFO -   Batch 13 LR after scheduler.step(): [7.5757575757575764e-06]
2026-05-10 18:42:01,611 - __main__ - INFO -   Batch 14 pre-clip grad norm: 7.809137
2026-05-10 18:42:01,614 - __main__ - INFO -   Batch 14 LR before optimizer.step(): [7.5757575757575764e-06]
2026-05-10 18:42:01,640 - __main__ - INFO -   Batch 14 LR after scheduler.step(): [7.3232323232323234e-06]
2026-05-10 18:42:01,719 - __main__ - INFO -   Batch 15 pre-clip grad norm: 6.704500
2026-05-10 18:42:01,722 - __main__ - INFO -   Batch 15 LR before optimizer.step(): [7.3232323232323234e-06]
2026-05-10 18:42:01,745 - __main__ - INFO -   Batch 15 LR after scheduler.step(): [7.0707070707070704e-06]
2026-05-10 18:42:01,824 - __main__ - INFO -   Batch 16 pre-clip grad norm: 7.621921
2026-05-10 18:42:01,828 - __main__ - INFO -   Batch 16 LR before optimizer.step(): [7.0707070707070704e-06]
2026-05-10 18:42:01,850 - __main__ - INFO -   Batch 16 LR after scheduler.step(): [6.818181818181818e-06]
2026-05-10 18:42:01,930 - __main__ - INFO -   Batch 17 pre-clip grad norm: 7.841780
2026-05-10 18:42:01,933 - __main__ - INFO -   Batch 17 LR before optimizer.step(): [6.818181818181818e-06]
2026-05-10 18:42:01,955 - __main__ - INFO -   Batch 17 LR after scheduler.step(): [6.565656565656567e-06]
2026-05-10 18:42:02,034 - __main__ - INFO -   Batch 18 pre-clip grad norm: 5.656196
2026-05-10 18:42:02,037 - __main__ - INFO -   Batch 18 LR before optimizer.step(): [6.565656565656567e-06]
2026-05-10 18:42:02,060 - __main__ - INFO -   Batch 18 LR after scheduler.step(): [6.313131313131314e-06]
2026-05-10 18:42:02,137 - __main__ - INFO -   Batch 19 pre-clip grad norm: 7.215247
2026-05-10 18:42:02,140 - __main__ - INFO -   Batch 19 LR before optimizer.step(): [6.313131313131314e-06]
2026-05-10 18:42:02,163 - __main__ - INFO -   Batch 19 LR after scheduler.step(): [6.060606060606061e-06]
2026-05-10 18:42:02,164 - __main__ - INFO -   Epoch 5 progress: 20/44 batches (8.48 batches/s, avg_loss=2.3911, max_C=12, GPU Mem: 1509/9384MB (max: 7983MB))
2026-05-10 18:42:02,248 - __main__ - INFO -   Batch 20 pre-clip grad norm: 6.869634
2026-05-10 18:42:02,252 - __main__ - INFO -   Batch 20 LR before optimizer.step(): [6.060606060606061e-06]
2026-05-10 18:42:02,275 - __main__ - INFO -   Batch 20 LR after scheduler.step(): [5.808080808080808e-06]
2026-05-10 18:42:02,352 - __main__ - INFO -   Batch 21 pre-clip grad norm: 8.320150
2026-05-10 18:42:02,355 - __main__ - INFO -   Batch 21 LR before optimizer.step(): [5.808080808080808e-06]
2026-05-10 18:42:02,377 - __main__ - INFO -   Batch 21 LR after scheduler.step(): [5.555555555555556e-06]
2026-05-10 18:42:02,464 - __main__ - INFO -   Batch 22 pre-clip grad norm: 6.481698
2026-05-10 18:42:02,467 - __main__ - INFO -   Batch 22 LR before optimizer.step(): [5.555555555555556e-06]
2026-05-10 18:42:02,489 - __main__ - INFO -   Batch 22 LR after scheduler.step(): [5.303030303030304e-06]
2026-05-10 18:42:02,562 - __main__ - INFO -   Batch 23 pre-clip grad norm: 8.305902
2026-05-10 18:42:02,565 - __main__ - INFO -   Batch 23 LR before optimizer.step(): [5.303030303030304e-06]
2026-05-10 18:42:02,587 - __main__ - INFO -   Batch 23 LR after scheduler.step(): [5.050505050505051e-06]
2026-05-10 18:42:02,662 - __main__ - INFO -   Batch 24 pre-clip grad norm: 7.159046
2026-05-10 18:42:02,665 - __main__ - INFO -   Batch 24 LR before optimizer.step(): [5.050505050505051e-06]
2026-05-10 18:42:02,687 - __main__ - INFO -   Batch 24 LR after scheduler.step(): [4.797979797979798e-06]
2026-05-10 18:42:02,764 - __main__ - INFO -   Batch 25 pre-clip grad norm: 7.226280
2026-05-10 18:42:02,767 - __main__ - INFO -   Batch 25 LR before optimizer.step(): [4.797979797979798e-06]
2026-05-10 18:42:02,790 - __main__ - INFO -   Batch 25 LR after scheduler.step(): [4.5454545454545455e-06]
2026-05-10 18:42:02,866 - __main__ - INFO -   Batch 26 pre-clip grad norm: 7.861315
2026-05-10 18:42:02,869 - __main__ - INFO -   Batch 26 LR before optimizer.step(): [4.5454545454545455e-06]
2026-05-10 18:42:02,892 - __main__ - INFO -   Batch 26 LR after scheduler.step(): [4.292929292929293e-06]
2026-05-10 18:42:02,968 - __main__ - INFO -   Batch 27 pre-clip grad norm: 7.497313
2026-05-10 18:42:02,972 - __main__ - INFO -   Batch 27 LR before optimizer.step(): [4.292929292929293e-06]
2026-05-10 18:42:02,994 - __main__ - INFO -   Batch 27 LR after scheduler.step(): [4.040404040404041e-06]
2026-05-10 18:42:03,073 - __main__ - INFO -   Batch 28 pre-clip grad norm: 9.204104
2026-05-10 18:42:03,076 - __main__ - INFO -   Batch 28 LR before optimizer.step(): [4.040404040404041e-06]
2026-05-10 18:42:03,098 - __main__ - INFO -   Batch 28 LR after scheduler.step(): [3.7878787878787882e-06]
2026-05-10 18:42:03,176 - __main__ - INFO -   Batch 29 pre-clip grad norm: 10.391717
2026-05-10 18:42:03,181 - __main__ - INFO -   Batch 29 LR before optimizer.step(): [3.7878787878787882e-06]
2026-05-10 18:42:03,204 - __main__ - INFO -   Batch 29 LR after scheduler.step(): [3.5353535353535352e-06]
2026-05-10 18:42:03,204 - __main__ - INFO -   Epoch 5 progress: 30/44 batches (8.83 batches/s, avg_loss=2.3831, max_C=13, GPU Mem: 1506/11556MB (max: 7983MB))
2026-05-10 18:42:03,286 - __main__ - INFO -   Batch 30 pre-clip grad norm: 8.039112
2026-05-10 18:42:03,289 - __main__ - INFO -   Batch 30 LR before optimizer.step(): [3.5353535353535352e-06]
2026-05-10 18:42:03,311 - __main__ - INFO -   Batch 30 LR after scheduler.step(): [3.2828282828282835e-06]
2026-05-10 18:42:03,388 - __main__ - INFO -   Batch 31 pre-clip grad norm: 6.407764
2026-05-10 18:42:03,392 - __main__ - INFO -   Batch 31 LR before optimizer.step(): [3.2828282828282835e-06]
2026-05-10 18:42:03,416 - __main__ - INFO -   Batch 31 LR after scheduler.step(): [3.0303030303030305e-06]
2026-05-10 18:42:03,493 - __main__ - INFO -   Batch 32 pre-clip grad norm: 6.665588
2026-05-10 18:42:03,496 - __main__ - INFO -   Batch 32 LR before optimizer.step(): [3.0303030303030305e-06]
2026-05-10 18:42:03,519 - __main__ - INFO -   Batch 32 LR after scheduler.step(): [2.777777777777778e-06]
2026-05-10 18:42:03,601 - __main__ - INFO -   Batch 33 pre-clip grad norm: 7.806568
2026-05-10 18:42:03,604 - __main__ - INFO -   Batch 33 LR before optimizer.step(): [2.777777777777778e-06]
2026-05-10 18:42:03,627 - __main__ - INFO -   Batch 33 LR after scheduler.step(): [2.5252525252525253e-06]
2026-05-10 18:42:03,703 - __main__ - INFO -   Batch 34 pre-clip grad norm: 6.927427
2026-05-10 18:42:03,706 - __main__ - INFO -   Batch 34 LR before optimizer.step(): [2.5252525252525253e-06]
2026-05-10 18:42:03,729 - __main__ - INFO -   Batch 34 LR after scheduler.step(): [2.2727272727272728e-06]
2026-05-10 18:42:03,804 - __main__ - INFO -   Batch 35 pre-clip grad norm: 9.173638
2026-05-10 18:42:03,808 - __main__ - INFO -   Batch 35 LR before optimizer.step(): [2.2727272727272728e-06]
2026-05-10 18:42:03,830 - __main__ - INFO -   Batch 35 LR after scheduler.step(): [2.0202020202020206e-06]
2026-05-10 18:42:03,912 - __main__ - INFO -   Batch 36 pre-clip grad norm: 7.429643
2026-05-10 18:42:03,915 - __main__ - INFO -   Batch 36 LR before optimizer.step(): [2.0202020202020206e-06]
2026-05-10 18:42:03,939 - __main__ - INFO -   Batch 36 LR after scheduler.step(): [1.7676767676767676e-06]
2026-05-10 18:42:04,022 - __main__ - INFO -   Batch 37 pre-clip grad norm: 7.062247
2026-05-10 18:42:04,025 - __main__ - INFO -   Batch 37 LR before optimizer.step(): [1.7676767676767676e-06]
2026-05-10 18:42:04,047 - __main__ - INFO -   Batch 37 LR after scheduler.step(): [1.5151515151515152e-06]
2026-05-10 18:42:04,129 - __main__ - INFO -   Batch 38 pre-clip grad norm: 7.342268
2026-05-10 18:42:04,132 - __main__ - INFO -   Batch 38 LR before optimizer.step(): [1.5151515151515152e-06]
2026-05-10 18:42:04,155 - __main__ - INFO -   Batch 38 LR after scheduler.step(): [1.2626262626262627e-06]
2026-05-10 18:42:04,231 - __main__ - INFO -   Batch 39 pre-clip grad norm: 6.982826
2026-05-10 18:42:04,234 - __main__ - INFO -   Batch 39 LR before optimizer.step(): [1.2626262626262627e-06]
2026-05-10 18:42:04,256 - __main__ - INFO -   Batch 39 LR after scheduler.step(): [1.0101010101010103e-06]
2026-05-10 18:42:04,257 - __main__ - INFO -   Epoch 5 progress: 40/44 batches (8.98 batches/s, avg_loss=2.3736, max_C=13, GPU Mem: 1503/11556MB (max: 7983MB))
2026-05-10 18:42:04,333 - __main__ - INFO -   Batch 40 pre-clip grad norm: 7.684738
2026-05-10 18:42:04,336 - __main__ - INFO -   Batch 40 LR before optimizer.step(): [1.0101010101010103e-06]
2026-05-10 18:42:04,358 - __main__ - INFO -   Batch 40 LR after scheduler.step(): [7.575757575757576e-07]
2026-05-10 18:42:04,431 - __main__ - INFO -   Batch 41 pre-clip grad norm: 8.070796
2026-05-10 18:42:04,434 - __main__ - INFO -   Batch 41 LR before optimizer.step(): [7.575757575757576e-07]
2026-05-10 18:42:04,456 - __main__ - INFO -   Batch 41 LR after scheduler.step(): [5.050505050505052e-07]
2026-05-10 18:42:04,530 - __main__ - INFO -   Batch 42 pre-clip grad norm: 12.303007
2026-05-10 18:42:04,533 - __main__ - INFO -   Batch 42 LR before optimizer.step(): [5.050505050505052e-07]
2026-05-10 18:42:04,556 - __main__ - INFO -   Batch 42 LR after scheduler.step(): [2.525252525252526e-07]
2026-05-10 18:42:04,629 - __main__ - INFO -   Batch 43 pre-clip grad norm: 10.762783
2026-05-10 18:42:04,632 - __main__ - INFO -   Batch 43 LR before optimizer.step(): [2.525252525252526e-07]
2026-05-10 18:42:04,654 - __main__ - INFO -   Batch 43 LR after scheduler.step(): [0.0]
2026-05-10 18:42:04,718 - __main__ - INFO - Epoch 5 complete in 4.91s | avg_loss=2.3744 | batches: 44 succeeded, 0 skipped (OOM/NaN)
2026-05-10 18:42:04,720 - __main__ - INFO -   Loss trend: 2.4049 → 2.3744 (-0.0304) ↓ improving
2026-05-10 18:42:04,720 - __main__ - INFO - Train Loss: 2.3744
2026-05-10 18:42:04,720 - __main__ - INFO - Evaluating on dev set...
2026-05-10 18:42:04,721 - __main__ - INFO - Starting evaluation on 65 samples
2026-05-10 18:42:05,141 - __main__ - INFO -   Evaluation progress: 10/17 batches (23.83 batches/s)
2026-05-10 18:42:05,362 - __main__ - INFO -   Prediction sample (first 20):
2026-05-10 18:42:05,362 - __main__ - INFO -     Predicted: [0, 0, 3, 0, 0, 0, 0, 0, 0, 0, 0, 0, 0, 0, 0, 0, 0, 4, 0, 0]
2026-05-10 18:42:05,363 - __main__ - INFO -     Gold:      [3, 4, 4, 13, 12, 12, 11, 10, 10, 9, 8, 10, 11, 11, 12, 11, 10, 9, 10, 10]
2026-05-10 18:42:05,363 - __main__ - INFO -     Abs error: [3, 4, 1, 13, 12, 12, 11, 10, 10, 9, 8, 10, 11, 11, 12, 11, 10, 5, 10, 10] (mean=9.15)
2026-05-10 18:42:05,363 - __main__ - INFO -   Per-position accuracy (top 10 classes):
2026-05-10 18:42:05,363 - __main__ - INFO -     Position  3: 0.000 accuracy (1 samples)
2026-05-10 18:42:05,363 - __main__ - INFO -     Position  4: 0.000 accuracy (2 samples)
2026-05-10 18:42:05,363 - __main__ - INFO -     Position  7: 0.000 accuracy (1 samples)
2026-05-10 18:42:05,364 - __main__ - INFO -     Position  8: 0.000 accuracy (2 samples)
2026-05-10 18:42:05,364 - __main__ - INFO -     Position  9: 0.000 accuracy (8 samples)
2026-05-10 18:42:05,364 - __main__ - INFO - Evaluation complete in 0.64s
2026-05-10 18:42:05,364 - __main__ - INFO -   Loss: 2.4493, Accuracy: 0.0000, Precision: 0.0000, Recall: 0.0000, F1: 0.0000
2026-05-10 18:42:05,364 - __main__ - INFO - Dev Loss: 2.4493
2026-05-10 18:42:05,364 - __main__ - INFO - Dev Accuracy: 0.0000
2026-05-10 18:42:05,364 - __main__ - INFO -   No improvement for 5 epochs
2026-05-10 18:42:07,137 - __main__ - INFO - Saved checkpoint to /scratch/user/s4901673/ircbert_runs/debug_checkpoints/checkpoint_epoch_5.pt
2026-05-10 18:42:07,138 - __main__ - INFO - Training complete in 41.17s!
2026-05-10 18:42:07,138 - __main__ - INFO - Best F1: 0.0000 at epoch 0
2026-05-10 18:42:07,138 - __main__ - INFO - ================================================================================
2026-05-10 18:42:07,138 - __main__ - INFO - Done!
2026-05-10 18:42:07,138 - __main__ - INFO - ================================================================================
2026-05-10 18:42:07,138 - __main__ - INFO - Log file: /home/s4901673/workspace/irc-disentanglement-bert-pytorch/logs/train_20260510_184120.log
