2026-05-18 19:28:36,246 - __main__ - INFO - Using device: cuda
2026-05-18 19:28:36,519 - httpx - INFO - HTTP Request: HEAD https://huggingface.co/microsoft/deberta-v3-base/resolve/main/config.json "HTTP/1.1 307 Temporary Redirect"
2026-05-18 19:28:36,520 - huggingface_hub.utils._http - WARNING - Warning: You are sending unauthenticated requests to the HF Hub. Please set a HF_TOKEN to enable higher rate limits and faster downloads.
2026-05-18 19:28:36,526 - httpx - INFO - HTTP Request: HEAD https://huggingface.co/api/resolve-cache/models/microsoft/deberta-v3-base/8ccc9b6f36199bec6961081d44eb72fb3f7353f3/config.json "HTTP/1.1 200 OK"
2026-05-18 19:28:36,765 - httpx - INFO - HTTP Request: HEAD https://huggingface.co/microsoft/deberta-v3-base/resolve/main/tokenizer_config.json "HTTP/1.1 307 Temporary Redirect"
2026-05-18 19:28:36,771 - httpx - INFO - HTTP Request: HEAD https://huggingface.co/api/resolve-cache/models/microsoft/deberta-v3-base/8ccc9b6f36199bec6961081d44eb72fb3f7353f3/tokenizer_config.json "HTTP/1.1 200 OK"
2026-05-18 19:28:37,001 - httpx - INFO - HTTP Request: GET https://huggingface.co/api/models/microsoft/deberta-v3-base/tree/main/additional_chat_templates?recursive=false&expand=false "HTTP/1.1 404 Not Found"
2026-05-18 19:28:37,230 - httpx - INFO - HTTP Request: GET https://huggingface.co/api/models/microsoft/deberta-v3-base/tree/main?recursive=true&expand=false "HTTP/1.1 200 OK"
2026-05-18 19:28:37,703 - httpx - INFO - HTTP Request: GET https://huggingface.co/api/models/microsoft/deberta-v3-base "HTTP/1.1 200 OK"
2026-05-18 19:28:37,705 - __main__ - INFO - Loaded tokenizer: DebertaV2Tokenizer
2026-05-18 19:28:37,705 - __main__ - INFO - Loading checkpoint from /scratch/user/s4901673/ircbert_runs/checkpoints_maxdist50/checkpoint_epoch_10.pt
2026-05-18 19:28:38,357 - httpx - INFO - HTTP Request: HEAD https://huggingface.co/microsoft/deberta-v3-base/resolve/main/config.json "HTTP/1.1 307 Temporary Redirect"
2026-05-18 19:28:38,363 - httpx - INFO - HTTP Request: HEAD https://huggingface.co/api/resolve-cache/models/microsoft/deberta-v3-base/8ccc9b6f36199bec6961081d44eb72fb3f7353f3/config.json "HTTP/1.1 200 OK"
2026-05-18 19:28:39,002 - httpx - INFO - HTTP Request: HEAD https://huggingface.co/microsoft/deberta-v3-base/resolve/main/model.safetensors "HTTP/1.1 404 Not Found"
2026-05-18 19:28:39,245 - httpx - INFO - HTTP Request: GET https://huggingface.co/api/models/microsoft/deberta-v3-base "HTTP/1.1 200 OK"
2026-05-18 19:28:39,487 - httpx - INFO - HTTP Request: GET https://huggingface.co/api/models/microsoft/deberta-v3-base/commits/main "HTTP/1.1 200 OK"
2026-05-18 19:28:39,752 - httpx - INFO - HTTP Request: GET https://huggingface.co/api/models/microsoft/deberta-v3-base/discussions?p=0 "HTTP/1.1 200 OK"
2026-05-18 19:28:40,010 - httpx - INFO - HTTP Request: GET https://huggingface.co/api/models/microsoft/deberta-v3-base/commits/refs%2Fpr%2F14 "HTTP/1.1 200 OK"
2026-05-18 19:28:40,246 - httpx - INFO - HTTP Request: HEAD https://huggingface.co/microsoft/deberta-v3-base/resolve/refs%2Fpr%2F14/model.safetensors.index.json "HTTP/1.1 404 Not Found"
2026-05-18 19:28:40,477 - httpx - INFO - HTTP Request: HEAD https://huggingface.co/microsoft/deberta-v3-base/resolve/refs%2Fpr%2F14/model.safetensors "HTTP/1.1 302 Found"
2026-05-18 19:28:40,527 - httpx - INFO - HTTP Request: HEAD https://huggingface.co/microsoft/deberta-v3-base/resolve/main/config.json "HTTP/1.1 307 Temporary Redirect"
2026-05-18 19:28:40,534 - httpx - INFO - HTTP Request: HEAD https://huggingface.co/api/resolve-cache/models/microsoft/deberta-v3-base/8ccc9b6f36199bec6961081d44eb72fb3f7353f3/config.json "HTTP/1.1 200 OK"
2026-05-18 19:28:41,266 - __main__ - INFO - Loaded checkpoint from epoch 10 (model=microsoft/deberta-v3-base)
2026-05-18 19:28:41,267 - __main__ - INFO - Loading dev dataset...
2026-05-18 19:28:41,270 - data_loader - INFO - Initializing IRCDisentanglementDataset with 10 files
2026-05-18 19:28:41,270 - data_loader - INFO -   max_dist=50, max_length=128, skip_labels=False
2026-05-18 19:28:41,271 - data_loader - INFO -   test_start=0, test_end=1000000000
2026-05-18 19:28:41,272 - data_loader - INFO - Loading conversation from /home/s4901673/workspace/irc-disentanglement-bert-pytorch/data/dev/2004-11-15_03.ascii.txt
2026-05-18 19:28:41,273 - data_loader - INFO -   Read 1250 lines from ASCII file
2026-05-18 19:28:41,276 - data_loader - INFO -   Parsed 1250 messages, found 76 unique users
2026-05-18 19:28:41,397 - data_loader - INFO -   Loaded 189 gold links from annotation file
2026-05-18 19:28:41,397 - data_loader - INFO -   Conversation '2004-11-15_03' loaded in 0.13s
2026-05-18 19:28:41,397 - data_loader - INFO -   Creating samples for 2004-11-15_03: all 1250 messages
2026-05-18 19:28:41,406 - data_loader - INFO -   Created 0 samples for 2004-11-15_03
2026-05-18 19:28:41,406 - data_loader - INFO -   File 1/10: 2004-11-15_03 - 1250 messages, 0 total samples so far
2026-05-18 19:28:41,406 - data_loader - INFO - Loading conversation from /home/s4901673/workspace/irc-disentanglement-bert-pytorch/data/dev/2005-06-27_12.ascii.txt
2026-05-18 19:28:41,407 - data_loader - INFO -   Read 1250 lines from ASCII file
2026-05-18 19:28:41,548 - data_loader - INFO -   Parsed 1250 messages, found 77 unique users
2026-05-18 19:28:41,669 - data_loader - INFO -   Loaded 182 gold links from annotation file
2026-05-18 19:28:41,669 - data_loader - INFO -   Conversation '2005-06-27_12' loaded in 0.26s
2026-05-18 19:28:41,669 - data_loader - INFO -   Creating samples for 2005-06-27_12: all 1250 messages
2026-05-18 19:28:41,677 - data_loader - INFO -   Created 0 samples for 2005-06-27_12
2026-05-18 19:28:41,678 - data_loader - INFO -   File 2/10: 2005-06-27_12 - 1250 messages, 0 total samples so far
2026-05-18 19:28:41,678 - data_loader - INFO - Loading conversation from /home/s4901673/workspace/irc-disentanglement-bert-pytorch/data/dev/2005-08-08_01.ascii.txt
2026-05-18 19:28:41,679 - data_loader - INFO -   Read 1250 lines from ASCII file
2026-05-18 19:28:41,682 - data_loader - INFO -   Parsed 1250 messages, found 95 unique users
2026-05-18 19:28:41,835 - data_loader - INFO -   Loaded 186 gold links from annotation file
2026-05-18 19:28:41,835 - data_loader - INFO -   Conversation '2005-08-08_01' loaded in 0.16s
2026-05-18 19:28:41,835 - data_loader - INFO -   Creating samples for 2005-08-08_01: all 1250 messages
2026-05-18 19:28:41,843 - data_loader - INFO -   Created 0 samples for 2005-08-08_01
2026-05-18 19:28:41,843 - data_loader - INFO -   File 3/10: 2005-08-08_01 - 1250 messages, 0 total samples so far
2026-05-18 19:28:41,843 - data_loader - INFO - Loading conversation from /home/s4901673/workspace/irc-disentanglement-bert-pytorch/data/dev/2008-12-11_11.ascii.txt
2026-05-18 19:28:41,844 - data_loader - INFO -   Read 1250 lines from ASCII file
2026-05-18 19:28:41,848 - data_loader - INFO -   Parsed 1250 messages, found 142 unique users
2026-05-18 19:28:42,139 - data_loader - INFO -   Loaded 172 gold links from annotation file
2026-05-18 19:28:42,139 - data_loader - INFO -   Conversation '2008-12-11_11' loaded in 0.30s
2026-05-18 19:28:42,139 - data_loader - INFO -   Creating samples for 2008-12-11_11: all 1250 messages
2026-05-18 19:28:42,148 - data_loader - INFO -   Created 0 samples for 2008-12-11_11
2026-05-18 19:28:42,148 - data_loader - INFO -   File 4/10: 2008-12-11_11 - 1250 messages, 0 total samples so far
2026-05-18 19:28:42,148 - data_loader - INFO - Loading conversation from /home/s4901673/workspace/irc-disentanglement-bert-pytorch/data/dev/2009-02-23_10.ascii.txt
2026-05-18 19:28:42,149 - data_loader - INFO -   Read 1250 lines from ASCII file
2026-05-18 19:28:42,153 - data_loader - INFO -   Parsed 1250 messages, found 111 unique users
2026-05-18 19:28:42,377 - data_loader - INFO -   Loaded 186 gold links from annotation file
2026-05-18 19:28:42,378 - data_loader - INFO -   Conversation '2009-02-23_10' loaded in 0.23s
2026-05-18 19:28:42,378 - data_loader - INFO -   Creating samples for 2009-02-23_10: all 1250 messages
2026-05-18 19:28:42,387 - data_loader - INFO -   Created 0 samples for 2009-02-23_10
2026-05-18 19:28:42,387 - data_loader - INFO -   File 5/10: 2009-02-23_10 - 1250 messages, 0 total samples so far
2026-05-18 19:28:42,387 - data_loader - INFO - Loading conversation from /home/s4901673/workspace/irc-disentanglement-bert-pytorch/data/dev/2009-03-03_10.ascii.txt
2026-05-18 19:28:42,388 - data_loader - INFO -   Read 1250 lines from ASCII file
2026-05-18 19:28:42,391 - data_loader - INFO -   Parsed 1250 messages, found 134 unique users
2026-05-18 19:28:42,658 - data_loader - INFO -   Loaded 188 gold links from annotation file
2026-05-18 19:28:42,659 - data_loader - INFO -   Conversation '2009-03-03_10' loaded in 0.27s
2026-05-18 19:28:42,659 - data_loader - INFO -   Creating samples for 2009-03-03_10: all 1250 messages
2026-05-18 19:28:42,668 - data_loader - INFO -   Created 0 samples for 2009-03-03_10
2026-05-18 19:28:42,668 - data_loader - INFO -   File 6/10: 2009-03-03_10 - 1250 messages, 0 total samples so far
2026-05-18 19:28:42,668 - data_loader - INFO - Loading conversation from /home/s4901673/workspace/irc-disentanglement-bert-pytorch/data/dev/2009-10-01_17.ascii.txt
2026-05-18 19:28:42,669 - data_loader - INFO -   Read 1250 lines from ASCII file
2026-05-18 19:28:42,673 - data_loader - INFO -   Parsed 1250 messages, found 166 unique users
2026-05-18 19:28:43,013 - data_loader - INFO -   Loaded 171 gold links from annotation file
2026-05-18 19:28:43,013 - data_loader - INFO -   Conversation '2009-10-01_17' loaded in 0.34s
2026-05-18 19:28:43,013 - data_loader - INFO -   Creating samples for 2009-10-01_17: all 1250 messages
2026-05-18 19:28:43,022 - data_loader - INFO -   Created 0 samples for 2009-10-01_17
2026-05-18 19:28:43,022 - data_loader - INFO -   File 7/10: 2009-10-01_17 - 1250 messages, 0 total samples so far
2026-05-18 19:28:43,022 - data_loader - INFO - Loading conversation from /home/s4901673/workspace/irc-disentanglement-bert-pytorch/data/dev/2011-05-29_19.ascii.txt
2026-05-18 19:28:43,023 - data_loader - INFO -   Read 1250 lines from ASCII file
2026-05-18 19:28:43,026 - data_loader - INFO -   Parsed 1250 messages, found 152 unique users
2026-05-18 19:28:43,340 - data_loader - INFO -   Loaded 181 gold links from annotation file
2026-05-18 19:28:43,340 - data_loader - INFO -   Conversation '2011-05-29_19' loaded in 0.32s
2026-05-18 19:28:43,340 - data_loader - INFO -   Creating samples for 2011-05-29_19: all 1250 messages
2026-05-18 19:28:43,349 - data_loader - INFO -   Created 0 samples for 2011-05-29_19
2026-05-18 19:28:43,349 - data_loader - INFO -   File 8/10: 2011-05-29_19 - 1250 messages, 0 total samples so far
2026-05-18 19:28:43,349 - data_loader - INFO - Loading conversation from /home/s4901673/workspace/irc-disentanglement-bert-pytorch/data/dev/2011-11-13_02.ascii.txt
2026-05-18 19:28:43,350 - data_loader - INFO -   Read 1250 lines from ASCII file
2026-05-18 19:28:43,354 - data_loader - INFO -   Parsed 1250 messages, found 164 unique users
2026-05-18 19:28:43,691 - data_loader - INFO -   Loaded 165 gold links from annotation file
2026-05-18 19:28:43,692 - data_loader - INFO -   Conversation '2011-11-13_02' loaded in 0.34s
2026-05-18 19:28:43,692 - data_loader - INFO -   Creating samples for 2011-11-13_02: all 1250 messages
2026-05-18 19:28:43,700 - data_loader - INFO -   Created 0 samples for 2011-11-13_02
2026-05-18 19:28:43,701 - data_loader - INFO -   File 9/10: 2011-11-13_02 - 1250 messages, 0 total samples so far
2026-05-18 19:28:43,701 - data_loader - INFO - Loading conversation from /home/s4901673/workspace/irc-disentanglement-bert-pytorch/data/dev/2016-12-19_20.ascii.txt
2026-05-18 19:28:43,702 - data_loader - INFO -   Read 1250 lines from ASCII file
2026-05-18 19:28:43,705 - data_loader - INFO -   Parsed 1250 messages, found 165 unique users
2026-05-18 19:28:44,049 - data_loader - INFO -   Loaded 176 gold links from annotation file
2026-05-18 19:28:44,049 - data_loader - INFO -   Conversation '2016-12-19_20' loaded in 0.35s
2026-05-18 19:28:44,049 - data_loader - INFO -   Creating samples for 2016-12-19_20: all 1250 messages
2026-05-18 19:28:44,058 - data_loader - INFO -   Created 0 samples for 2016-12-19_20
2026-05-18 19:28:44,058 - data_loader - INFO -   File 10/10: 2016-12-19_20 - 1250 messages, 0 total samples so far
2026-05-18 19:28:44,059 - data_loader - INFO - Dataset initialization complete: 0 samples from 10 conversations in 2.79s
2026-05-18 19:28:44,059 - __main__ - INFO - dev dataset: 0 samples
2026-05-18 19:28:44,059 - __main__ - INFO - === Pairwise Metrics (Per-Message Accuracy) ===
2026-05-18 19:28:44,060 - train - INFO - Starting evaluation on 0 samples
2026-05-18 19:28:44,219 - train - INFO -   COVERAGE: 0/12500 messages have predictions (0.0%)
2026-05-18 19:28:44,219 - train - INFO -     (Messages without predictions: gold parent is outside max_dist window)
2026-05-18 19:28:44,219 - train - INFO - Evaluation complete in 0.16s
2026-05-18 19:28:44,219 - train - INFO -   Loss: 0.0000, Accuracy: 0.0000, Precision: 0.0000, Recall: 0.0000, F1: 0.0000
2026-05-18 19:28:44,219 - __main__ - INFO - ================================================================================
2026-05-18 19:28:44,219 - __main__ - INFO - Evaluation Results (Multiclass Mode)
2026-05-18 19:28:44,219 - __main__ - INFO - ================================================================================
2026-05-18 19:28:44,219 - __main__ - INFO - Loss: 0.0000
2026-05-18 19:28:44,219 - __main__ - INFO - Accuracy: 0.0000
2026-05-18 19:28:44,219 - __main__ - INFO - Precision: 0.0000
2026-05-18 19:28:44,219 - __main__ - INFO - Recall: 0.0000
2026-05-18 19:28:44,219 - __main__ - INFO - F1: 0.0000
2026-05-18 19:28:44,220 - __main__ - INFO - Predicted position distribution (top 10):
2026-05-18 19:28:44,220 - __main__ - INFO - ================================================================================
2026-05-18 19:28:44,220 - __main__ - INFO - === Clustering Metrics (VI / ARI) ===
2026-05-18 19:28:44,222 - __main__ - INFO -   Loaded 494 clusters across 10 conversations
2026-05-18 19:28:44,222 - __main__ - INFO -   Per-conversation clustering metrics (0 conversations, avg coverage=0.0%):
2026-05-18 19:28:44,222 - __main__ - INFO - ================================================================================
2026-05-18 19:28:44,222 - __main__ - INFO - Clustering Evaluation Results
2026-05-18 19:28:44,222 - __main__ - INFO - ================================================================================
2026-05-18 19:28:44,222 - __main__ - INFO - ARI (Adjusted Rand Index): 0.0000
2026-05-18 19:28:44,222 - __main__ - INFO - VI  (Variation of Information): 0.0000
2026-05-18 19:28:44,222 - __main__ - INFO - Conversations evaluated: 0
2026-05-18 19:28:44,222 - __main__ - INFO - ================================================================================
2026-05-18 19:28:44,223 - __main__ - INFO - 
============================================================
2026-05-18 19:28:44,223 - __main__ - INFO - HUMAN-READABLE VALIDATION (showing 3 random conversations)
2026-05-18 19:28:44,223 - __main__ - INFO - ============================================================
2026-05-18 19:28:44,223 - __main__ - INFO - Results saved to: /home/s4901673/workspace/irc-disentanglement-bert-pytorch/logs/eval_20260518_192836.log
