2026-05-10 19:56:57,655 - __main__ - INFO - ================================================================================
2026-05-10 19:56:57,655 - __main__ - INFO - IRC Conversation Disentanglement Training
2026-05-10 19:56:57,655 - __main__ - INFO - ================================================================================
2026-05-10 19:56:57,655 - __main__ - INFO - --- System Diagnostics ---
2026-05-10 19:56:57,655 - __main__ - INFO - OS: Linux 5.14.0-611.24.1.el9_7.x86_64
2026-05-10 19:56:57,655 - __main__ - INFO - Python: 3.10.20
2026-05-10 19:56:57,655 - __main__ - INFO - RAM: 2003.13 GB total, 1865.98 GB available
2026-05-10 19:56:57,672 - __main__ - INFO - GPU 0: NVIDIA H100 PCIe
2026-05-10 19:56:57,672 - __main__ - INFO -   Total Memory: 81081 MB
2026-05-10 19:56:57,673 - __main__ - INFO -   Compute Capability: 9.0
2026-05-10 19:56:57,673 - __main__ - INFO - --------------------------
2026-05-10 19:56:57,673 - __main__ - INFO - Mode: dev-only
2026-05-10 19:56:57,673 - __main__ - INFO - Device: cuda
2026-05-10 19:56:57,673 - __main__ - INFO - Model: microsoft/deberta-v3-base
2026-05-10 19:56:57,673 - __main__ - INFO - Batch size: 4
2026-05-10 19:56:57,673 - __main__ - INFO - Learning rate: 5e-05
2026-05-10 19:56:57,673 - __main__ - INFO - Epochs: 3
2026-05-10 19:56:57,673 - __main__ - INFO - Max dist: 15
2026-05-10 19:56:57,673 - __main__ - INFO - Max length: 128
2026-05-10 19:56:57,673 - __main__ - INFO - Output dir: checkpoints
2026-05-10 19:56:57,673 - __main__ - INFO - Using device: cuda
2026-05-10 19:56:57,673 - __main__ - INFO - Loading tokenizer: microsoft/deberta-v3-base
2026-05-10 19:56:57,941 - httpx - INFO - HTTP Request: HEAD https://huggingface.co/microsoft/deberta-v3-base/resolve/main/config.json "HTTP/1.1 307 Temporary Redirect"
2026-05-10 19:56:57,942 - huggingface_hub.utils._http - WARNING - Warning: You are sending unauthenticated requests to the HF Hub. Please set a HF_TOKEN to enable higher rate limits and faster downloads.
2026-05-10 19:56:57,947 - httpx - INFO - HTTP Request: HEAD https://huggingface.co/api/resolve-cache/models/microsoft/deberta-v3-base/8ccc9b6f36199bec6961081d44eb72fb3f7353f3/config.json "HTTP/1.1 200 OK"
2026-05-10 19:56:58,197 - httpx - INFO - HTTP Request: HEAD https://huggingface.co/microsoft/deberta-v3-base/resolve/main/tokenizer_config.json "HTTP/1.1 307 Temporary Redirect"
2026-05-10 19:56:58,203 - httpx - INFO - HTTP Request: HEAD https://huggingface.co/api/resolve-cache/models/microsoft/deberta-v3-base/8ccc9b6f36199bec6961081d44eb72fb3f7353f3/tokenizer_config.json "HTTP/1.1 200 OK"
2026-05-10 19:56:58,434 - httpx - INFO - HTTP Request: GET https://huggingface.co/api/models/microsoft/deberta-v3-base/tree/main/additional_chat_templates?recursive=false&expand=false "HTTP/1.1 404 Not Found"
2026-05-10 19:56:58,666 - httpx - INFO - HTTP Request: GET https://huggingface.co/api/models/microsoft/deberta-v3-base/tree/main?recursive=true&expand=false "HTTP/1.1 200 OK"
2026-05-10 19:56:59,152 - httpx - INFO - HTTP Request: GET https://huggingface.co/api/models/microsoft/deberta-v3-base "HTTP/1.1 200 OK"
2026-05-10 19:56:59,154 - __main__ - INFO - Tokenizer loaded: DebertaV2Tokenizer
2026-05-10 19:56:59,154 - __main__ - INFO - Creating dataloaders...
2026-05-10 19:56:59,155 - __main__ - ERROR - Fatal error during training:
Traceback (most recent call last):
  File "/home/s4901673/workspace/irc-disentanglement-bert-pytorch/src/train.py", line 1310, in <module>
    main()
  File "/home/s4901673/workspace/irc-disentanglement-bert-pytorch/src/train.py", line 1068, in main
    train_loader, dev_loader = create_dataloaders(args, tokenizer)
  File "/home/s4901673/workspace/irc-disentanglement-bert-pytorch/src/train.py", line 326, in create_dataloaders
    raise ValueError(f"No dev files found in {args.data_dir}")
ValueError: No dev files found in data/test
